node_modules/@types/node/http.d.ts(2092,36): error TS2792: Cannot find module 'undici-types'. Did you mean to set the 'moduleResolution' option to 'nodenext', or to add aliases to the 'paths' option?
node_modules/@types/node/http.d.ts(2096,37): error TS2792: Cannot find module 'undici-types'. Did you mean to set the 'moduleResolution' option to 'nodenext', or to add aliases to the 'paths' option?
node_modules/@types/node/http.d.ts(2100,39): error TS2792: Cannot find module 'undici-types'. Did you mean to set the 'moduleResolution' option to 'nodenext', or to add aliases to the 'paths' option?
node_modules/@types/node/web-globals/fetch.d.ts(3,25): error TS2792: Cannot find module 'undici-types'. Did you mean to set the 'moduleResolution' option to 'nodenext', or to add aliases to the 'paths' option?
node_modules/@types/node/worker_threads.d.ts(66,34): error TS2792: Cannot find module 'undici-types'. Did you mean to set the 'moduleResolution' option to 'nodenext', or to add aliases to the 'paths' option?
node_modules/@types/react/index.d.ts(7,22): error TS2792: Cannot find module 'csstype'. Did you mean to set the 'moduleResolution' option to 'nodenext', or to add aliases to the 'paths' option?
node_modules/@types/react/jsx-runtime.d.ts(1,24): error TS2792: Cannot find module './'. Did you mean to set the 'moduleResolution' option to 'nodenext', or to add aliases to the 'paths' option?
node_modules/@types/react/jsx-runtime.d.ts(2,26): error TS2792: Cannot find module './'. Did you mean to set the 'moduleResolution' option to 'nodenext', or to add aliases to the 'paths' option?
node_modules/@types/trusted-types/index.d.ts(1,22): error TS2792: Cannot find module './lib'. Did you mean to set the 'moduleResolution' option to 'nodenext', or to add aliases to the 'paths' option?
src/api/axios.ts(2,8): error TS1259: Module '"axios"' can only be default-imported using the 'allowSyntheticDefaultImports' flag
src/api/axios.ts(10,31): error TS7006: Parameter 'config' implicitly has an 'any' type.
src/api/axios.ts(35,4): error TS7006: Parameter 'response' implicitly has an 'any' type.
src/api/axios.ts(38,10): error TS7006: Parameter 'error' implicitly has an 'any' type.
src/context/AuthContext.tsx(79,11): error TS2786: 'AuthContext.Provider' cannot be used as a JSX component.
  Its return type 'ReactNode' is not a valid JSX element.
    Type 'undefined' is not assignable to type 'Element | null'.
src/main.tsx(3,8): error TS2792: Cannot find module './index.css'. Did you mean to set the 'moduleResolution' option to 'nodenext', or to add aliases to the 'paths' option?
src/main.tsx(4,17): error TS5097: An import path can only end with a '.tsx' extension when 'allowImportingTsExtensions' is enabled.
src/main.tsx(7,3): error TS2345: Argument of type 'Element' is not assignable to parameter of type 'ReactNode'.
src/main.tsx(7,4): error TS2786: 'StrictMode' cannot be used as a JSX component.
  Its return type 'ReactNode' is not a valid JSX element.
    Type 'undefined' is not assignable to type 'Element | null'.
src/presentation/components/AuthModal.tsx(13,5): error TS2339: Property 'div' does not exist on type 'JSX.IntrinsicElements'.
src/presentation/components/AuthModal.tsx(14,7): error TS2339: Property 'div' does not exist on type 'JSX.IntrinsicElements'.
src/presentation/components/AuthModal.tsx(17,9): error TS2339: Property 'button' does not exist on type 'JSX.IntrinsicElements'.
src/presentation/components/AuthModal.tsx(22,9): error TS2339: Property 'button' does not exist on type 'JSX.IntrinsicElements'.
src/presentation/components/AuthModal.tsx(25,9): error TS2339: Property 'div' does not exist on type 'JSX.IntrinsicElements'.
src/presentation/components/AuthModal.tsx(26,11): error TS2339: Property 'button' does not exist on type 'JSX.IntrinsicElements'.
src/presentation/components/AuthModal.tsx(34,11): error TS2339: Property 'button' does not exist on type 'JSX.IntrinsicElements'.
src/presentation/components/AuthModal.tsx(35,11): error TS2339: Property 'button' does not exist on type 'JSX.IntrinsicElements'.
src/presentation/components/AuthModal.tsx(43,11): error TS2339: Property 'button' does not exist on type 'JSX.IntrinsicElements'.
src/presentation/components/AuthModal.tsx(44,9): error TS2339: Property 'div' does not exist on type 'JSX.IntrinsicElements'.
src/presentation/components/AuthModal.tsx(47,9): error TS2339: Property 'div' does not exist on type 'JSX.IntrinsicElements'.
src/presentation/components/AuthModal.tsx(49,13): error TS2339: Property 'div' does not exist on type 'JSX.IntrinsicElements'.
src/presentation/components/AuthModal.tsx(51,13): error TS2339: Property 'div' does not exist on type 'JSX.IntrinsicElements'.
src/presentation/components/AuthModal.tsx(53,13): error TS2339: Property 'div' does not exist on type 'JSX.IntrinsicElements'.
src/presentation/components/AuthModal.tsx(55,13): error TS2339: Property 'div' does not exist on type 'JSX.IntrinsicElements'.
src/presentation/components/AuthModal.tsx(57,9): error TS2339: Property 'div' does not exist on type 'JSX.IntrinsicElements'.
src/presentation/components/AuthModal.tsx(58,7): error TS2339: Property 'div' does not exist on type 'JSX.IntrinsicElements'.
src/presentation/components/AuthModal.tsx(59,5): error TS2339: Property 'div' does not exist on type 'JSX.IntrinsicElements'.
src/presentation/components/ChatGrupal.tsx(2,40): error TS2792: Cannot find module 'react-router-dom'. Did you mean to set the 'moduleResolution' option to 'nodenext', or to add aliases to the 'paths' option?
src/presentation/components/ChatGrupal.tsx(9,53): error TS2792: Cannot find module 'react-icons/fa'. Did you mean to set the 'moduleResolution' option to 'nodenext', or to add aliases to the 'paths' option?
src/presentation/components/ChatGrupal.tsx(147,51): error TS1323: Dynamic imports are only supported when the '--module' flag is set to 'es2020', 'es2022', 'esnext', 'commonjs', 'amd', 'system', 'umd', 'node16', 'node18', 'node20', or 'nodenext'.
src/presentation/components/ChatGrupal.tsx(170,7): error TS2339: Property 'div' does not exist on type 'JSX.IntrinsicElements'.
src/presentation/components/ChatGrupal.tsx(171,9): error TS2339: Property 'div' does not exist on type 'JSX.IntrinsicElements'.
src/presentation/components/ChatGrupal.tsx(171,56): error TS2339: Property 'div' does not exist on type 'JSX.IntrinsicElements'.
src/presentation/components/ChatGrupal.tsx(172,7): error TS2339: Property 'div' does not exist on type 'JSX.IntrinsicElements'.
src/presentation/components/ChatGrupal.tsx(177,5): error TS2339: Property 'div' does not exist on type 'JSX.IntrinsicElements'.
src/presentation/components/ChatGrupal.tsx(179,7): error TS2339: Property 'div' does not exist on type 'JSX.IntrinsicElements'.
src/presentation/components/ChatGrupal.tsx(180,9): error TS2339: Property 'h2' does not exist on type 'JSX.IntrinsicElements'.
src/presentation/components/ChatGrupal.tsx(180,72): error TS2339: Property 'h2' does not exist on type 'JSX.IntrinsicElements'.
src/presentation/components/ChatGrupal.tsx(181,9): error TS2339: Property 'p' does not exist on type 'JSX.IntrinsicElements'.
src/presentation/components/ChatGrupal.tsx(181,61): error TS2339: Property 'p' does not exist on type 'JSX.IntrinsicElements'.
src/presentation/components/ChatGrupal.tsx(182,7): error TS2339: Property 'div' does not exist on type 'JSX.IntrinsicElements'.
src/presentation/components/ChatGrupal.tsx(185,7): error TS2339: Property 'div' does not exist on type 'JSX.IntrinsicElements'.
src/presentation/components/ChatGrupal.tsx(191,13): error TS2339: Property 'div' does not exist on type 'JSX.IntrinsicElements'.
src/presentation/components/ChatGrupal.tsx(195,15): error TS2339: Property 'div' does not exist on type 'JSX.IntrinsicElements'.
src/presentation/components/ChatGrupal.tsx(205,19): error TS2339: Property 'div' does not exist on type 'JSX.IntrinsicElements'.
src/presentation/components/ChatGrupal.tsx(207,19): error TS2339: Property 'div' does not exist on type 'JSX.IntrinsicElements'.
src/presentation/components/ChatGrupal.tsx(210,19): error TS2339: Property 'div' does not exist on type 'JSX.IntrinsicElements'.
src/presentation/components/ChatGrupal.tsx(211,21): error TS2339: Property 'span' does not exist on type 'JSX.IntrinsicElements'.
src/presentation/components/ChatGrupal.tsx(214,21): error TS2339: Property 'span' does not exist on type 'JSX.IntrinsicElements'.
src/presentation/components/ChatGrupal.tsx(216,23): error TS2339: Property 'button' does not exist on type 'JSX.IntrinsicElements'.
src/presentation/components/ChatGrupal.tsx(223,23): error TS2339: Property 'button' does not exist on type 'JSX.IntrinsicElements'.
src/presentation/components/ChatGrupal.tsx(225,19): error TS2339: Property 'div' does not exist on type 'JSX.IntrinsicElements'.
src/presentation/components/ChatGrupal.tsx(227,17): error TS2339: Property 'div' does not exist on type 'JSX.IntrinsicElements'.
src/presentation/components/ChatGrupal.tsx(227,39): error TS2339: Property 'div' does not exist on type 'JSX.IntrinsicElements'.
src/presentation/components/ChatGrupal.tsx(228,17): error TS2339: Property 'div' does not exist on type 'JSX.IntrinsicElements'.
src/presentation/components/ChatGrupal.tsx(233,17): error TS2339: Property 'div' does not exist on type 'JSX.IntrinsicElements'.
src/presentation/components/ChatGrupal.tsx(234,15): error TS2339: Property 'div' does not exist on type 'JSX.IntrinsicElements'.
src/presentation/components/ChatGrupal.tsx(235,13): error TS2339: Property 'div' does not exist on type 'JSX.IntrinsicElements'.
src/presentation/components/ChatGrupal.tsx(238,9): error TS2339: Property 'div' does not exist on type 'JSX.IntrinsicElements'.
src/presentation/components/ChatGrupal.tsx(239,7): error TS2339: Property 'div' does not exist on type 'JSX.IntrinsicElements'.
src/presentation/components/ChatGrupal.tsx(242,7): error TS2339: Property 'div' does not exist on type 'JSX.IntrinsicElements'.
src/presentation/components/ChatGrupal.tsx(244,11): error TS2339: Property 'div' does not exist on type 'JSX.IntrinsicElements'.
src/presentation/components/ChatGrupal.tsx(245,13): error TS2339: Property 'label' does not exist on type 'JSX.IntrinsicElements'.
src/presentation/components/ChatGrupal.tsx(247,13): error TS2339: Property 'label' does not exist on type 'JSX.IntrinsicElements'.
src/presentation/components/ChatGrupal.tsx(248,13): error TS2339: Property 'input' does not exist on type 'JSX.IntrinsicElements'.
src/presentation/components/ChatGrupal.tsx(251,26): error TS7006: Parameter 'e' implicitly has an 'any' type.
src/presentation/components/ChatGrupal.tsx(257,13): error TS2339: Property 'div' does not exist on type 'JSX.IntrinsicElements'.
src/presentation/components/ChatGrupal.tsx(258,15): error TS2339: Property 'button' does not exist on type 'JSX.IntrinsicElements'.
src/presentation/components/ChatGrupal.tsx(263,15): error TS2339: Property 'button' does not exist on type 'JSX.IntrinsicElements'.
src/presentation/components/ChatGrupal.tsx(264,15): error TS2339: Property 'button' does not exist on type 'JSX.IntrinsicElements'.
src/presentation/components/ChatGrupal.tsx(272,15): error TS2339: Property 'button' does not exist on type 'JSX.IntrinsicElements'.
src/presentation/components/ChatGrupal.tsx(273,13): error TS2339: Property 'div' does not exist on type 'JSX.IntrinsicElements'.
src/presentation/components/ChatGrupal.tsx(274,11): error TS2339: Property 'div' does not exist on type 'JSX.IntrinsicElements'.
src/presentation/components/ChatGrupal.tsx(277,9): error TS2339: Property 'div' does not exist on type 'JSX.IntrinsicElements'.
src/presentation/components/ChatGrupal.tsx(279,13): error TS2339: Property 'button' does not exist on type 'JSX.IntrinsicElements'.
src/presentation/components/ChatGrupal.tsx(285,13): error TS2339: Property 'button' does not exist on type 'JSX.IntrinsicElements'.
src/presentation/components/ChatGrupal.tsx(287,11): error TS2339: Property 'input' does not exist on type 'JSX.IntrinsicElements'.
src/presentation/components/ChatGrupal.tsx(290,24): error TS7006: Parameter 'e' implicitly has an 'any' type.
src/presentation/components/ChatGrupal.tsx(291,26): error TS7006: Parameter 'e' implicitly has an 'any' type.
src/presentation/components/ChatGrupal.tsx(295,11): error TS2339: Property 'button' does not exist on type 'JSX.IntrinsicElements'.
src/presentation/components/ChatGrupal.tsx(302,11): error TS2339: Property 'button' does not exist on type 'JSX.IntrinsicElements'.
src/presentation/components/ChatGrupal.tsx(303,9): error TS2339: Property 'div' does not exist on type 'JSX.IntrinsicElements'.
src/presentation/components/ChatGrupal.tsx(304,7): error TS2339: Property 'div' does not exist on type 'JSX.IntrinsicElements'.
src/presentation/components/ChatGrupal.tsx(305,5): error TS2339: Property 'div' does not exist on type 'JSX.IntrinsicElements'.
src/presentation/components/ChatPrivado.tsx(2,40): error TS2792: Cannot find module 'react-router-dom'. Did you mean to set the 'moduleResolution' option to 'nodenext', or to add aliases to the 'paths' option?
src/presentation/components/ChatPrivado.tsx(8,85): error TS2792: Cannot find module 'react-icons/fa'. Did you mean to set the 'moduleResolution' option to 'nodenext', or to add aliases to the 'paths' option?
src/presentation/components/ChatPrivado.tsx(119,57): error TS2503: Cannot find namespace 'JSX'.
src/presentation/components/ChatPrivado.tsx(142,7): error TS2339: Property 'div' does not exist on type 'JSX.IntrinsicElements'.
src/presentation/components/ChatPrivado.tsx(143,9): error TS2339: Property 'div' does not exist on type 'JSX.IntrinsicElements'.
src/presentation/components/ChatPrivado.tsx(143,56): error TS2339: Property 'div' does not exist on type 'JSX.IntrinsicElements'.
src/presentation/components/ChatPrivado.tsx(144,7): error TS2339: Property 'div' does not exist on type 'JSX.IntrinsicElements'.
src/presentation/components/ChatPrivado.tsx(151,5): error TS2339: Property 'div' does not exist on type 'JSX.IntrinsicElements'.
src/presentation/components/ChatPrivado.tsx(153,7): error TS2339: Property 'div' does not exist on type 'JSX.IntrinsicElements'.
src/presentation/components/ChatPrivado.tsx(154,9): error TS2339: Property 'div' does not exist on type 'JSX.IntrinsicElements'.
src/presentation/components/ChatPrivado.tsx(155,11): error TS2339: Property 'div' does not exist on type 'JSX.IntrinsicElements'.
src/presentation/components/ChatPrivado.tsx(156,13): error TS2339: Property 'h2' does not exist on type 'JSX.IntrinsicElements'.
src/presentation/components/ChatPrivado.tsx(156,77): error TS2339: Property 'h2' does not exist on type 'JSX.IntrinsicElements'.
src/presentation/components/ChatPrivado.tsx(157,13): error TS2339: Property 'p' does not exist on type 'JSX.IntrinsicElements'.
src/presentation/components/ChatPrivado.tsx(157,64): error TS2339: Property 'p' does not exist on type 'JSX.IntrinsicElements'.
src/presentation/components/ChatPrivado.tsx(158,11): error TS2339: Property 'div' does not exist on type 'JSX.IntrinsicElements'.
src/presentation/components/ChatPrivado.tsx(160,13): error TS2339: Property 'div' does not exist on type 'JSX.IntrinsicElements'.
src/presentation/components/ChatPrivado.tsx(162,15): error TS2339: Property 'span' does not exist on type 'JSX.IntrinsicElements'.
src/presentation/components/ChatPrivado.tsx(162,62): error TS2339: Property 'span' does not exist on type 'JSX.IntrinsicElements'.
src/presentation/components/ChatPrivado.tsx(163,13): error TS2339: Property 'div' does not exist on type 'JSX.IntrinsicElements'.
src/presentation/components/ChatPrivado.tsx(165,9): error TS2339: Property 'div' does not exist on type 'JSX.IntrinsicElements'.
src/presentation/components/ChatPrivado.tsx(169,11): error TS2339: Property 'div' does not exist on type 'JSX.IntrinsicElements'.
src/presentation/components/ChatPrivado.tsx(171,15): error TS2339: Property 'button' does not exist on type 'JSX.IntrinsicElements'.
src/presentation/components/ChatPrivado.tsx(177,15): error TS2339: Property 'button' does not exist on type 'JSX.IntrinsicElements'.
src/presentation/components/ChatPrivado.tsx(180,15): error TS2339: Property 'button' does not exist on type 'JSX.IntrinsicElements'.
src/presentation/components/ChatPrivado.tsx(186,15): error TS2339: Property 'button' does not exist on type 'JSX.IntrinsicElements'.
src/presentation/components/ChatPrivado.tsx(188,11): error TS2339: Property 'div' does not exist on type 'JSX.IntrinsicElements'.
src/presentation/components/ChatPrivado.tsx(193,11): error TS2339: Property 'div' does not exist on type 'JSX.IntrinsicElements'.
src/presentation/components/ChatPrivado.tsx(195,15): error TS2339: Property 'button' does not exist on type 'JSX.IntrinsicElements'.
src/presentation/components/ChatPrivado.tsx(201,15): error TS2339: Property 'button' does not exist on type 'JSX.IntrinsicElements'.
src/presentation/components/ChatPrivado.tsx(204,15): error TS2339: Property 'button' does not exist on type 'JSX.IntrinsicElements'.
src/presentation/components/ChatPrivado.tsx(210,15): error TS2339: Property 'button' does not exist on type 'JSX.IntrinsicElements'.
src/presentation/components/ChatPrivado.tsx(212,11): error TS2339: Property 'div' does not exist on type 'JSX.IntrinsicElements'.
src/presentation/components/ChatPrivado.tsx(214,7): error TS2339: Property 'div' does not exist on type 'JSX.IntrinsicElements'.
src/presentation/components/ChatPrivado.tsx(217,7): error TS2339: Property 'div' does not exist on type 'JSX.IntrinsicElements'.
src/presentation/components/ChatPrivado.tsx(222,13): error TS2339: Property 'div' does not exist on type 'JSX.IntrinsicElements'.
src/presentation/components/ChatPrivado.tsx(223,15): error TS2339: Property 'div' does not exist on type 'JSX.IntrinsicElements'.
src/presentation/components/ChatPrivado.tsx(228,19): error TS2339: Property 'div' does not exist on type 'JSX.IntrinsicElements'.
src/presentation/components/ChatPrivado.tsx(230,19): error TS2339: Property 'div' does not exist on type 'JSX.IntrinsicElements'.
src/presentation/components/ChatPrivado.tsx(232,17): error TS2339: Property 'div' does not exist on type 'JSX.IntrinsicElements'.
src/presentation/components/ChatPrivado.tsx(232,39): error TS2339: Property 'div' does not exist on type 'JSX.IntrinsicElements'.
src/presentation/components/ChatPrivado.tsx(233,17): error TS2339: Property 'div' does not exist on type 'JSX.IntrinsicElements'.
src/presentation/components/ChatPrivado.tsx(238,17): error TS2339: Property 'div' does not exist on type 'JSX.IntrinsicElements'.
src/presentation/components/ChatPrivado.tsx(239,15): error TS2339: Property 'div' does not exist on type 'JSX.IntrinsicElements'.
src/presentation/components/ChatPrivado.tsx(240,13): error TS2339: Property 'div' does not exist on type 'JSX.IntrinsicElements'.
src/presentation/components/ChatPrivado.tsx(243,9): error TS2339: Property 'div' does not exist on type 'JSX.IntrinsicElements'.
src/presentation/components/ChatPrivado.tsx(244,7): error TS2339: Property 'div' does not exist on type 'JSX.IntrinsicElements'.
src/presentation/components/ChatPrivado.tsx(247,7): error TS2339: Property 'div' does not exist on type 'JSX.IntrinsicElements'.
src/presentation/components/ChatPrivado.tsx(248,9): error TS2339: Property 'div' does not exist on type 'JSX.IntrinsicElements'.
src/presentation/components/ChatPrivado.tsx(249,11): error TS2339: Property 'input' does not exist on type 'JSX.IntrinsicElements'.
src/presentation/components/ChatPrivado.tsx(252,24): error TS7006: Parameter 'e' implicitly has an 'any' type.
src/presentation/components/ChatPrivado.tsx(253,26): error TS7006: Parameter 'e' implicitly has an 'any' type.
src/presentation/components/ChatPrivado.tsx(257,11): error TS2339: Property 'button' does not exist on type 'JSX.IntrinsicElements'.
src/presentation/components/ChatPrivado.tsx(264,11): error TS2339: Property 'button' does not exist on type 'JSX.IntrinsicElements'.
src/presentation/components/ChatPrivado.tsx(265,9): error TS2339: Property 'div' does not exist on type 'JSX.IntrinsicElements'.
src/presentation/components/ChatPrivado.tsx(266,7): error TS2339: Property 'div' does not exist on type 'JSX.IntrinsicElements'.
src/presentation/components/ChatPrivado.tsx(267,5): error TS2339: Property 'div' does not exist on type 'JSX.IntrinsicElements'.
src/presentation/components/FeatureCard.tsx(10,5): error TS2339: Property 'div' does not exist on type 'JSX.IntrinsicElements'.
src/presentation/components/FeatureCard.tsx(11,7): error TS2339: Property 'div' does not exist on type 'JSX.IntrinsicElements'.
src/presentation/components/FeatureCard.tsx(11,58): error TS2339: Property 'div' does not exist on type 'JSX.IntrinsicElements'.
src/presentation/components/FeatureCard.tsx(12,7): error TS2339: Property 'h4' does not exist on type 'JSX.IntrinsicElements'.
src/presentation/components/FeatureCard.tsx(12,63): error TS2339: Property 'h4' does not exist on type 'JSX.IntrinsicElements'.
src/presentation/components/FeatureCard.tsx(13,7): error TS2339: Property 'p' does not exist on type 'JSX.IntrinsicElements'.
src/presentation/components/FeatureCard.tsx(13,57): error TS2339: Property 'p' does not exist on type 'JSX.IntrinsicElements'.
src/presentation/components/FeatureCard.tsx(14,5): error TS2339: Property 'div' does not exist on type 'JSX.IntrinsicElements'.
src/presentation/components/Footer.tsx(3,5): error TS2339: Property 'footer' does not exist on type 'JSX.IntrinsicElements'.
src/presentation/components/Footer.tsx(4,7): error TS2339: Property 'div' does not exist on type 'JSX.IntrinsicElements'.
src/presentation/components/Footer.tsx(7,9): error TS2339: Property 'div' does not exist on type 'JSX.IntrinsicElements'.
src/presentation/components/Footer.tsx(8,11): error TS2339: Property 'h3' does not exist on type 'JSX.IntrinsicElements'.
src/presentation/components/Footer.tsx(10,11): error TS2339: Property 'h3' does not exist on type 'JSX.IntrinsicElements'.
src/presentation/components/Footer.tsx(11,11): error TS2339: Property 'p' does not exist on type 'JSX.IntrinsicElements'.
src/presentation/components/Footer.tsx(12,50): error TS2339: Property 'span' does not exist on type 'JSX.IntrinsicElements'.
src/presentation/components/Footer.tsx(12,114): error TS2339: Property 'span' does not exist on type 'JSX.IntrinsicElements'.
src/presentation/components/Footer.tsx(13,13): error TS2339: Property 'span' does not exist on type 'JSX.IntrinsicElements'.
src/presentation/components/Footer.tsx(13,83): error TS2339: Property 'span' does not exist on type 'JSX.IntrinsicElements'.
src/presentation/components/Footer.tsx(15,11): error TS2339: Property 'p' does not exist on type 'JSX.IntrinsicElements'.
src/presentation/components/Footer.tsx(16,9): error TS2339: Property 'div' does not exist on type 'JSX.IntrinsicElements'.
src/presentation/components/Footer.tsx(19,9): error TS2339: Property 'div' does not exist on type 'JSX.IntrinsicElements'.
src/presentation/components/Footer.tsx(20,11): error TS2339: Property 'h3' does not exist on type 'JSX.IntrinsicElements'.
src/presentation/components/Footer.tsx(20,67): error TS2339: Property 'h3' does not exist on type 'JSX.IntrinsicElements'.
src/presentation/components/Footer.tsx(21,11): error TS2339: Property 'ul' does not exist on type 'JSX.IntrinsicElements'.
src/presentation/components/Footer.tsx(22,13): error TS2339: Property 'li' does not exist on type 'JSX.IntrinsicElements'.
src/presentation/components/Footer.tsx(22,17): error TS2339: Property 'a' does not exist on type 'JSX.IntrinsicElements'.
src/presentation/components/Footer.tsx(22,80): error TS2339: Property 'a' does not exist on type 'JSX.IntrinsicElements'.
src/presentation/components/Footer.tsx(22,84): error TS2339: Property 'li' does not exist on type 'JSX.IntrinsicElements'.
src/presentation/components/Footer.tsx(23,13): error TS2339: Property 'li' does not exist on type 'JSX.IntrinsicElements'.
src/presentation/components/Footer.tsx(23,17): error TS2339: Property 'a' does not exist on type 'JSX.IntrinsicElements'.
src/presentation/components/Footer.tsx(23,92): error TS2339: Property 'a' does not exist on type 'JSX.IntrinsicElements'.
src/presentation/components/Footer.tsx(23,96): error TS2339: Property 'li' does not exist on type 'JSX.IntrinsicElements'.
src/presentation/components/Footer.tsx(24,13): error TS2339: Property 'li' does not exist on type 'JSX.IntrinsicElements'.
src/presentation/components/Footer.tsx(24,17): error TS2339: Property 'a' does not exist on type 'JSX.IntrinsicElements'.
src/presentation/components/Footer.tsx(24,82): error TS2339: Property 'a' does not exist on type 'JSX.IntrinsicElements'.
src/presentation/components/Footer.tsx(24,86): error TS2339: Property 'li' does not exist on type 'JSX.IntrinsicElements'.
src/presentation/components/Footer.tsx(25,13): error TS2339: Property 'li' does not exist on type 'JSX.IntrinsicElements'.
src/presentation/components/Footer.tsx(25,17): error TS2339: Property 'a' does not exist on type 'JSX.IntrinsicElements'.
src/presentation/components/Footer.tsx(25,94): error TS2339: Property 'a' does not exist on type 'JSX.IntrinsicElements'.
src/presentation/components/Footer.tsx(25,98): error TS2339: Property 'li' does not exist on type 'JSX.IntrinsicElements'.
src/presentation/components/Footer.tsx(26,13): error TS2339: Property 'li' does not exist on type 'JSX.IntrinsicElements'.
src/presentation/components/Footer.tsx(26,17): error TS2339: Property 'a' does not exist on type 'JSX.IntrinsicElements'.
src/presentation/components/Footer.tsx(26,94): error TS2339: Property 'a' does not exist on type 'JSX.IntrinsicElements'.
src/presentation/components/Footer.tsx(26,98): error TS2339: Property 'li' does not exist on type 'JSX.IntrinsicElements'.
src/presentation/components/Footer.tsx(27,11): error TS2339: Property 'ul' does not exist on type 'JSX.IntrinsicElements'.
src/presentation/components/Footer.tsx(28,9): error TS2339: Property 'div' does not exist on type 'JSX.IntrinsicElements'.
src/presentation/components/Footer.tsx(31,9): error TS2339: Property 'div' does not exist on type 'JSX.IntrinsicElements'.
src/presentation/components/Footer.tsx(32,11): error TS2339: Property 'h3' does not exist on type 'JSX.IntrinsicElements'.
src/presentation/components/Footer.tsx(32,68): error TS2339: Property 'h3' does not exist on type 'JSX.IntrinsicElements'.
src/presentation/components/Footer.tsx(33,11): error TS2339: Property 'ul' does not exist on type 'JSX.IntrinsicElements'.
src/presentation/components/Footer.tsx(34,13): error TS2339: Property 'li' does not exist on type 'JSX.IntrinsicElements'.
src/presentation/components/Footer.tsx(34,116): error TS2339: Property 'li' does not exist on type 'JSX.IntrinsicElements'.
src/presentation/components/Footer.tsx(35,13): error TS2339: Property 'li' does not exist on type 'JSX.IntrinsicElements'.
src/presentation/components/Footer.tsx(35,119): error TS2339: Property 'li' does not exist on type 'JSX.IntrinsicElements'.
src/presentation/components/Footer.tsx(36,13): error TS2339: Property 'li' does not exist on type 'JSX.IntrinsicElements'.
src/presentation/components/Footer.tsx(36,106): error TS2339: Property 'li' does not exist on type 'JSX.IntrinsicElements'.
src/presentation/components/Footer.tsx(37,13): error TS2339: Property 'li' does not exist on type 'JSX.IntrinsicElements'.
src/presentation/components/Footer.tsx(37,101): error TS2339: Property 'li' does not exist on type 'JSX.IntrinsicElements'.
src/presentation/components/Footer.tsx(38,13): error TS2339: Property 'li' does not exist on type 'JSX.IntrinsicElements'.
src/presentation/components/Footer.tsx(38,101): error TS2339: Property 'li' does not exist on type 'JSX.IntrinsicElements'.
src/presentation/components/Footer.tsx(39,11): error TS2339: Property 'ul' does not exist on type 'JSX.IntrinsicElements'.
src/presentation/components/Footer.tsx(40,9): error TS2339: Property 'div' does not exist on type 'JSX.IntrinsicElements'.
src/presentation/components/Footer.tsx(43,9): error TS2339: Property 'div' does not exist on type 'JSX.IntrinsicElements'.
src/presentation/components/Footer.tsx(44,11): error TS2339: Property 'h3' does not exist on type 'JSX.IntrinsicElements'.
src/presentation/components/Footer.tsx(44,65): error TS2339: Property 'h3' does not exist on type 'JSX.IntrinsicElements'.
src/presentation/components/Footer.tsx(45,11): error TS2339: Property 'p' does not exist on type 'JSX.IntrinsicElements'.
src/presentation/components/Footer.tsx(45,78): error TS2339: Property 'p' does not exist on type 'JSX.IntrinsicElements'.
src/presentation/components/Footer.tsx(46,11): error TS2339: Property 'p' does not exist on type 'JSX.IntrinsicElements'.
src/presentation/components/Footer.tsx(46,84): error TS2339: Property 'p' does not exist on type 'JSX.IntrinsicElements'.
src/presentation/components/Footer.tsx(47,11): error TS2339: Property 'p' does not exist on type 'JSX.IntrinsicElements'.
src/presentation/components/Footer.tsx(48,34): error TS2339: Property 'br' does not exist on type 'JSX.IntrinsicElements'.
src/presentation/components/Footer.tsx(49,13): error TS2339: Property 'span' does not exist on type 'JSX.IntrinsicElements'.
src/presentation/components/Footer.tsx(49,70): error TS2339: Property 'span' does not exist on type 'JSX.IntrinsicElements'.
src/presentation/components/Footer.tsx(50,11): error TS2339: Property 'p' does not exist on type 'JSX.IntrinsicElements'.
src/presentation/components/Footer.tsx(51,9): error TS2339: Property 'div' does not exist on type 'JSX.IntrinsicElements'.
src/presentation/components/Footer.tsx(52,7): error TS2339: Property 'div' does not exist on type 'JSX.IntrinsicElements'.
src/presentation/components/Footer.tsx(54,7): error TS2339: Property 'div' does not exist on type 'JSX.IntrinsicElements'.
src/presentation/components/Footer.tsx(56,7): error TS2339: Property 'div' does not exist on type 'JSX.IntrinsicElements'.
src/presentation/components/Footer.tsx(57,5): error TS2339: Property 'footer' does not exist on type 'JSX.IntrinsicElements'.
src/presentation/components/Header.tsx(1,22): error TS2792: Cannot find module '/vite.svg'. Did you mean to set the 'moduleResolution' option to 'nodenext', or to add aliases to the 'paths' option?
src/presentation/components/Header.tsx(5,5): error TS2339: Property 'header' does not exist on type 'JSX.IntrinsicElements'.
src/presentation/components/Header.tsx(6,7): error TS2339: Property 'div' does not exist on type 'JSX.IntrinsicElements'.
src/presentation/components/Header.tsx(9,9): error TS2339: Property 'div' does not exist on type 'JSX.IntrinsicElements'.
src/presentation/components/Header.tsx(10,11): error TS2339: Property 'img' does not exist on type 'JSX.IntrinsicElements'.
src/presentation/components/Header.tsx(15,11): error TS2339: Property 'h1' does not exist on type 'JSX.IntrinsicElements'.
src/presentation/components/Header.tsx(17,11): error TS2339: Property 'h1' does not exist on type 'JSX.IntrinsicElements'.
src/presentation/components/Header.tsx(18,9): error TS2339: Property 'div' does not exist on type 'JSX.IntrinsicElements'.
src/presentation/components/Header.tsx(24,9): error TS2339: Property 'div' does not exist on type 'JSX.IntrinsicElements'.
src/presentation/components/Header.tsx(25,11): error TS2339: Property 'button' does not exist on type 'JSX.IntrinsicElements'.
src/presentation/components/Header.tsx(27,11): error TS2339: Property 'button' does not exist on type 'JSX.IntrinsicElements'.
src/presentation/components/Header.tsx(29,11): error TS2339: Property 'button' does not exist on type 'JSX.IntrinsicElements'.
src/presentation/components/Header.tsx(31,11): error TS2339: Property 'button' does not exist on type 'JSX.IntrinsicElements'.
src/presentation/components/Header.tsx(33,11): error TS2339: Property 'button' does not exist on type 'JSX.IntrinsicElements'.
src/presentation/components/Header.tsx(35,11): error TS2339: Property 'button' does not exist on type 'JSX.IntrinsicElements'.
src/presentation/components/Header.tsx(36,9): error TS2339: Property 'div' does not exist on type 'JSX.IntrinsicElements'.
src/presentation/components/Header.tsx(37,7): error TS2339: Property 'div' does not exist on type 'JSX.IntrinsicElements'.
src/presentation/components/Header.tsx(38,5): error TS2339: Property 'header' does not exist on type 'JSX.IntrinsicElements'.
src/presentation/components/Notificaciones.tsx(4,42): error TS2792: Cannot find module 'react-icons/fa'. Did you mean to set the 'moduleResolution' option to 'nodenext', or to add aliases to the 'paths' option?
src/presentation/components/Notificaciones.tsx(74,5): error TS2339: Property 'div' does not exist on type 'JSX.IntrinsicElements'.
src/presentation/components/Notificaciones.tsx(75,7): error TS2339: Property 'button' does not exist on type 'JSX.IntrinsicElements'.
src/presentation/components/Notificaciones.tsx(81,11): error TS2339: Property 'span' does not exist on type 'JSX.IntrinsicElements'.
src/presentation/components/Notificaciones.tsx(83,11): error TS2339: Property 'span' does not exist on type 'JSX.IntrinsicElements'.
src/presentation/components/Notificaciones.tsx(85,7): error TS2339: Property 'button' does not exist on type 'JSX.IntrinsicElements'.
src/presentation/components/Notificaciones.tsx(88,9): error TS2339: Property 'div' does not exist on type 'JSX.IntrinsicElements'.
src/presentation/components/Notificaciones.tsx(89,11): error TS2339: Property 'div' does not exist on type 'JSX.IntrinsicElements'.
src/presentation/components/Notificaciones.tsx(90,13): error TS2339: Property 'h3' does not exist on type 'JSX.IntrinsicElements'.
src/presentation/components/Notificaciones.tsx(90,71): error TS2339: Property 'h3' does not exist on type 'JSX.IntrinsicElements'.
src/presentation/components/Notificaciones.tsx(92,15): error TS2339: Property 'span' does not exist on type 'JSX.IntrinsicElements'.
src/presentation/components/Notificaciones.tsx(92,75): error TS2339: Property 'span' does not exist on type 'JSX.IntrinsicElements'.
src/presentation/components/Notificaciones.tsx(94,11): error TS2339: Property 'div' does not exist on type 'JSX.IntrinsicElements'.
src/presentation/components/Notificaciones.tsx(97,13): error TS2339: Property 'div' does not exist on type 'JSX.IntrinsicElements'.
src/presentation/components/Notificaciones.tsx(97,71): error TS2339: Property 'div' does not exist on type 'JSX.IntrinsicElements'.
src/presentation/components/Notificaciones.tsx(99,13): error TS2339: Property 'div' does not exist on type 'JSX.IntrinsicElements'.
src/presentation/components/Notificaciones.tsx(99,81): error TS2339: Property 'div' does not exist on type 'JSX.IntrinsicElements'.
src/presentation/components/Notificaciones.tsx(101,13): error TS2339: Property 'div' does not exist on type 'JSX.IntrinsicElements'.
src/presentation/components/Notificaciones.tsx(103,17): error TS2339: Property 'div' does not exist on type 'JSX.IntrinsicElements'.
src/presentation/components/Notificaciones.tsx(108,19): error TS2339: Property 'div' does not exist on type 'JSX.IntrinsicElements'.
src/presentation/components/Notificaciones.tsx(109,21): error TS2339: Property 'div' does not exist on type 'JSX.IntrinsicElements'.
src/presentation/components/Notificaciones.tsx(110,23): error TS2339: Property 'h4' does not exist on type 'JSX.IntrinsicElements'.
src/presentation/components/Notificaciones.tsx(110,86): error TS2339: Property 'h4' does not exist on type 'JSX.IntrinsicElements'.
src/presentation/components/Notificaciones.tsx(111,23): error TS2339: Property 'p' does not exist on type 'JSX.IntrinsicElements'.
src/presentation/components/Notificaciones.tsx(111,86): error TS2339: Property 'p' does not exist on type 'JSX.IntrinsicElements'.
src/presentation/components/Notificaciones.tsx(112,23): error TS2339: Property 'p' does not exist on type 'JSX.IntrinsicElements'.
src/presentation/components/Notificaciones.tsx(114,23): error TS2339: Property 'p' does not exist on type 'JSX.IntrinsicElements'.
src/presentation/components/Notificaciones.tsx(115,21): error TS2339: Property 'div' does not exist on type 'JSX.IntrinsicElements'.
src/presentation/components/Notificaciones.tsx(116,21): error TS2339: Property 'div' does not exist on type 'JSX.IntrinsicElements'.
src/presentation/components/Notificaciones.tsx(118,25): error TS2339: Property 'button' does not exist on type 'JSX.IntrinsicElements'.
src/presentation/components/Notificaciones.tsx(124,25): error TS2339: Property 'button' does not exist on type 'JSX.IntrinsicElements'.
src/presentation/components/Notificaciones.tsx(126,23): error TS2339: Property 'button' does not exist on type 'JSX.IntrinsicElements'.
src/presentation/components/Notificaciones.tsx(132,23): error TS2339: Property 'button' does not exist on type 'JSX.IntrinsicElements'.
src/presentation/components/Notificaciones.tsx(133,21): error TS2339: Property 'div' does not exist on type 'JSX.IntrinsicElements'.
src/presentation/components/Notificaciones.tsx(134,19): error TS2339: Property 'div' does not exist on type 'JSX.IntrinsicElements'.
src/presentation/components/Notificaciones.tsx(135,17): error TS2339: Property 'div' does not exist on type 'JSX.IntrinsicElements'.
src/presentation/components/Notificaciones.tsx(137,13): error TS2339: Property 'div' does not exist on type 'JSX.IntrinsicElements'.
src/presentation/components/Notificaciones.tsx(139,9): error TS2339: Property 'div' does not exist on type 'JSX.IntrinsicElements'.
src/presentation/components/Notificaciones.tsx(141,5): error TS2339: Property 'div' does not exist on type 'JSX.IntrinsicElements'.
src/presentation/layouts/AdminLayout.tsx(1,24): error TS2792: Cannot find module 'react-router-dom'. Did you mean to set the 'moduleResolution' option to 'nodenext', or to add aliases to the 'paths' option?
src/presentation/layouts/AdminLayout.tsx(4,14): error TS2322: Type '() => JSX.Element' is not assignable to type 'FC<{}>'.
  Type 'Element' is not assignable to type 'ReactNode | Promise<ReactNode>'.
src/presentation/layouts/AdminLayout.tsx(6,5): error TS2339: Property 'div' does not exist on type 'JSX.IntrinsicElements'.
src/presentation/layouts/AdminLayout.tsx(7,7): error TS2339: Property 'div' does not exist on type 'JSX.IntrinsicElements'.
src/presentation/layouts/AdminLayout.tsx(8,10): error TS2786: 'Sidebar' cannot be used as a JSX component.
  Its return type 'ReactNode | Promise<ReactNode>' is not a valid JSX element.
    Type 'undefined' is not assignable to type 'Element | null'.
src/presentation/layouts/AdminLayout.tsx(9,9): error TS2339: Property 'main' does not exist on type 'JSX.IntrinsicElements'.
src/presentation/layouts/AdminLayout.tsx(10,11): error TS2339: Property 'div' does not exist on type 'JSX.IntrinsicElements'.
src/presentation/layouts/AdminLayout.tsx(15,11): error TS2339: Property 'div' does not exist on type 'JSX.IntrinsicElements'.
src/presentation/layouts/AdminLayout.tsx(16,9): error TS2339: Property 'main' does not exist on type 'JSX.IntrinsicElements'.
src/presentation/layouts/AdminLayout.tsx(17,7): error TS2339: Property 'div' does not exist on type 'JSX.IntrinsicElements'.
src/presentation/layouts/AdminLayout.tsx(18,5): error TS2339: Property 'div' does not exist on type 'JSX.IntrinsicElements'.
src/presentation/layouts/ClienteLayout.tsx(1,43): error TS2792: Cannot find module 'react-router-dom'. Did you mean to set the 'moduleResolution' option to 'nodenext', or to add aliases to the 'paths' option?
src/presentation/layouts/ClienteLayout.tsx(4,58): error TS2792: Cannot find module 'react-icons/fa'. Did you mean to set the 'moduleResolution' option to 'nodenext', or to add aliases to the 'paths' option?
src/presentation/layouts/ClienteLayout.tsx(6,14): error TS2322: Type '() => JSX.Element' is not assignable to type 'FC<{}>'.
  Type 'Element' is not assignable to type 'ReactNode | Promise<ReactNode>'.
src/presentation/layouts/ClienteLayout.tsx(16,5): error TS2339: Property 'div' does not exist on type 'JSX.IntrinsicElements'.
src/presentation/layouts/ClienteLayout.tsx(18,7): error TS2339: Property 'header' does not exist on type 'JSX.IntrinsicElements'.
src/presentation/layouts/ClienteLayout.tsx(19,9): error TS2339: Property 'div' does not exist on type 'JSX.IntrinsicElements'.
src/presentation/layouts/ClienteLayout.tsx(20,11): error TS2339: Property 'div' does not exist on type 'JSX.IntrinsicElements'.
src/presentation/layouts/ClienteLayout.tsx(21,13): error TS2339: Property 'div' does not exist on type 'JSX.IntrinsicElements'.
src/presentation/layouts/ClienteLayout.tsx(22,15): error TS2339: Property 'h1' does not exist on type 'JSX.IntrinsicElements'.
src/presentation/layouts/ClienteLayout.tsx(22,78): error TS2339: Property 'h1' does not exist on type 'JSX.IntrinsicElements'.
src/presentation/layouts/ClienteLayout.tsx(23,13): error TS2339: Property 'div' does not exist on type 'JSX.IntrinsicElements'.
src/presentation/layouts/ClienteLayout.tsx(24,13): error TS2339: Property 'div' does not exist on type 'JSX.IntrinsicElements'.
src/presentation/layouts/ClienteLayout.tsx(26,15): error TS2339: Property 'span' does not exist on type 'JSX.IntrinsicElements'.
src/presentation/layouts/ClienteLayout.tsx(26,78): error TS2339: Property 'span' does not exist on type 'JSX.IntrinsicElements'.
src/presentation/layouts/ClienteLayout.tsx(27,15): error TS2339: Property 'button' does not exist on type 'JSX.IntrinsicElements'.
src/presentation/layouts/ClienteLayout.tsx(32,15): error TS2339: Property 'button' does not exist on type 'JSX.IntrinsicElements'.
src/presentation/layouts/ClienteLayout.tsx(33,13): error TS2339: Property 'div' does not exist on type 'JSX.IntrinsicElements'.
src/presentation/layouts/ClienteLayout.tsx(34,11): error TS2339: Property 'div' does not exist on type 'JSX.IntrinsicElements'.
src/presentation/layouts/ClienteLayout.tsx(35,9): error TS2339: Property 'div' does not exist on type 'JSX.IntrinsicElements'.
src/presentation/layouts/ClienteLayout.tsx(36,7): error TS2339: Property 'header' does not exist on type 'JSX.IntrinsicElements'.
src/presentation/layouts/ClienteLayout.tsx(39,7): error TS2339: Property 'nav' does not exist on type 'JSX.IntrinsicElements'.
src/presentation/layouts/ClienteLayout.tsx(40,9): error TS2339: Property 'div' does not exist on type 'JSX.IntrinsicElements'.
src/presentation/layouts/ClienteLayout.tsx(41,11): error TS2339: Property 'div' does not exist on type 'JSX.IntrinsicElements'.
src/presentation/layouts/ClienteLayout.tsx(77,11): error TS2339: Property 'div' does not exist on type 'JSX.IntrinsicElements'.
src/presentation/layouts/ClienteLayout.tsx(78,9): error TS2339: Property 'div' does not exist on type 'JSX.IntrinsicElements'.
src/presentation/layouts/ClienteLayout.tsx(79,7): error TS2339: Property 'nav' does not exist on type 'JSX.IntrinsicElements'.
src/presentation/layouts/ClienteLayout.tsx(82,7): error TS2339: Property 'main' does not exist on type 'JSX.IntrinsicElements'.
src/presentation/layouts/ClienteLayout.tsx(84,7): error TS2339: Property 'main' does not exist on type 'JSX.IntrinsicElements'.
src/presentation/layouts/ClienteLayout.tsx(85,5): error TS2339: Property 'div' does not exist on type 'JSX.IntrinsicElements'.
src/presentation/layouts/components/Sidebar.tsx(2,19): error TS6133: 'Link' is declared but its value is never read.
src/presentation/layouts/components/Sidebar.tsx(2,58): error TS2792: Cannot find module 'react-router-dom'. Did you mean to set the 'moduleResolution' option to 'nodenext', or to add aliases to the 'paths' option?
src/presentation/layouts/components/Sidebar.tsx(7,3): error TS6133: 'FaCog' is declared but its value is never read.
src/presentation/layouts/components/Sidebar.tsx(8,8): error TS2792: Cannot find module 'react-icons/fa'. Did you mean to set the 'moduleResolution' option to 'nodenext', or to add aliases to the 'paths' option?
src/presentation/layouts/components/Sidebar.tsx(20,14): error TS2322: Type '() => JSX.Element' is not assignable to type 'FC<{}>'.
  Type 'Element' is not assignable to type 'ReactNode | Promise<ReactNode>'.
src/presentation/layouts/components/Sidebar.tsx(40,5): error TS2339: Property 'aside' does not exist on type 'JSX.IntrinsicElements'.
src/presentation/layouts/components/Sidebar.tsx(53,7): error TS2339: Property 'button' does not exist on type 'JSX.IntrinsicElements'.
src/presentation/layouts/components/Sidebar.tsx(64,7): error TS2339: Property 'button' does not exist on type 'JSX.IntrinsicElements'.
src/presentation/layouts/components/Sidebar.tsx(67,7): error TS2339: Property 'div' does not exist on type 'JSX.IntrinsicElements'.
src/presentation/layouts/components/Sidebar.tsx(68,9): error TS2339: Property 'h1' does not exist on type 'JSX.IntrinsicElements'.
src/presentation/layouts/components/Sidebar.tsx(70,9): error TS2339: Property 'h1' does not exist on type 'JSX.IntrinsicElements'.
src/presentation/layouts/components/Sidebar.tsx(71,7): error TS2339: Property 'div' does not exist on type 'JSX.IntrinsicElements'.
src/presentation/layouts/components/Sidebar.tsx(74,7): error TS2339: Property 'div' does not exist on type 'JSX.IntrinsicElements'.
src/presentation/layouts/components/Sidebar.tsx(78,13): error TS2339: Property 'div' does not exist on type 'JSX.IntrinsicElements'.
src/presentation/layouts/components/Sidebar.tsx(79,15): error TS2339: Property 'button' does not exist on type 'JSX.IntrinsicElements'.
src/presentation/layouts/components/Sidebar.tsx(89,17): error TS2339: Property 'span' does not exist on type 'JSX.IntrinsicElements'.
src/presentation/layouts/components/Sidebar.tsx(90,19): error TS2339: Property 'span' does not exist on type 'JSX.IntrinsicElements'.
src/presentation/layouts/components/Sidebar.tsx(90,55): error TS2339: Property 'span' does not exist on type 'JSX.IntrinsicElements'.
src/presentation/layouts/components/Sidebar.tsx(92,17): error TS2339: Property 'span' does not exist on type 'JSX.IntrinsicElements'.
src/presentation/layouts/components/Sidebar.tsx(101,15): error TS2339: Property 'button' does not exist on type 'JSX.IntrinsicElements'.
src/presentation/layouts/components/Sidebar.tsx(103,15): error TS2339: Property 'div' does not exist on type 'JSX.IntrinsicElements'.
src/presentation/layouts/components/Sidebar.tsx(109,17): error TS2339: Property 'div' does not exist on type 'JSX.IntrinsicElements'.
src/presentation/layouts/components/Sidebar.tsx(110,19): error TS2339: Property 'ul' does not exist on type 'JSX.IntrinsicElements'.
src/presentation/layouts/components/Sidebar.tsx(112,23): error TS2339: Property 'li' does not exist on type 'JSX.IntrinsicElements'.
src/presentation/layouts/components/Sidebar.tsx(115,41): error TS7031: Binding element 'isActive' implicitly has an 'any' type.
src/presentation/layouts/components/Sidebar.tsx(127,27): error TS2339: Property 'span' does not exist on type 'JSX.IntrinsicElements'.
src/presentation/layouts/components/Sidebar.tsx(128,27): error TS2339: Property 'span' does not exist on type 'JSX.IntrinsicElements'.
src/presentation/layouts/components/Sidebar.tsx(130,27): error TS2339: Property 'span' does not exist on type 'JSX.IntrinsicElements'.
src/presentation/layouts/components/Sidebar.tsx(132,23): error TS2339: Property 'li' does not exist on type 'JSX.IntrinsicElements'.
src/presentation/layouts/components/Sidebar.tsx(134,19): error TS2339: Property 'ul' does not exist on type 'JSX.IntrinsicElements'.
src/presentation/layouts/components/Sidebar.tsx(135,17): error TS2339: Property 'div' does not exist on type 'JSX.IntrinsicElements'.
src/presentation/layouts/components/Sidebar.tsx(136,15): error TS2339: Property 'div' does not exist on type 'JSX.IntrinsicElements'.
src/presentation/layouts/components/Sidebar.tsx(137,13): error TS2339: Property 'div' does not exist on type 'JSX.IntrinsicElements'.
src/presentation/layouts/components/Sidebar.tsx(146,9): error TS2339: Property 'button' does not exist on type 'JSX.IntrinsicElements'.
src/presentation/layouts/components/Sidebar.tsx(158,9): error TS2339: Property 'button' does not exist on type 'JSX.IntrinsicElements'.
src/presentation/layouts/components/Sidebar.tsx(160,7): error TS2339: Property 'div' does not exist on type 'JSX.IntrinsicElements'.
src/presentation/layouts/components/Sidebar.tsx(161,5): error TS2339: Property 'aside' does not exist on type 'JSX.IntrinsicElements'.
src/presentation/layouts/components/SidebarData.tsx(2,23): error TS2792: Cannot find module 'react-icons/fa'. Did you mean to set the 'moduleResolution' option to 'nodenext', or to add aliases to the 'paths' option?
src/presentation/layouts/components/SidebarData.tsx(15,5): error TS2322: Type 'Element' is not assignable to type 'ReactNode'.
src/presentation/layouts/components/SidebarData.tsx(26,5): error TS2322: Type 'Element' is not assignable to type 'ReactNode'.
src/presentation/layouts/components/SidebarData.tsx(38,5): error TS2322: Type 'Element' is not assignable to type 'ReactNode'.
src/presentation/layouts/components/SidebarData.tsx(48,5): error TS2322: Type 'Element' is not assignable to type 'ReactNode'.
src/presentation/layouts/components/SidebarData.tsx(58,5): error TS2322: Type 'Element' is not assignable to type 'ReactNode'.
src/presentation/layouts/TecnicoLayout.tsx(1,43): error TS2792: Cannot find module 'react-router-dom'. Did you mean to set the 'moduleResolution' option to 'nodenext', or to add aliases to the 'paths' option?
src/presentation/layouts/TecnicoLayout.tsx(4,58): error TS6133: 'FaToggleOff' is declared but its value is never read.
src/presentation/layouts/TecnicoLayout.tsx(4,77): error TS2792: Cannot find module 'react-icons/fa'. Did you mean to set the 'moduleResolution' option to 'nodenext', or to add aliases to the 'paths' option?
src/presentation/layouts/TecnicoLayout.tsx(6,14): error TS2322: Type '() => JSX.Element' is not assignable to type 'FC<{}>'.
  Type 'Element' is not assignable to type 'ReactNode | Promise<ReactNode>'.
src/presentation/layouts/TecnicoLayout.tsx(16,5): error TS2339: Property 'div' does not exist on type 'JSX.IntrinsicElements'.
src/presentation/layouts/TecnicoLayout.tsx(18,7): error TS2339: Property 'header' does not exist on type 'JSX.IntrinsicElements'.
src/presentation/layouts/TecnicoLayout.tsx(19,9): error TS2339: Property 'div' does not exist on type 'JSX.IntrinsicElements'.
src/presentation/layouts/TecnicoLayout.tsx(20,11): error TS2339: Property 'div' does not exist on type 'JSX.IntrinsicElements'.
src/presentation/layouts/TecnicoLayout.tsx(21,13): error TS2339: Property 'div' does not exist on type 'JSX.IntrinsicElements'.
src/presentation/layouts/TecnicoLayout.tsx(22,15): error TS2339: Property 'h1' does not exist on type 'JSX.IntrinsicElements'.
src/presentation/layouts/TecnicoLayout.tsx(22,87): error TS2339: Property 'h1' does not exist on type 'JSX.IntrinsicElements'.
src/presentation/layouts/TecnicoLayout.tsx(23,13): error TS2339: Property 'div' does not exist on type 'JSX.IntrinsicElements'.
src/presentation/layouts/TecnicoLayout.tsx(24,13): error TS2339: Property 'div' does not exist on type 'JSX.IntrinsicElements'.
src/presentation/layouts/TecnicoLayout.tsx(25,15): error TS2339: Property 'div' does not exist on type 'JSX.IntrinsicElements'.
src/presentation/layouts/TecnicoLayout.tsx(26,17): error TS2339: Property 'span' does not exist on type 'JSX.IntrinsicElements'.
src/presentation/layouts/TecnicoLayout.tsx(26,67): error TS2339: Property 'span' does not exist on type 'JSX.IntrinsicElements'.
src/presentation/layouts/TecnicoLayout.tsx(27,17): error TS2339: Property 'button' does not exist on type 'JSX.IntrinsicElements'.
src/presentation/layouts/TecnicoLayout.tsx(29,17): error TS2339: Property 'button' does not exist on type 'JSX.IntrinsicElements'.
src/presentation/layouts/TecnicoLayout.tsx(30,15): error TS2339: Property 'div' does not exist on type 'JSX.IntrinsicElements'.
src/presentation/layouts/TecnicoLayout.tsx(32,15): error TS2339: Property 'span' does not exist on type 'JSX.IntrinsicElements'.
src/presentation/layouts/TecnicoLayout.tsx(32,78): error TS2339: Property 'span' does not exist on type 'JSX.IntrinsicElements'.
src/presentation/layouts/TecnicoLayout.tsx(33,15): error TS2339: Property 'button' does not exist on type 'JSX.IntrinsicElements'.
src/presentation/layouts/TecnicoLayout.tsx(38,15): error TS2339: Property 'button' does not exist on type 'JSX.IntrinsicElements'.
src/presentation/layouts/TecnicoLayout.tsx(39,13): error TS2339: Property 'div' does not exist on type 'JSX.IntrinsicElements'.
src/presentation/layouts/TecnicoLayout.tsx(40,11): error TS2339: Property 'div' does not exist on type 'JSX.IntrinsicElements'.
src/presentation/layouts/TecnicoLayout.tsx(41,9): error TS2339: Property 'div' does not exist on type 'JSX.IntrinsicElements'.
src/presentation/layouts/TecnicoLayout.tsx(42,7): error TS2339: Property 'header' does not exist on type 'JSX.IntrinsicElements'.
src/presentation/layouts/TecnicoLayout.tsx(45,7): error TS2339: Property 'nav' does not exist on type 'JSX.IntrinsicElements'.
src/presentation/layouts/TecnicoLayout.tsx(46,9): error TS2339: Property 'div' does not exist on type 'JSX.IntrinsicElements'.
src/presentation/layouts/TecnicoLayout.tsx(47,11): error TS2339: Property 'div' does not exist on type 'JSX.IntrinsicElements'.
src/presentation/layouts/TecnicoLayout.tsx(76,11): error TS2339: Property 'div' does not exist on type 'JSX.IntrinsicElements'.
src/presentation/layouts/TecnicoLayout.tsx(77,9): error TS2339: Property 'div' does not exist on type 'JSX.IntrinsicElements'.
src/presentation/layouts/TecnicoLayout.tsx(78,7): error TS2339: Property 'nav' does not exist on type 'JSX.IntrinsicElements'.
src/presentation/layouts/TecnicoLayout.tsx(81,7): error TS2339: Property 'main' does not exist on type 'JSX.IntrinsicElements'.
src/presentation/layouts/TecnicoLayout.tsx(83,7): error TS2339: Property 'main' does not exist on type 'JSX.IntrinsicElements'.
src/presentation/layouts/TecnicoLayout.tsx(84,5): error TS2339: Property 'div' does not exist on type 'JSX.IntrinsicElements'.
src/presentation/pages/auditoria/Bitacora.tsx(25,23): error TS2339: Property 'p' does not exist on type 'JSX.IntrinsicElements'.
src/presentation/pages/auditoria/Bitacora.tsx(25,46): error TS2339: Property 'p' does not exist on type 'JSX.IntrinsicElements'.
src/presentation/pages/auditoria/Bitacora.tsx(28,5): error TS2339: Property 'div' does not exist on type 'JSX.IntrinsicElements'.
src/presentation/pages/auditoria/Bitacora.tsx(29,7): error TS2339: Property 'h1' does not exist on type 'JSX.IntrinsicElements'.
src/presentation/pages/auditoria/Bitacora.tsx(29,70): error TS2339: Property 'h1' does not exist on type 'JSX.IntrinsicElements'.
src/presentation/pages/auditoria/Bitacora.tsx(31,7): error TS2339: Property 'table' does not exist on type 'JSX.IntrinsicElements'.
src/presentation/pages/auditoria/Bitacora.tsx(32,9): error TS2339: Property 'thead' does not exist on type 'JSX.IntrinsicElements'.
src/presentation/pages/auditoria/Bitacora.tsx(33,11): error TS2339: Property 'tr' does not exist on type 'JSX.IntrinsicElements'.
src/presentation/pages/auditoria/Bitacora.tsx(34,13): error TS2339: Property 'th' does not exist on type 'JSX.IntrinsicElements'.
src/presentation/pages/auditoria/Bitacora.tsx(34,45): error TS2339: Property 'th' does not exist on type 'JSX.IntrinsicElements'.
src/presentation/pages/auditoria/Bitacora.tsx(35,13): error TS2339: Property 'th' does not exist on type 'JSX.IntrinsicElements'.
src/presentation/pages/auditoria/Bitacora.tsx(35,47): error TS2339: Property 'th' does not exist on type 'JSX.IntrinsicElements'.
src/presentation/pages/auditoria/Bitacora.tsx(36,13): error TS2339: Property 'th' does not exist on type 'JSX.IntrinsicElements'.
src/presentation/pages/auditoria/Bitacora.tsx(36,43): error TS2339: Property 'th' does not exist on type 'JSX.IntrinsicElements'.
src/presentation/pages/auditoria/Bitacora.tsx(37,13): error TS2339: Property 'th' does not exist on type 'JSX.IntrinsicElements'.
src/presentation/pages/auditoria/Bitacora.tsx(37,46): error TS2339: Property 'th' does not exist on type 'JSX.IntrinsicElements'.
src/presentation/pages/auditoria/Bitacora.tsx(38,13): error TS2339: Property 'th' does not exist on type 'JSX.IntrinsicElements'.
src/presentation/pages/auditoria/Bitacora.tsx(38,48): error TS2339: Property 'th' does not exist on type 'JSX.IntrinsicElements'.
src/presentation/pages/auditoria/Bitacora.tsx(39,11): error TS2339: Property 'tr' does not exist on type 'JSX.IntrinsicElements'.
src/presentation/pages/auditoria/Bitacora.tsx(40,9): error TS2339: Property 'thead' does not exist on type 'JSX.IntrinsicElements'.
src/presentation/pages/auditoria/Bitacora.tsx(42,9): error TS2339: Property 'tbody' does not exist on type 'JSX.IntrinsicElements'.
src/presentation/pages/auditoria/Bitacora.tsx(44,13): error TS2339: Property 'tr' does not exist on type 'JSX.IntrinsicElements'.
src/presentation/pages/auditoria/Bitacora.tsx(45,15): error TS2339: Property 'td' does not exist on type 'JSX.IntrinsicElements'.
src/presentation/pages/auditoria/Bitacora.tsx(47,15): error TS2339: Property 'td' does not exist on type 'JSX.IntrinsicElements'.
src/presentation/pages/auditoria/Bitacora.tsx(49,15): error TS2339: Property 'td' does not exist on type 'JSX.IntrinsicElements'.
src/presentation/pages/auditoria/Bitacora.tsx(51,15): error TS2339: Property 'td' does not exist on type 'JSX.IntrinsicElements'.
src/presentation/pages/auditoria/Bitacora.tsx(53,15): error TS2339: Property 'td' does not exist on type 'JSX.IntrinsicElements'.
src/presentation/pages/auditoria/Bitacora.tsx(53,60): error TS2339: Property 'td' does not exist on type 'JSX.IntrinsicElements'.
src/presentation/pages/auditoria/Bitacora.tsx(55,15): error TS2339: Property 'td' does not exist on type 'JSX.IntrinsicElements'.
src/presentation/pages/auditoria/Bitacora.tsx(55,54): error TS2339: Property 'td' does not exist on type 'JSX.IntrinsicElements'.
src/presentation/pages/auditoria/Bitacora.tsx(57,15): error TS2339: Property 'td' does not exist on type 'JSX.IntrinsicElements'.
src/presentation/pages/auditoria/Bitacora.tsx(59,15): error TS2339: Property 'td' does not exist on type 'JSX.IntrinsicElements'.
src/presentation/pages/auditoria/Bitacora.tsx(60,13): error TS2339: Property 'tr' does not exist on type 'JSX.IntrinsicElements'.
src/presentation/pages/auditoria/Bitacora.tsx(62,9): error TS2339: Property 'tbody' does not exist on type 'JSX.IntrinsicElements'.
src/presentation/pages/auditoria/Bitacora.tsx(63,7): error TS2339: Property 'table' does not exist on type 'JSX.IntrinsicElements'.
src/presentation/pages/auditoria/Bitacora.tsx(64,5): error TS2339: Property 'div' does not exist on type 'JSX.IntrinsicElements'.
src/presentation/pages/auth/LoginPage.tsx(2,29): error TS2792: Cannot find module 'react-router-dom'. Did you mean to set the 'moduleResolution' option to 'nodenext', or to add aliases to the 'paths' option?
src/presentation/pages/auth/LoginPage.tsx(48,5): error TS2339: Property 'div' does not exist on type 'JSX.IntrinsicElements'.
src/presentation/pages/auth/LoginPage.tsx(49,7): error TS2339: Property 'div' does not exist on type 'JSX.IntrinsicElements'.
src/presentation/pages/auth/LoginPage.tsx(50,9): error TS2339: Property 'h2' does not exist on type 'JSX.IntrinsicElements'.
src/presentation/pages/auth/LoginPage.tsx(52,9): error TS2339: Property 'h2' does not exist on type 'JSX.IntrinsicElements'.
src/presentation/pages/auth/LoginPage.tsx(55,11): error TS2339: Property 'div' does not exist on type 'JSX.IntrinsicElements'.
src/presentation/pages/auth/LoginPage.tsx(57,11): error TS2339: Property 'div' does not exist on type 'JSX.IntrinsicElements'.
src/presentation/pages/auth/LoginPage.tsx(60,9): error TS2339: Property 'form' does not exist on type 'JSX.IntrinsicElements'.
src/presentation/pages/auth/LoginPage.tsx(61,11): error TS2339: Property 'div' does not exist on type 'JSX.IntrinsicElements'.
src/presentation/pages/auth/LoginPage.tsx(62,13): error TS2339: Property 'label' does not exist on type 'JSX.IntrinsicElements'.
src/presentation/pages/auth/LoginPage.tsx(64,13): error TS2339: Property 'label' does not exist on type 'JSX.IntrinsicElements'.
src/presentation/pages/auth/LoginPage.tsx(65,13): error TS2339: Property 'input' does not exist on type 'JSX.IntrinsicElements'.
src/presentation/pages/auth/LoginPage.tsx(68,26): error TS7006: Parameter 'e' implicitly has an 'any' type.
src/presentation/pages/auth/LoginPage.tsx(73,11): error TS2339: Property 'div' does not exist on type 'JSX.IntrinsicElements'.
src/presentation/pages/auth/LoginPage.tsx(75,11): error TS2339: Property 'div' does not exist on type 'JSX.IntrinsicElements'.
src/presentation/pages/auth/LoginPage.tsx(76,13): error TS2339: Property 'label' does not exist on type 'JSX.IntrinsicElements'.
src/presentation/pages/auth/LoginPage.tsx(78,13): error TS2339: Property 'label' does not exist on type 'JSX.IntrinsicElements'.
src/presentation/pages/auth/LoginPage.tsx(79,13): error TS2339: Property 'input' does not exist on type 'JSX.IntrinsicElements'.
src/presentation/pages/auth/LoginPage.tsx(82,26): error TS7006: Parameter 'e' implicitly has an 'any' type.
src/presentation/pages/auth/LoginPage.tsx(87,11): error TS2339: Property 'div' does not exist on type 'JSX.IntrinsicElements'.
src/presentation/pages/auth/LoginPage.tsx(89,11): error TS2339: Property 'button' does not exist on type 'JSX.IntrinsicElements'.
src/presentation/pages/auth/LoginPage.tsx(95,11): error TS2339: Property 'button' does not exist on type 'JSX.IntrinsicElements'.
src/presentation/pages/auth/LoginPage.tsx(96,9): error TS2339: Property 'form' does not exist on type 'JSX.IntrinsicElements'.
src/presentation/pages/auth/LoginPage.tsx(97,7): error TS2339: Property 'div' does not exist on type 'JSX.IntrinsicElements'.
src/presentation/pages/auth/LoginPage.tsx(98,5): error TS2339: Property 'div' does not exist on type 'JSX.IntrinsicElements'.
src/presentation/pages/auth/RegisterPage.tsx(2,29): error TS2792: Cannot find module 'react-router-dom'. Did you mean to set the 'moduleResolution' option to 'nodenext', or to add aliases to the 'paths' option?
src/presentation/pages/auth/RegisterPage.tsx(39,5): error TS2339: Property 'div' does not exist on type 'JSX.IntrinsicElements'.
src/presentation/pages/auth/RegisterPage.tsx(40,7): error TS2339: Property 'div' does not exist on type 'JSX.IntrinsicElements'.
src/presentation/pages/auth/RegisterPage.tsx(41,9): error TS2339: Property 'h2' does not exist on type 'JSX.IntrinsicElements'.
src/presentation/pages/auth/RegisterPage.tsx(43,9): error TS2339: Property 'h2' does not exist on type 'JSX.IntrinsicElements'.
src/presentation/pages/auth/RegisterPage.tsx(46,11): error TS2339: Property 'div' does not exist on type 'JSX.IntrinsicElements'.
src/presentation/pages/auth/RegisterPage.tsx(48,11): error TS2339: Property 'div' does not exist on type 'JSX.IntrinsicElements'.
src/presentation/pages/auth/RegisterPage.tsx(51,9): error TS2339: Property 'form' does not exist on type 'JSX.IntrinsicElements'.
src/presentation/pages/auth/RegisterPage.tsx(52,11): error TS2339: Property 'div' does not exist on type 'JSX.IntrinsicElements'.
src/presentation/pages/auth/RegisterPage.tsx(53,13): error TS2339: Property 'label' does not exist on type 'JSX.IntrinsicElements'.
src/presentation/pages/auth/RegisterPage.tsx(55,13): error TS2339: Property 'label' does not exist on type 'JSX.IntrinsicElements'.
src/presentation/pages/auth/RegisterPage.tsx(56,13): error TS2339: Property 'select' does not exist on type 'JSX.IntrinsicElements'.
src/presentation/pages/auth/RegisterPage.tsx(62,15): error TS2339: Property 'option' does not exist on type 'JSX.IntrinsicElements'.
src/presentation/pages/auth/RegisterPage.tsx(62,46): error TS2339: Property 'option' does not exist on type 'JSX.IntrinsicElements'.
src/presentation/pages/auth/RegisterPage.tsx(63,15): error TS2339: Property 'option' does not exist on type 'JSX.IntrinsicElements'.
src/presentation/pages/auth/RegisterPage.tsx(63,46): error TS2339: Property 'option' does not exist on type 'JSX.IntrinsicElements'.
src/presentation/pages/auth/RegisterPage.tsx(64,13): error TS2339: Property 'select' does not exist on type 'JSX.IntrinsicElements'.
src/presentation/pages/auth/RegisterPage.tsx(65,11): error TS2339: Property 'div' does not exist on type 'JSX.IntrinsicElements'.
src/presentation/pages/auth/RegisterPage.tsx(67,11): error TS2339: Property 'div' does not exist on type 'JSX.IntrinsicElements'.
src/presentation/pages/auth/RegisterPage.tsx(68,13): error TS2339: Property 'div' does not exist on type 'JSX.IntrinsicElements'.
src/presentation/pages/auth/RegisterPage.tsx(69,15): error TS2339: Property 'label' does not exist on type 'JSX.IntrinsicElements'.
src/presentation/pages/auth/RegisterPage.tsx(71,15): error TS2339: Property 'label' does not exist on type 'JSX.IntrinsicElements'.
src/presentation/pages/auth/RegisterPage.tsx(72,15): error TS2339: Property 'input' does not exist on type 'JSX.IntrinsicElements'.
src/presentation/pages/auth/RegisterPage.tsx(80,13): error TS2339: Property 'div' does not exist on type 'JSX.IntrinsicElements'.
src/presentation/pages/auth/RegisterPage.tsx(81,13): error TS2339: Property 'div' does not exist on type 'JSX.IntrinsicElements'.
src/presentation/pages/auth/RegisterPage.tsx(82,15): error TS2339: Property 'label' does not exist on type 'JSX.IntrinsicElements'.
src/presentation/pages/auth/RegisterPage.tsx(84,15): error TS2339: Property 'label' does not exist on type 'JSX.IntrinsicElements'.
src/presentation/pages/auth/RegisterPage.tsx(85,15): error TS2339: Property 'input' does not exist on type 'JSX.IntrinsicElements'.
src/presentation/pages/auth/RegisterPage.tsx(93,13): error TS2339: Property 'div' does not exist on type 'JSX.IntrinsicElements'.
src/presentation/pages/auth/RegisterPage.tsx(94,11): error TS2339: Property 'div' does not exist on type 'JSX.IntrinsicElements'.
src/presentation/pages/auth/RegisterPage.tsx(96,11): error TS2339: Property 'div' does not exist on type 'JSX.IntrinsicElements'.
src/presentation/pages/auth/RegisterPage.tsx(97,13): error TS2339: Property 'label' does not exist on type 'JSX.IntrinsicElements'.
src/presentation/pages/auth/RegisterPage.tsx(99,13): error TS2339: Property 'label' does not exist on type 'JSX.IntrinsicElements'.
src/presentation/pages/auth/RegisterPage.tsx(100,13): error TS2339: Property 'input' does not exist on type 'JSX.IntrinsicElements'.
src/presentation/pages/auth/RegisterPage.tsx(108,11): error TS2339: Property 'div' does not exist on type 'JSX.IntrinsicElements'.
src/presentation/pages/auth/RegisterPage.tsx(110,11): error TS2339: Property 'div' does not exist on type 'JSX.IntrinsicElements'.
src/presentation/pages/auth/RegisterPage.tsx(111,13): error TS2339: Property 'label' does not exist on type 'JSX.IntrinsicElements'.
src/presentation/pages/auth/RegisterPage.tsx(113,13): error TS2339: Property 'label' does not exist on type 'JSX.IntrinsicElements'.
src/presentation/pages/auth/RegisterPage.tsx(114,13): error TS2339: Property 'input' does not exist on type 'JSX.IntrinsicElements'.
src/presentation/pages/auth/RegisterPage.tsx(121,11): error TS2339: Property 'div' does not exist on type 'JSX.IntrinsicElements'.
src/presentation/pages/auth/RegisterPage.tsx(123,11): error TS2339: Property 'div' does not exist on type 'JSX.IntrinsicElements'.
src/presentation/pages/auth/RegisterPage.tsx(124,13): error TS2339: Property 'label' does not exist on type 'JSX.IntrinsicElements'.
src/presentation/pages/auth/RegisterPage.tsx(126,13): error TS2339: Property 'label' does not exist on type 'JSX.IntrinsicElements'.
src/presentation/pages/auth/RegisterPage.tsx(127,13): error TS2339: Property 'input' does not exist on type 'JSX.IntrinsicElements'.
src/presentation/pages/auth/RegisterPage.tsx(136,11): error TS2339: Property 'div' does not exist on type 'JSX.IntrinsicElements'.
src/presentation/pages/auth/RegisterPage.tsx(138,11): error TS2339: Property 'button' does not exist on type 'JSX.IntrinsicElements'.
src/presentation/pages/auth/RegisterPage.tsx(144,11): error TS2339: Property 'button' does not exist on type 'JSX.IntrinsicElements'.
src/presentation/pages/auth/RegisterPage.tsx(145,9): error TS2339: Property 'form' does not exist on type 'JSX.IntrinsicElements'.
src/presentation/pages/auth/RegisterPage.tsx(146,7): error TS2339: Property 'div' does not exist on type 'JSX.IntrinsicElements'.
src/presentation/pages/auth/RegisterPage.tsx(147,5): error TS2339: Property 'div' does not exist on type 'JSX.IntrinsicElements'.
src/presentation/pages/categoria/Categoria.tsx(100,23): error TS2339: Property 'p' does not exist on type 'JSX.IntrinsicElements'.
src/presentation/pages/categoria/Categoria.tsx(100,48): error TS2339: Property 'p' does not exist on type 'JSX.IntrinsicElements'.
src/presentation/pages/categoria/Categoria.tsx(103,5): error TS2339: Property 'div' does not exist on type 'JSX.IntrinsicElements'.
src/presentation/pages/categoria/Categoria.tsx(104,7): error TS2339: Property 'h1' does not exist on type 'JSX.IntrinsicElements'.
src/presentation/pages/categoria/Categoria.tsx(104,72): error TS2339: Property 'h1' does not exist on type 'JSX.IntrinsicElements'.
src/presentation/pages/categoria/Categoria.tsx(109,7): error TS2339: Property 'div' does not exist on type 'JSX.IntrinsicElements'.
src/presentation/pages/categoria/Categoria.tsx(110,9): error TS2339: Property 'h2' does not exist on type 'JSX.IntrinsicElements'.
src/presentation/pages/categoria/Categoria.tsx(110,67): error TS2339: Property 'h2' does not exist on type 'JSX.IntrinsicElements'.
src/presentation/pages/categoria/Categoria.tsx(112,9): error TS2339: Property 'div' does not exist on type 'JSX.IntrinsicElements'.
src/presentation/pages/categoria/Categoria.tsx(113,11): error TS2339: Property 'input' does not exist on type 'JSX.IntrinsicElements'.
src/presentation/pages/categoria/Categoria.tsx(118,24): error TS7006: Parameter 'e' implicitly has an 'any' type.
src/presentation/pages/categoria/Categoria.tsx(121,11): error TS2339: Property 'input' does not exist on type 'JSX.IntrinsicElements'.
src/presentation/pages/categoria/Categoria.tsx(126,24): error TS7006: Parameter 'e' implicitly has an 'any' type.
src/presentation/pages/categoria/Categoria.tsx(129,11): error TS2339: Property 'button' does not exist on type 'JSX.IntrinsicElements'.
src/presentation/pages/categoria/Categoria.tsx(134,11): error TS2339: Property 'button' does not exist on type 'JSX.IntrinsicElements'.
src/presentation/pages/categoria/Categoria.tsx(135,9): error TS2339: Property 'div' does not exist on type 'JSX.IntrinsicElements'.
src/presentation/pages/categoria/Categoria.tsx(136,7): error TS2339: Property 'div' does not exist on type 'JSX.IntrinsicElements'.
src/presentation/pages/categoria/Categoria.tsx(141,7): error TS2339: Property 'table' does not exist on type 'JSX.IntrinsicElements'.
src/presentation/pages/categoria/Categoria.tsx(142,9): error TS2339: Property 'thead' does not exist on type 'JSX.IntrinsicElements'.
src/presentation/pages/categoria/Categoria.tsx(143,11): error TS2339: Property 'tr' does not exist on type 'JSX.IntrinsicElements'.
src/presentation/pages/categoria/Categoria.tsx(144,13): error TS2339: Property 'th' does not exist on type 'JSX.IntrinsicElements'.
src/presentation/pages/categoria/Categoria.tsx(144,35): error TS2339: Property 'th' does not exist on type 'JSX.IntrinsicElements'.
src/presentation/pages/categoria/Categoria.tsx(145,13): error TS2339: Property 'th' does not exist on type 'JSX.IntrinsicElements'.
src/presentation/pages/categoria/Categoria.tsx(145,39): error TS2339: Property 'th' does not exist on type 'JSX.IntrinsicElements'.
src/presentation/pages/categoria/Categoria.tsx(146,13): error TS2339: Property 'th' does not exist on type 'JSX.IntrinsicElements'.
src/presentation/pages/categoria/Categoria.tsx(146,44): error TS2339: Property 'th' does not exist on type 'JSX.IntrinsicElements'.
src/presentation/pages/categoria/Categoria.tsx(147,13): error TS2339: Property 'th' does not exist on type 'JSX.IntrinsicElements'.
src/presentation/pages/categoria/Categoria.tsx(147,41): error TS2339: Property 'th' does not exist on type 'JSX.IntrinsicElements'.
src/presentation/pages/categoria/Categoria.tsx(148,11): error TS2339: Property 'tr' does not exist on type 'JSX.IntrinsicElements'.
src/presentation/pages/categoria/Categoria.tsx(149,9): error TS2339: Property 'thead' does not exist on type 'JSX.IntrinsicElements'.
src/presentation/pages/categoria/Categoria.tsx(151,9): error TS2339: Property 'tbody' does not exist on type 'JSX.IntrinsicElements'.
src/presentation/pages/categoria/Categoria.tsx(153,13): error TS2339: Property 'tr' does not exist on type 'JSX.IntrinsicElements'.
src/presentation/pages/categoria/Categoria.tsx(154,15): error TS2339: Property 'td' does not exist on type 'JSX.IntrinsicElements'.
src/presentation/pages/categoria/Categoria.tsx(154,53): error TS2339: Property 'td' does not exist on type 'JSX.IntrinsicElements'.
src/presentation/pages/categoria/Categoria.tsx(155,15): error TS2339: Property 'td' does not exist on type 'JSX.IntrinsicElements'.
src/presentation/pages/categoria/Categoria.tsx(155,47): error TS2339: Property 'td' does not exist on type 'JSX.IntrinsicElements'.
src/presentation/pages/categoria/Categoria.tsx(156,15): error TS2339: Property 'td' does not exist on type 'JSX.IntrinsicElements'.
src/presentation/pages/categoria/Categoria.tsx(156,52): error TS2339: Property 'td' does not exist on type 'JSX.IntrinsicElements'.
src/presentation/pages/categoria/Categoria.tsx(158,15): error TS2339: Property 'td' does not exist on type 'JSX.IntrinsicElements'.
src/presentation/pages/categoria/Categoria.tsx(159,17): error TS2339: Property 'button' does not exist on type 'JSX.IntrinsicElements'.
src/presentation/pages/categoria/Categoria.tsx(164,17): error TS2339: Property 'button' does not exist on type 'JSX.IntrinsicElements'.
src/presentation/pages/categoria/Categoria.tsx(166,17): error TS2339: Property 'button' does not exist on type 'JSX.IntrinsicElements'.
src/presentation/pages/categoria/Categoria.tsx(171,17): error TS2339: Property 'button' does not exist on type 'JSX.IntrinsicElements'.
src/presentation/pages/categoria/Categoria.tsx(172,15): error TS2339: Property 'td' does not exist on type 'JSX.IntrinsicElements'.
src/presentation/pages/categoria/Categoria.tsx(173,13): error TS2339: Property 'tr' does not exist on type 'JSX.IntrinsicElements'.
src/presentation/pages/categoria/Categoria.tsx(175,9): error TS2339: Property 'tbody' does not exist on type 'JSX.IntrinsicElements'.
src/presentation/pages/categoria/Categoria.tsx(176,7): error TS2339: Property 'table' does not exist on type 'JSX.IntrinsicElements'.
src/presentation/pages/categoria/Categoria.tsx(182,9): error TS2339: Property 'div' does not exist on type 'JSX.IntrinsicElements'.
src/presentation/pages/categoria/Categoria.tsx(183,11): error TS2339: Property 'div' does not exist on type 'JSX.IntrinsicElements'.
src/presentation/pages/categoria/Categoria.tsx(184,13): error TS2339: Property 'h2' does not exist on type 'JSX.IntrinsicElements'.
src/presentation/pages/categoria/Categoria.tsx(184,72): error TS2339: Property 'h2' does not exist on type 'JSX.IntrinsicElements'.
src/presentation/pages/categoria/Categoria.tsx(186,13): error TS2339: Property 'input' does not exist on type 'JSX.IntrinsicElements'.
src/presentation/pages/categoria/Categoria.tsx(190,26): error TS7006: Parameter 'e' implicitly has an 'any' type.
src/presentation/pages/categoria/Categoria.tsx(193,13): error TS2339: Property 'input' does not exist on type 'JSX.IntrinsicElements'.
src/presentation/pages/categoria/Categoria.tsx(197,26): error TS7006: Parameter 'e' implicitly has an 'any' type.
src/presentation/pages/categoria/Categoria.tsx(200,13): error TS2339: Property 'div' does not exist on type 'JSX.IntrinsicElements'.
src/presentation/pages/categoria/Categoria.tsx(201,15): error TS2339: Property 'button' does not exist on type 'JSX.IntrinsicElements'.
src/presentation/pages/categoria/Categoria.tsx(206,15): error TS2339: Property 'button' does not exist on type 'JSX.IntrinsicElements'.
src/presentation/pages/categoria/Categoria.tsx(208,15): error TS2339: Property 'button' does not exist on type 'JSX.IntrinsicElements'.
src/presentation/pages/categoria/Categoria.tsx(213,15): error TS2339: Property 'button' does not exist on type 'JSX.IntrinsicElements'.
src/presentation/pages/categoria/Categoria.tsx(214,13): error TS2339: Property 'div' does not exist on type 'JSX.IntrinsicElements'.
src/presentation/pages/categoria/Categoria.tsx(215,11): error TS2339: Property 'div' does not exist on type 'JSX.IntrinsicElements'.
src/presentation/pages/categoria/Categoria.tsx(216,9): error TS2339: Property 'div' does not exist on type 'JSX.IntrinsicElements'.
src/presentation/pages/categoria/Categoria.tsx(218,5): error TS2339: Property 'div' does not exist on type 'JSX.IntrinsicElements'.
src/presentation/pages/cliente/CalificarTecnicoPage.tsx(2,40): error TS2792: Cannot find module 'react-router-dom'. Did you mean to set the 'moduleResolution' option to 'nodenext', or to add aliases to the 'paths' option?
src/presentation/pages/cliente/CalificarTecnicoPage.tsx(6,50): error TS2792: Cannot find module 'react-icons/fa'. Did you mean to set the 'moduleResolution' option to 'nodenext', or to add aliases to the 'paths' option?
src/presentation/pages/cliente/CalificarTecnicoPage.tsx(11,10): error TS6133: 'servicio' is declared but its value is never read.
src/presentation/pages/cliente/CalificarTecnicoPage.tsx(79,7): error TS2339: Property 'div' does not exist on type 'JSX.IntrinsicElements'.
src/presentation/pages/cliente/CalificarTecnicoPage.tsx(81,7): error TS2339: Property 'div' does not exist on type 'JSX.IntrinsicElements'.
src/presentation/pages/cliente/CalificarTecnicoPage.tsx(87,7): error TS2339: Property 'div' does not exist on type 'JSX.IntrinsicElements'.
src/presentation/pages/cliente/CalificarTecnicoPage.tsx(89,9): error TS2339: Property 'h2' does not exist on type 'JSX.IntrinsicElements'.
src/presentation/pages/cliente/CalificarTecnicoPage.tsx(89,89): error TS2339: Property 'h2' does not exist on type 'JSX.IntrinsicElements'.
src/presentation/pages/cliente/CalificarTecnicoPage.tsx(90,9): error TS2339: Property 'p' does not exist on type 'JSX.IntrinsicElements'.
src/presentation/pages/cliente/CalificarTecnicoPage.tsx(90,60): error TS2339: Property 'p' does not exist on type 'JSX.IntrinsicElements'.
src/presentation/pages/cliente/CalificarTecnicoPage.tsx(91,7): error TS2339: Property 'div' does not exist on type 'JSX.IntrinsicElements'.
src/presentation/pages/cliente/CalificarTecnicoPage.tsx(96,5): error TS2339: Property 'div' does not exist on type 'JSX.IntrinsicElements'.
src/presentation/pages/cliente/CalificarTecnicoPage.tsx(97,7): error TS2339: Property 'div' does not exist on type 'JSX.IntrinsicElements'.
src/presentation/pages/cliente/CalificarTecnicoPage.tsx(98,9): error TS2339: Property 'h1' does not exist on type 'JSX.IntrinsicElements'.
src/presentation/pages/cliente/CalificarTecnicoPage.tsx(98,80): error TS2339: Property 'h1' does not exist on type 'JSX.IntrinsicElements'.
src/presentation/pages/cliente/CalificarTecnicoPage.tsx(100,9): error TS2339: Property 'form' does not exist on type 'JSX.IntrinsicElements'.
src/presentation/pages/cliente/CalificarTecnicoPage.tsx(102,11): error TS2339: Property 'div' does not exist on type 'JSX.IntrinsicElements'.
src/presentation/pages/cliente/CalificarTecnicoPage.tsx(103,13): error TS2339: Property 'label' does not exist on type 'JSX.IntrinsicElements'.
src/presentation/pages/cliente/CalificarTecnicoPage.tsx(105,13): error TS2339: Property 'label' does not exist on type 'JSX.IntrinsicElements'.
src/presentation/pages/cliente/CalificarTecnicoPage.tsx(106,13): error TS2339: Property 'div' does not exist on type 'JSX.IntrinsicElements'.
src/presentation/pages/cliente/CalificarTecnicoPage.tsx(108,17): error TS2339: Property 'button' does not exist on type 'JSX.IntrinsicElements'.
src/presentation/pages/cliente/CalificarTecnicoPage.tsx(123,17): error TS2339: Property 'button' does not exist on type 'JSX.IntrinsicElements'.
src/presentation/pages/cliente/CalificarTecnicoPage.tsx(125,13): error TS2339: Property 'div' does not exist on type 'JSX.IntrinsicElements'.
src/presentation/pages/cliente/CalificarTecnicoPage.tsx(127,15): error TS2339: Property 'p' does not exist on type 'JSX.IntrinsicElements'.
src/presentation/pages/cliente/CalificarTecnicoPage.tsx(133,15): error TS2339: Property 'p' does not exist on type 'JSX.IntrinsicElements'.
src/presentation/pages/cliente/CalificarTecnicoPage.tsx(135,11): error TS2339: Property 'div' does not exist on type 'JSX.IntrinsicElements'.
src/presentation/pages/cliente/CalificarTecnicoPage.tsx(138,11): error TS2339: Property 'div' does not exist on type 'JSX.IntrinsicElements'.
src/presentation/pages/cliente/CalificarTecnicoPage.tsx(139,13): error TS2339: Property 'label' does not exist on type 'JSX.IntrinsicElements'.
src/presentation/pages/cliente/CalificarTecnicoPage.tsx(141,13): error TS2339: Property 'label' does not exist on type 'JSX.IntrinsicElements'.
src/presentation/pages/cliente/CalificarTecnicoPage.tsx(142,13): error TS2339: Property 'textarea' does not exist on type 'JSX.IntrinsicElements'.
src/presentation/pages/cliente/CalificarTecnicoPage.tsx(144,26): error TS7006: Parameter 'e' implicitly has an 'any' type.
src/presentation/pages/cliente/CalificarTecnicoPage.tsx(149,11): error TS2339: Property 'div' does not exist on type 'JSX.IntrinsicElements'.
src/presentation/pages/cliente/CalificarTecnicoPage.tsx(152,11): error TS2339: Property 'div' does not exist on type 'JSX.IntrinsicElements'.
src/presentation/pages/cliente/CalificarTecnicoPage.tsx(153,13): error TS2339: Property 'button' does not exist on type 'JSX.IntrinsicElements'.
src/presentation/pages/cliente/CalificarTecnicoPage.tsx(166,13): error TS2339: Property 'button' does not exist on type 'JSX.IntrinsicElements'.
src/presentation/pages/cliente/CalificarTecnicoPage.tsx(167,13): error TS2339: Property 'button' does not exist on type 'JSX.IntrinsicElements'.
src/presentation/pages/cliente/CalificarTecnicoPage.tsx(173,13): error TS2339: Property 'button' does not exist on type 'JSX.IntrinsicElements'.
src/presentation/pages/cliente/CalificarTecnicoPage.tsx(174,11): error TS2339: Property 'div' does not exist on type 'JSX.IntrinsicElements'.
src/presentation/pages/cliente/CalificarTecnicoPage.tsx(175,9): error TS2339: Property 'form' does not exist on type 'JSX.IntrinsicElements'.
src/presentation/pages/cliente/CalificarTecnicoPage.tsx(176,7): error TS2339: Property 'div' does not exist on type 'JSX.IntrinsicElements'.
src/presentation/pages/cliente/CalificarTecnicoPage.tsx(177,5): error TS2339: Property 'div' does not exist on type 'JSX.IntrinsicElements'.
src/presentation/pages/cliente/ChatGrupalPage.tsx(3,40): error TS2792: Cannot find module 'react-router-dom'. Did you mean to set the 'moduleResolution' option to 'nodenext', or to add aliases to the 'paths' option?
src/presentation/pages/cliente/ChatGrupalPage.tsx(6,30): error TS2792: Cannot find module 'react-icons/fa'. Did you mean to set the 'moduleResolution' option to 'nodenext', or to add aliases to the 'paths' option?
src/presentation/pages/cliente/ChatGrupalPage.tsx(126,5): error TS2339: Property 'div' does not exist on type 'JSX.IntrinsicElements'.
src/presentation/pages/cliente/ChatGrupalPage.tsx(128,7): error TS2339: Property 'div' does not exist on type 'JSX.IntrinsicElements'.
src/presentation/pages/cliente/ChatGrupalPage.tsx(129,9): error TS2339: Property 'div' does not exist on type 'JSX.IntrinsicElements'.
src/presentation/pages/cliente/ChatGrupalPage.tsx(130,11): error TS2339: Property 'h2' does not exist on type 'JSX.IntrinsicElements'.
src/presentation/pages/cliente/ChatGrupalPage.tsx(130,74): error TS2339: Property 'h2' does not exist on type 'JSX.IntrinsicElements'.
src/presentation/pages/cliente/ChatGrupalPage.tsx(131,11): error TS2339: Property 'p' does not exist on type 'JSX.IntrinsicElements'.
src/presentation/pages/cliente/ChatGrupalPage.tsx(131,80): error TS2339: Property 'p' does not exist on type 'JSX.IntrinsicElements'.
src/presentation/pages/cliente/ChatGrupalPage.tsx(132,9): error TS2339: Property 'div' does not exist on type 'JSX.IntrinsicElements'.
src/presentation/pages/cliente/ChatGrupalPage.tsx(133,7): error TS2339: Property 'div' does not exist on type 'JSX.IntrinsicElements'.
src/presentation/pages/cliente/ChatGrupalPage.tsx(136,7): error TS2339: Property 'div' does not exist on type 'JSX.IntrinsicElements'.
src/presentation/pages/cliente/ChatGrupalPage.tsx(138,11): error TS2339: Property 'div' does not exist on type 'JSX.IntrinsicElements'.
src/presentation/pages/cliente/ChatGrupalPage.tsx(139,13): error TS2339: Property 'p' does not exist on type 'JSX.IntrinsicElements'.
src/presentation/pages/cliente/ChatGrupalPage.tsx(139,47): error TS2339: Property 'p' does not exist on type 'JSX.IntrinsicElements'.
src/presentation/pages/cliente/ChatGrupalPage.tsx(140,13): error TS2339: Property 'p' does not exist on type 'JSX.IntrinsicElements'.
src/presentation/pages/cliente/ChatGrupalPage.tsx(140,91): error TS2339: Property 'p' does not exist on type 'JSX.IntrinsicElements'.
src/presentation/pages/cliente/ChatGrupalPage.tsx(141,11): error TS2339: Property 'div' does not exist on type 'JSX.IntrinsicElements'.
src/presentation/pages/cliente/ChatGrupalPage.tsx(148,13): error TS2339: Property 'div' does not exist on type 'JSX.IntrinsicElements'.
src/presentation/pages/cliente/ChatGrupalPage.tsx(149,15): error TS2339: Property 'div' does not exist on type 'JSX.IntrinsicElements'.
src/presentation/pages/cliente/ChatGrupalPage.tsx(153,19): error TS2339: Property 'div' does not exist on type 'JSX.IntrinsicElements'.
src/presentation/pages/cliente/ChatGrupalPage.tsx(154,21): error TS2339: Property 'span' does not exist on type 'JSX.IntrinsicElements'.
src/presentation/pages/cliente/ChatGrupalPage.tsx(156,21): error TS2339: Property 'span' does not exist on type 'JSX.IntrinsicElements'.
src/presentation/pages/cliente/ChatGrupalPage.tsx(157,21): error TS2339: Property 'span' does not exist on type 'JSX.IntrinsicElements'.
src/presentation/pages/cliente/ChatGrupalPage.tsx(159,21): error TS2339: Property 'span' does not exist on type 'JSX.IntrinsicElements'.
src/presentation/pages/cliente/ChatGrupalPage.tsx(160,19): error TS2339: Property 'div' does not exist on type 'JSX.IntrinsicElements'.
src/presentation/pages/cliente/ChatGrupalPage.tsx(163,17): error TS2339: Property 'p' does not exist on type 'JSX.IntrinsicElements'.
src/presentation/pages/cliente/ChatGrupalPage.tsx(163,33): error TS2339: Property 'p' does not exist on type 'JSX.IntrinsicElements'.
src/presentation/pages/cliente/ChatGrupalPage.tsx(166,19): error TS2339: Property 'div' does not exist on type 'JSX.IntrinsicElements'.
src/presentation/pages/cliente/ChatGrupalPage.tsx(167,21): error TS2339: Property 'p' does not exist on type 'JSX.IntrinsicElements'.
src/presentation/pages/cliente/ChatGrupalPage.tsx(169,21): error TS2339: Property 'p' does not exist on type 'JSX.IntrinsicElements'.
src/presentation/pages/cliente/ChatGrupalPage.tsx(171,23): error TS2339: Property 'button' does not exist on type 'JSX.IntrinsicElements'.
src/presentation/pages/cliente/ChatGrupalPage.tsx(176,23): error TS2339: Property 'button' does not exist on type 'JSX.IntrinsicElements'.
src/presentation/pages/cliente/ChatGrupalPage.tsx(178,19): error TS2339: Property 'div' does not exist on type 'JSX.IntrinsicElements'.
src/presentation/pages/cliente/ChatGrupalPage.tsx(181,17): error TS2339: Property 'div' does not exist on type 'JSX.IntrinsicElements'.
src/presentation/pages/cliente/ChatGrupalPage.tsx(183,17): error TS2339: Property 'div' does not exist on type 'JSX.IntrinsicElements'.
src/presentation/pages/cliente/ChatGrupalPage.tsx(184,15): error TS2339: Property 'div' does not exist on type 'JSX.IntrinsicElements'.
src/presentation/pages/cliente/ChatGrupalPage.tsx(185,13): error TS2339: Property 'div' does not exist on type 'JSX.IntrinsicElements'.
src/presentation/pages/cliente/ChatGrupalPage.tsx(188,9): error TS2339: Property 'div' does not exist on type 'JSX.IntrinsicElements'.
src/presentation/pages/cliente/ChatGrupalPage.tsx(189,7): error TS2339: Property 'div' does not exist on type 'JSX.IntrinsicElements'.
src/presentation/pages/cliente/ChatGrupalPage.tsx(192,7): error TS2339: Property 'div' does not exist on type 'JSX.IntrinsicElements'.
src/presentation/pages/cliente/ChatGrupalPage.tsx(193,9): error TS2339: Property 'form' does not exist on type 'JSX.IntrinsicElements'.
src/presentation/pages/cliente/ChatGrupalPage.tsx(194,11): error TS2339: Property 'input' does not exist on type 'JSX.IntrinsicElements'.
src/presentation/pages/cliente/ChatGrupalPage.tsx(197,24): error TS7006: Parameter 'e' implicitly has an 'any' type.
src/presentation/pages/cliente/ChatGrupalPage.tsx(201,11): error TS2339: Property 'button' does not exist on type 'JSX.IntrinsicElements'.
src/presentation/pages/cliente/ChatGrupalPage.tsx(207,11): error TS2339: Property 'button' does not exist on type 'JSX.IntrinsicElements'.
src/presentation/pages/cliente/ChatGrupalPage.tsx(208,9): error TS2339: Property 'form' does not exist on type 'JSX.IntrinsicElements'.
src/presentation/pages/cliente/ChatGrupalPage.tsx(209,7): error TS2339: Property 'div' does not exist on type 'JSX.IntrinsicElements'.
src/presentation/pages/cliente/ChatGrupalPage.tsx(210,5): error TS2339: Property 'div' does not exist on type 'JSX.IntrinsicElements'.
src/presentation/pages/cliente/CrearSolicitudPage.tsx(2,29): error TS2792: Cannot find module 'react-router-dom'. Did you mean to set the 'moduleResolution' option to 'nodenext', or to add aliases to the 'paths' option?
src/presentation/pages/cliente/CrearSolicitudPage.tsx(7,50): error TS2792: Cannot find module '@react-google-maps/api'. Did you mean to set the 'moduleResolution' option to 'nodenext', or to add aliases to the 'paths' option?
src/presentation/pages/cliente/CrearSolicitudPage.tsx(12,9): error TS6133: 'user' is declared but its value is never read.
src/presentation/pages/cliente/CrearSolicitudPage.tsx(35,23): error TS1343: The 'import.meta' meta-property is only allowed when the '--module' option is 'es2020', 'es2022', 'esnext', 'system', 'node16', 'node18', 'node20', or 'nodenext'.
src/presentation/pages/cliente/CrearSolicitudPage.tsx(35,35): error TS2339: Property 'env' does not exist on type 'ImportMeta'.
src/presentation/pages/cliente/CrearSolicitudPage.tsx(67,103): error TS1343: The 'import.meta' meta-property is only allowed when the '--module' option is 'es2020', 'es2022', 'esnext', 'system', 'node16', 'node18', 'node20', or 'nodenext'.
src/presentation/pages/cliente/CrearSolicitudPage.tsx(67,115): error TS2339: Property 'env' does not exist on type 'ImportMeta'.
src/presentation/pages/cliente/CrearSolicitudPage.tsx(112,5): error TS2339: Property 'div' does not exist on type 'JSX.IntrinsicElements'.
src/presentation/pages/cliente/CrearSolicitudPage.tsx(113,7): error TS2339: Property 'h1' does not exist on type 'JSX.IntrinsicElements'.
src/presentation/pages/cliente/CrearSolicitudPage.tsx(113,68): error TS2339: Property 'h1' does not exist on type 'JSX.IntrinsicElements'.
src/presentation/pages/cliente/CrearSolicitudPage.tsx(115,17): error TS2339: Property 'p' does not exist on type 'JSX.IntrinsicElements'.
src/presentation/pages/cliente/CrearSolicitudPage.tsx(115,75): error TS2339: Property 'p' does not exist on type 'JSX.IntrinsicElements'.
src/presentation/pages/cliente/CrearSolicitudPage.tsx(117,7): error TS2339: Property 'form' does not exist on type 'JSX.IntrinsicElements'.
src/presentation/pages/cliente/CrearSolicitudPage.tsx(120,9): error TS2339: Property 'div' does not exist on type 'JSX.IntrinsicElements'.
src/presentation/pages/cliente/CrearSolicitudPage.tsx(121,11): error TS2339: Property 'label' does not exist on type 'JSX.IntrinsicElements'.
src/presentation/pages/cliente/CrearSolicitudPage.tsx(121,53): error TS2339: Property 'label' does not exist on type 'JSX.IntrinsicElements'.
src/presentation/pages/cliente/CrearSolicitudPage.tsx(122,11): error TS2339: Property 'select' does not exist on type 'JSX.IntrinsicElements'.
src/presentation/pages/cliente/CrearSolicitudPage.tsx(124,24): error TS7006: Parameter 'e' implicitly has an 'any' type.
src/presentation/pages/cliente/CrearSolicitudPage.tsx(131,13): error TS2339: Property 'option' does not exist on type 'JSX.IntrinsicElements'.
src/presentation/pages/cliente/CrearSolicitudPage.tsx(131,55): error TS2339: Property 'option' does not exist on type 'JSX.IntrinsicElements'.
src/presentation/pages/cliente/CrearSolicitudPage.tsx(133,15): error TS2339: Property 'option' does not exist on type 'JSX.IntrinsicElements'.
src/presentation/pages/cliente/CrearSolicitudPage.tsx(135,15): error TS2339: Property 'option' does not exist on type 'JSX.IntrinsicElements'.
src/presentation/pages/cliente/CrearSolicitudPage.tsx(137,11): error TS2339: Property 'select' does not exist on type 'JSX.IntrinsicElements'.
src/presentation/pages/cliente/CrearSolicitudPage.tsx(138,9): error TS2339: Property 'div' does not exist on type 'JSX.IntrinsicElements'.
src/presentation/pages/cliente/CrearSolicitudPage.tsx(141,9): error TS2339: Property 'textarea' does not exist on type 'JSX.IntrinsicElements'.
src/presentation/pages/cliente/CrearSolicitudPage.tsx(145,22): error TS7006: Parameter 'e' implicitly has an 'any' type.
src/presentation/pages/cliente/CrearSolicitudPage.tsx(152,9): error TS2339: Property 'input' does not exist on type 'JSX.IntrinsicElements'.
src/presentation/pages/cliente/CrearSolicitudPage.tsx(156,22): error TS7006: Parameter 'e' implicitly has an 'any' type.
src/presentation/pages/cliente/CrearSolicitudPage.tsx(166,9): error TS2339: Property 'div' does not exist on type 'JSX.IntrinsicElements'.
src/presentation/pages/cliente/CrearSolicitudPage.tsx(167,11): error TS2339: Property 'label' does not exist on type 'JSX.IntrinsicElements'.
src/presentation/pages/cliente/CrearSolicitudPage.tsx(167,64): error TS2339: Property 'label' does not exist on type 'JSX.IntrinsicElements'.
src/presentation/pages/cliente/CrearSolicitudPage.tsx(170,13): error TS2339: Property 'p' does not exist on type 'JSX.IntrinsicElements'.
src/presentation/pages/cliente/CrearSolicitudPage.tsx(170,32): error TS2339: Property 'p' does not exist on type 'JSX.IntrinsicElements'.
src/presentation/pages/cliente/CrearSolicitudPage.tsx(176,25): error TS7006: Parameter 'e' implicitly has an 'any' type.
src/presentation/pages/cliente/CrearSolicitudPage.tsx(186,29): error TS7006: Parameter 'e' implicitly has an 'any' type.
src/presentation/pages/cliente/CrearSolicitudPage.tsx(196,11): error TS2339: Property 'p' does not exist on type 'JSX.IntrinsicElements'.
src/presentation/pages/cliente/CrearSolicitudPage.tsx(197,33): error TS2339: Property 'strong' does not exist on type 'JSX.IntrinsicElements'.
src/presentation/pages/cliente/CrearSolicitudPage.tsx(197,69): error TS2339: Property 'strong' does not exist on type 'JSX.IntrinsicElements'.
src/presentation/pages/cliente/CrearSolicitudPage.tsx(198,11): error TS2339: Property 'p' does not exist on type 'JSX.IntrinsicElements'.
src/presentation/pages/cliente/CrearSolicitudPage.tsx(199,9): error TS2339: Property 'div' does not exist on type 'JSX.IntrinsicElements'.
src/presentation/pages/cliente/CrearSolicitudPage.tsx(202,9): error TS2339: Property 'div' does not exist on type 'JSX.IntrinsicElements'.
src/presentation/pages/cliente/CrearSolicitudPage.tsx(203,11): error TS2339: Property 'label' does not exist on type 'JSX.IntrinsicElements'.
src/presentation/pages/cliente/CrearSolicitudPage.tsx(203,37): error TS2339: Property 'label' does not exist on type 'JSX.IntrinsicElements'.
src/presentation/pages/cliente/CrearSolicitudPage.tsx(204,11): error TS2339: Property 'input' does not exist on type 'JSX.IntrinsicElements'.
src/presentation/pages/cliente/CrearSolicitudPage.tsx(207,24): error TS7006: Parameter 'e' implicitly has an 'any' type.
src/presentation/pages/cliente/CrearSolicitudPage.tsx(210,9): error TS2339: Property 'div' does not exist on type 'JSX.IntrinsicElements'.
src/presentation/pages/cliente/CrearSolicitudPage.tsx(212,9): error TS2339: Property 'button' does not exist on type 'JSX.IntrinsicElements'.
src/presentation/pages/cliente/CrearSolicitudPage.tsx(217,9): error TS2339: Property 'button' does not exist on type 'JSX.IntrinsicElements'.
src/presentation/pages/cliente/CrearSolicitudPage.tsx(218,7): error TS2339: Property 'form' does not exist on type 'JSX.IntrinsicElements'.
src/presentation/pages/cliente/CrearSolicitudPage.tsx(219,5): error TS2339: Property 'div' does not exist on type 'JSX.IntrinsicElements'.
src/presentation/pages/cliente/DashboardClientePage.tsx(2,29): error TS2792: Cannot find module 'react-router-dom'. Did you mean to set the 'moduleResolution' option to 'nodenext', or to add aliases to the 'paths' option?
src/presentation/pages/cliente/DashboardClientePage.tsx(3,36): error TS1484: 'Solicitud' is a type and must be imported using a type-only import when 'verbatimModuleSyntax' is enabled.
src/presentation/pages/cliente/DashboardClientePage.tsx(4,66): error TS2792: Cannot find module 'react-icons/fa'. Did you mean to set the 'moduleResolution' option to 'nodenext', or to add aliases to the 'paths' option?
src/presentation/pages/cliente/DashboardClientePage.tsx(30,5): error TS2339: Property 'div' does not exist on type 'JSX.IntrinsicElements'.
src/presentation/pages/cliente/DashboardClientePage.tsx(31,7): error TS2339: Property 'div' does not exist on type 'JSX.IntrinsicElements'.
src/presentation/pages/cliente/DashboardClientePage.tsx(32,9): error TS2339: Property 'div' does not exist on type 'JSX.IntrinsicElements'.
src/presentation/pages/cliente/DashboardClientePage.tsx(33,11): error TS2339: Property 'h1' does not exist on type 'JSX.IntrinsicElements'.
src/presentation/pages/cliente/DashboardClientePage.tsx(33,69): error TS2339: Property 'h1' does not exist on type 'JSX.IntrinsicElements'.
src/presentation/pages/cliente/DashboardClientePage.tsx(34,11): error TS2339: Property 'p' does not exist on type 'JSX.IntrinsicElements'.
src/presentation/pages/cliente/DashboardClientePage.tsx(34,60): error TS2339: Property 'p' does not exist on type 'JSX.IntrinsicElements'.
src/presentation/pages/cliente/DashboardClientePage.tsx(35,9): error TS2339: Property 'div' does not exist on type 'JSX.IntrinsicElements'.
src/presentation/pages/cliente/DashboardClientePage.tsx(36,9): error TS2339: Property 'div' does not exist on type 'JSX.IntrinsicElements'.
src/presentation/pages/cliente/DashboardClientePage.tsx(37,11): error TS2339: Property 'button' does not exist on type 'JSX.IntrinsicElements'.
src/presentation/pages/cliente/DashboardClientePage.tsx(44,11): error TS2339: Property 'button' does not exist on type 'JSX.IntrinsicElements'.
src/presentation/pages/cliente/DashboardClientePage.tsx(45,11): error TS2339: Property 'button' does not exist on type 'JSX.IntrinsicElements'.
src/presentation/pages/cliente/DashboardClientePage.tsx(51,11): error TS2339: Property 'button' does not exist on type 'JSX.IntrinsicElements'.
src/presentation/pages/cliente/DashboardClientePage.tsx(52,9): error TS2339: Property 'div' does not exist on type 'JSX.IntrinsicElements'.
src/presentation/pages/cliente/DashboardClientePage.tsx(53,7): error TS2339: Property 'div' does not exist on type 'JSX.IntrinsicElements'.
src/presentation/pages/cliente/DashboardClientePage.tsx(56,7): error TS2339: Property 'div' does not exist on type 'JSX.IntrinsicElements'.
src/presentation/pages/cliente/DashboardClientePage.tsx(57,9): error TS2339: Property 'div' does not exist on type 'JSX.IntrinsicElements'.
src/presentation/pages/cliente/DashboardClientePage.tsx(58,11): error TS2339: Property 'div' does not exist on type 'JSX.IntrinsicElements'.
src/presentation/pages/cliente/DashboardClientePage.tsx(59,13): error TS2339: Property 'div' does not exist on type 'JSX.IntrinsicElements'.
src/presentation/pages/cliente/DashboardClientePage.tsx(60,15): error TS2339: Property 'p' does not exist on type 'JSX.IntrinsicElements'.
src/presentation/pages/cliente/DashboardClientePage.tsx(60,71): error TS2339: Property 'p' does not exist on type 'JSX.IntrinsicElements'.
src/presentation/pages/cliente/DashboardClientePage.tsx(61,15): error TS2339: Property 'p' does not exist on type 'JSX.IntrinsicElements'.
src/presentation/pages/cliente/DashboardClientePage.tsx(61,81): error TS2339: Property 'p' does not exist on type 'JSX.IntrinsicElements'.
src/presentation/pages/cliente/DashboardClientePage.tsx(62,13): error TS2339: Property 'div' does not exist on type 'JSX.IntrinsicElements'.
src/presentation/pages/cliente/DashboardClientePage.tsx(64,11): error TS2339: Property 'div' does not exist on type 'JSX.IntrinsicElements'.
src/presentation/pages/cliente/DashboardClientePage.tsx(65,9): error TS2339: Property 'div' does not exist on type 'JSX.IntrinsicElements'.
src/presentation/pages/cliente/DashboardClientePage.tsx(67,9): error TS2339: Property 'div' does not exist on type 'JSX.IntrinsicElements'.
src/presentation/pages/cliente/DashboardClientePage.tsx(68,11): error TS2339: Property 'div' does not exist on type 'JSX.IntrinsicElements'.
src/presentation/pages/cliente/DashboardClientePage.tsx(69,13): error TS2339: Property 'div' does not exist on type 'JSX.IntrinsicElements'.
src/presentation/pages/cliente/DashboardClientePage.tsx(70,15): error TS2339: Property 'p' does not exist on type 'JSX.IntrinsicElements'.
src/presentation/pages/cliente/DashboardClientePage.tsx(70,63): error TS2339: Property 'p' does not exist on type 'JSX.IntrinsicElements'.
src/presentation/pages/cliente/DashboardClientePage.tsx(71,15): error TS2339: Property 'p' does not exist on type 'JSX.IntrinsicElements'.
src/presentation/pages/cliente/DashboardClientePage.tsx(71,84): error TS2339: Property 'p' does not exist on type 'JSX.IntrinsicElements'.
src/presentation/pages/cliente/DashboardClientePage.tsx(72,13): error TS2339: Property 'div' does not exist on type 'JSX.IntrinsicElements'.
src/presentation/pages/cliente/DashboardClientePage.tsx(74,11): error TS2339: Property 'div' does not exist on type 'JSX.IntrinsicElements'.
src/presentation/pages/cliente/DashboardClientePage.tsx(75,9): error TS2339: Property 'div' does not exist on type 'JSX.IntrinsicElements'.
src/presentation/pages/cliente/DashboardClientePage.tsx(77,9): error TS2339: Property 'div' does not exist on type 'JSX.IntrinsicElements'.
src/presentation/pages/cliente/DashboardClientePage.tsx(78,11): error TS2339: Property 'div' does not exist on type 'JSX.IntrinsicElements'.
src/presentation/pages/cliente/DashboardClientePage.tsx(79,13): error TS2339: Property 'div' does not exist on type 'JSX.IntrinsicElements'.
src/presentation/pages/cliente/DashboardClientePage.tsx(80,15): error TS2339: Property 'p' does not exist on type 'JSX.IntrinsicElements'.
src/presentation/pages/cliente/DashboardClientePage.tsx(80,69): error TS2339: Property 'p' does not exist on type 'JSX.IntrinsicElements'.
src/presentation/pages/cliente/DashboardClientePage.tsx(81,15): error TS2339: Property 'p' does not exist on type 'JSX.IntrinsicElements'.
src/presentation/pages/cliente/DashboardClientePage.tsx(81,83): error TS2339: Property 'p' does not exist on type 'JSX.IntrinsicElements'.
src/presentation/pages/cliente/DashboardClientePage.tsx(82,13): error TS2339: Property 'div' does not exist on type 'JSX.IntrinsicElements'.
src/presentation/pages/cliente/DashboardClientePage.tsx(84,11): error TS2339: Property 'div' does not exist on type 'JSX.IntrinsicElements'.
src/presentation/pages/cliente/DashboardClientePage.tsx(85,9): error TS2339: Property 'div' does not exist on type 'JSX.IntrinsicElements'.
src/presentation/pages/cliente/DashboardClientePage.tsx(86,7): error TS2339: Property 'div' does not exist on type 'JSX.IntrinsicElements'.
src/presentation/pages/cliente/DashboardClientePage.tsx(89,7): error TS2339: Property 'div' does not exist on type 'JSX.IntrinsicElements'.
src/presentation/pages/cliente/DashboardClientePage.tsx(90,9): error TS2339: Property 'h2' does not exist on type 'JSX.IntrinsicElements'.
src/presentation/pages/cliente/DashboardClientePage.tsx(90,87): error TS2339: Property 'h2' does not exist on type 'JSX.IntrinsicElements'.
src/presentation/pages/cliente/DashboardClientePage.tsx(92,11): error TS2339: Property 'div' does not exist on type 'JSX.IntrinsicElements'.
src/presentation/pages/cliente/DashboardClientePage.tsx(92,70): error TS2339: Property 'div' does not exist on type 'JSX.IntrinsicElements'.
src/presentation/pages/cliente/DashboardClientePage.tsx(94,11): error TS2339: Property 'div' does not exist on type 'JSX.IntrinsicElements'.
src/presentation/pages/cliente/DashboardClientePage.tsx(95,13): error TS2339: Property 'p' does not exist on type 'JSX.IntrinsicElements'.
src/presentation/pages/cliente/DashboardClientePage.tsx(95,72): error TS2339: Property 'p' does not exist on type 'JSX.IntrinsicElements'.
src/presentation/pages/cliente/DashboardClientePage.tsx(96,13): error TS2339: Property 'button' does not exist on type 'JSX.IntrinsicElements'.
src/presentation/pages/cliente/DashboardClientePage.tsx(101,13): error TS2339: Property 'button' does not exist on type 'JSX.IntrinsicElements'.
src/presentation/pages/cliente/DashboardClientePage.tsx(102,11): error TS2339: Property 'div' does not exist on type 'JSX.IntrinsicElements'.
src/presentation/pages/cliente/DashboardClientePage.tsx(104,11): error TS2339: Property 'div' does not exist on type 'JSX.IntrinsicElements'.
src/presentation/pages/cliente/DashboardClientePage.tsx(106,15): error TS2339: Property 'div' does not exist on type 'JSX.IntrinsicElements'.
src/presentation/pages/cliente/DashboardClientePage.tsx(111,17): error TS2339: Property 'div' does not exist on type 'JSX.IntrinsicElements'.
src/presentation/pages/cliente/DashboardClientePage.tsx(112,19): error TS2339: Property 'p' does not exist on type 'JSX.IntrinsicElements'.
src/presentation/pages/cliente/DashboardClientePage.tsx(112,89): error TS2339: Property 'p' does not exist on type 'JSX.IntrinsicElements'.
src/presentation/pages/cliente/DashboardClientePage.tsx(113,19): error TS2339: Property 'p' does not exist on type 'JSX.IntrinsicElements'.
src/presentation/pages/cliente/DashboardClientePage.tsx(113,97): error TS2339: Property 'p' does not exist on type 'JSX.IntrinsicElements'.
src/presentation/pages/cliente/DashboardClientePage.tsx(114,17): error TS2339: Property 'div' does not exist on type 'JSX.IntrinsicElements'.
src/presentation/pages/cliente/DashboardClientePage.tsx(115,17): error TS2339: Property 'span' does not exist on type 'JSX.IntrinsicElements'.
src/presentation/pages/cliente/DashboardClientePage.tsx(121,17): error TS2339: Property 'span' does not exist on type 'JSX.IntrinsicElements'.
src/presentation/pages/cliente/DashboardClientePage.tsx(122,15): error TS2339: Property 'div' does not exist on type 'JSX.IntrinsicElements'.
src/presentation/pages/cliente/DashboardClientePage.tsx(124,11): error TS2339: Property 'div' does not exist on type 'JSX.IntrinsicElements'.
src/presentation/pages/cliente/DashboardClientePage.tsx(126,7): error TS2339: Property 'div' does not exist on type 'JSX.IntrinsicElements'.
src/presentation/pages/cliente/DashboardClientePage.tsx(127,5): error TS2339: Property 'div' does not exist on type 'JSX.IntrinsicElements'.
src/presentation/pages/cliente/ListaOfertasPage.tsx(2,40): error TS2792: Cannot find module 'react-router-dom'. Did you mean to set the 'moduleResolution' option to 'nodenext', or to add aliases to the 'paths' option?
src/presentation/pages/cliente/ListaOfertasPage.tsx(5,55): error TS2792: Cannot find module 'react-icons/fa'. Did you mean to set the 'moduleResolution' option to 'nodenext', or to add aliases to the 'paths' option?
src/presentation/pages/cliente/ListaOfertasPage.tsx(48,7): error TS2339: Property 'div' does not exist on type 'JSX.IntrinsicElements'.
src/presentation/pages/cliente/ListaOfertasPage.tsx(49,9): error TS2339: Property 'div' does not exist on type 'JSX.IntrinsicElements'.
src/presentation/pages/cliente/ListaOfertasPage.tsx(49,59): error TS2339: Property 'div' does not exist on type 'JSX.IntrinsicElements'.
src/presentation/pages/cliente/ListaOfertasPage.tsx(50,7): error TS2339: Property 'div' does not exist on type 'JSX.IntrinsicElements'.
src/presentation/pages/cliente/ListaOfertasPage.tsx(55,5): error TS2339: Property 'div' does not exist on type 'JSX.IntrinsicElements'.
src/presentation/pages/cliente/ListaOfertasPage.tsx(56,7): error TS2339: Property 'div' does not exist on type 'JSX.IntrinsicElements'.
src/presentation/pages/cliente/ListaOfertasPage.tsx(57,9): error TS2339: Property 'h1' does not exist on type 'JSX.IntrinsicElements'.
src/presentation/pages/cliente/ListaOfertasPage.tsx(57,80): error TS2339: Property 'h1' does not exist on type 'JSX.IntrinsicElements'.
src/presentation/pages/cliente/ListaOfertasPage.tsx(58,9): error TS2339: Property 'p' does not exist on type 'JSX.IntrinsicElements'.
src/presentation/pages/cliente/ListaOfertasPage.tsx(58,53): error TS2339: Property 'p' does not exist on type 'JSX.IntrinsicElements'.
src/presentation/pages/cliente/ListaOfertasPage.tsx(59,7): error TS2339: Property 'div' does not exist on type 'JSX.IntrinsicElements'.
src/presentation/pages/cliente/ListaOfertasPage.tsx(62,9): error TS2339: Property 'div' does not exist on type 'JSX.IntrinsicElements'.
src/presentation/pages/cliente/ListaOfertasPage.tsx(63,11): error TS2339: Property 'p' does not exist on type 'JSX.IntrinsicElements'.
src/presentation/pages/cliente/ListaOfertasPage.tsx(63,78): error TS2339: Property 'p' does not exist on type 'JSX.IntrinsicElements'.
src/presentation/pages/cliente/ListaOfertasPage.tsx(64,9): error TS2339: Property 'div' does not exist on type 'JSX.IntrinsicElements'.
src/presentation/pages/cliente/ListaOfertasPage.tsx(66,9): error TS2339: Property 'div' does not exist on type 'JSX.IntrinsicElements'.
src/presentation/pages/cliente/ListaOfertasPage.tsx(70,15): error TS2339: Property 'div' does not exist on type 'JSX.IntrinsicElements'.
src/presentation/pages/cliente/ListaOfertasPage.tsx(74,17): error TS2339: Property 'div' does not exist on type 'JSX.IntrinsicElements'.
src/presentation/pages/cliente/ListaOfertasPage.tsx(76,21): error TS2339: Property 'img' does not exist on type 'JSX.IntrinsicElements'.
src/presentation/pages/cliente/ListaOfertasPage.tsx(82,21): error TS2339: Property 'div' does not exist on type 'JSX.IntrinsicElements'.
src/presentation/pages/cliente/ListaOfertasPage.tsx(84,21): error TS2339: Property 'div' does not exist on type 'JSX.IntrinsicElements'.
src/presentation/pages/cliente/ListaOfertasPage.tsx(86,19): error TS2339: Property 'div' does not exist on type 'JSX.IntrinsicElements'.
src/presentation/pages/cliente/ListaOfertasPage.tsx(87,21): error TS2339: Property 'h3' does not exist on type 'JSX.IntrinsicElements'.
src/presentation/pages/cliente/ListaOfertasPage.tsx(89,21): error TS2339: Property 'h3' does not exist on type 'JSX.IntrinsicElements'.
src/presentation/pages/cliente/ListaOfertasPage.tsx(90,21): error TS2339: Property 'div' does not exist on type 'JSX.IntrinsicElements'.
src/presentation/pages/cliente/ListaOfertasPage.tsx(101,23): error TS2339: Property 'span' does not exist on type 'JSX.IntrinsicElements'.
src/presentation/pages/cliente/ListaOfertasPage.tsx(103,23): error TS2339: Property 'span' does not exist on type 'JSX.IntrinsicElements'.
src/presentation/pages/cliente/ListaOfertasPage.tsx(104,21): error TS2339: Property 'div' does not exist on type 'JSX.IntrinsicElements'.
src/presentation/pages/cliente/ListaOfertasPage.tsx(105,19): error TS2339: Property 'div' does not exist on type 'JSX.IntrinsicElements'.
src/presentation/pages/cliente/ListaOfertasPage.tsx(106,17): error TS2339: Property 'div' does not exist on type 'JSX.IntrinsicElements'.
src/presentation/pages/cliente/ListaOfertasPage.tsx(108,17): error TS2339: Property 'div' does not exist on type 'JSX.IntrinsicElements'.
src/presentation/pages/cliente/ListaOfertasPage.tsx(109,19): error TS2339: Property 'div' does not exist on type 'JSX.IntrinsicElements'.
src/presentation/pages/cliente/ListaOfertasPage.tsx(110,21): error TS2339: Property 'span' does not exist on type 'JSX.IntrinsicElements'.
src/presentation/pages/cliente/ListaOfertasPage.tsx(110,77): error TS2339: Property 'span' does not exist on type 'JSX.IntrinsicElements'.
src/presentation/pages/cliente/ListaOfertasPage.tsx(111,21): error TS2339: Property 'span' does not exist on type 'JSX.IntrinsicElements'.
src/presentation/pages/cliente/ListaOfertasPage.tsx(114,21): error TS2339: Property 'span' does not exist on type 'JSX.IntrinsicElements'.
src/presentation/pages/cliente/ListaOfertasPage.tsx(115,19): error TS2339: Property 'div' does not exist on type 'JSX.IntrinsicElements'.
src/presentation/pages/cliente/ListaOfertasPage.tsx(117,21): error TS2339: Property 'p' does not exist on type 'JSX.IntrinsicElements'.
src/presentation/pages/cliente/ListaOfertasPage.tsx(117,79): error TS2339: Property 'p' does not exist on type 'JSX.IntrinsicElements'.
src/presentation/pages/cliente/ListaOfertasPage.tsx(119,17): error TS2339: Property 'div' does not exist on type 'JSX.IntrinsicElements'.
src/presentation/pages/cliente/ListaOfertasPage.tsx(121,17): error TS2339: Property 'button' does not exist on type 'JSX.IntrinsicElements'.
src/presentation/pages/cliente/ListaOfertasPage.tsx(128,17): error TS2339: Property 'button' does not exist on type 'JSX.IntrinsicElements'.
src/presentation/pages/cliente/ListaOfertasPage.tsx(129,15): error TS2339: Property 'div' does not exist on type 'JSX.IntrinsicElements'.
src/presentation/pages/cliente/ListaOfertasPage.tsx(131,9): error TS2339: Property 'div' does not exist on type 'JSX.IntrinsicElements'.
src/presentation/pages/cliente/ListaOfertasPage.tsx(133,5): error TS2339: Property 'div' does not exist on type 'JSX.IntrinsicElements'.
src/presentation/pages/cliente/MisServiciosClientePage.tsx(2,29): error TS2792: Cannot find module 'react-router-dom'. Did you mean to set the 'moduleResolution' option to 'nodenext', or to add aliases to the 'paths' option?
src/presentation/pages/cliente/MisServiciosClientePage.tsx(3,37): error TS1484: 'Servicio' is a type and must be imported using a type-only import when 'verbatimModuleSyntax' is enabled.
src/presentation/pages/cliente/MisServiciosClientePage.tsx(4,83): error TS2792: Cannot find module 'react-icons/fa'. Did you mean to set the 'moduleResolution' option to 'nodenext', or to add aliases to the 'paths' option?
src/presentation/pages/cliente/MisServiciosClientePage.tsx(73,13): error TS2339: Property 'div' does not exist on type 'JSX.IntrinsicElements'.
src/presentation/pages/cliente/MisServiciosClientePage.tsx(74,17): error TS2339: Property 'div' does not exist on type 'JSX.IntrinsicElements'.
src/presentation/pages/cliente/MisServiciosClientePage.tsx(74,97): error TS2339: Property 'div' does not exist on type 'JSX.IntrinsicElements'.
src/presentation/pages/cliente/MisServiciosClientePage.tsx(75,13): error TS2339: Property 'div' does not exist on type 'JSX.IntrinsicElements'.
src/presentation/pages/cliente/MisServiciosClientePage.tsx(80,9): error TS2339: Property 'div' does not exist on type 'JSX.IntrinsicElements'.
src/presentation/pages/cliente/MisServiciosClientePage.tsx(81,13): error TS2339: Property 'div' does not exist on type 'JSX.IntrinsicElements'.
src/presentation/pages/cliente/MisServiciosClientePage.tsx(82,17): error TS2339: Property 'h1' does not exist on type 'JSX.IntrinsicElements'.
src/presentation/pages/cliente/MisServiciosClientePage.tsx(82,84): error TS2339: Property 'h1' does not exist on type 'JSX.IntrinsicElements'.
src/presentation/pages/cliente/MisServiciosClientePage.tsx(85,17): error TS2339: Property 'div' does not exist on type 'JSX.IntrinsicElements'.
src/presentation/pages/cliente/MisServiciosClientePage.tsx(86,21): error TS2339: Property 'button' does not exist on type 'JSX.IntrinsicElements'.
src/presentation/pages/cliente/MisServiciosClientePage.tsx(94,21): error TS2339: Property 'button' does not exist on type 'JSX.IntrinsicElements'.
src/presentation/pages/cliente/MisServiciosClientePage.tsx(95,21): error TS2339: Property 'button' does not exist on type 'JSX.IntrinsicElements'.
src/presentation/pages/cliente/MisServiciosClientePage.tsx(103,21): error TS2339: Property 'button' does not exist on type 'JSX.IntrinsicElements'.
src/presentation/pages/cliente/MisServiciosClientePage.tsx(104,21): error TS2339: Property 'button' does not exist on type 'JSX.IntrinsicElements'.
src/presentation/pages/cliente/MisServiciosClientePage.tsx(112,21): error TS2339: Property 'button' does not exist on type 'JSX.IntrinsicElements'.
src/presentation/pages/cliente/MisServiciosClientePage.tsx(113,21): error TS2339: Property 'button' does not exist on type 'JSX.IntrinsicElements'.
src/presentation/pages/cliente/MisServiciosClientePage.tsx(121,21): error TS2339: Property 'button' does not exist on type 'JSX.IntrinsicElements'.
src/presentation/pages/cliente/MisServiciosClientePage.tsx(122,17): error TS2339: Property 'div' does not exist on type 'JSX.IntrinsicElements'.
src/presentation/pages/cliente/MisServiciosClientePage.tsx(123,13): error TS2339: Property 'div' does not exist on type 'JSX.IntrinsicElements'.
src/presentation/pages/cliente/MisServiciosClientePage.tsx(126,17): error TS2339: Property 'div' does not exist on type 'JSX.IntrinsicElements'.
src/presentation/pages/cliente/MisServiciosClientePage.tsx(128,21): error TS2339: Property 'p' does not exist on type 'JSX.IntrinsicElements'.
src/presentation/pages/cliente/MisServiciosClientePage.tsx(128,150): error TS2339: Property 'p' does not exist on type 'JSX.IntrinsicElements'.
src/presentation/pages/cliente/MisServiciosClientePage.tsx(130,25): error TS2339: Property 'button' does not exist on type 'JSX.IntrinsicElements'.
src/presentation/pages/cliente/MisServiciosClientePage.tsx(135,25): error TS2339: Property 'button' does not exist on type 'JSX.IntrinsicElements'.
src/presentation/pages/cliente/MisServiciosClientePage.tsx(137,17): error TS2339: Property 'div' does not exist on type 'JSX.IntrinsicElements'.
src/presentation/pages/cliente/MisServiciosClientePage.tsx(139,17): error TS2339: Property 'div' does not exist on type 'JSX.IntrinsicElements'.
src/presentation/pages/cliente/MisServiciosClientePage.tsx(141,25): error TS2339: Property 'div' does not exist on type 'JSX.IntrinsicElements'.
src/presentation/pages/cliente/MisServiciosClientePage.tsx(145,29): error TS2339: Property 'div' does not exist on type 'JSX.IntrinsicElements'.
src/presentation/pages/cliente/MisServiciosClientePage.tsx(146,33): error TS2339: Property 'div' does not exist on type 'JSX.IntrinsicElements'.
src/presentation/pages/cliente/MisServiciosClientePage.tsx(147,37): error TS2339: Property 'h3' does not exist on type 'JSX.IntrinsicElements'.
src/presentation/pages/cliente/MisServiciosClientePage.tsx(149,37): error TS2339: Property 'h3' does not exist on type 'JSX.IntrinsicElements'.
src/presentation/pages/cliente/MisServiciosClientePage.tsx(150,37): error TS2339: Property 'p' does not exist on type 'JSX.IntrinsicElements'.
src/presentation/pages/cliente/MisServiciosClientePage.tsx(152,37): error TS2339: Property 'p' does not exist on type 'JSX.IntrinsicElements'.
src/presentation/pages/cliente/MisServiciosClientePage.tsx(153,37): error TS2339: Property 'p' does not exist on type 'JSX.IntrinsicElements'.
src/presentation/pages/cliente/MisServiciosClientePage.tsx(155,37): error TS2339: Property 'p' does not exist on type 'JSX.IntrinsicElements'.
src/presentation/pages/cliente/MisServiciosClientePage.tsx(156,33): error TS2339: Property 'div' does not exist on type 'JSX.IntrinsicElements'.
src/presentation/pages/cliente/MisServiciosClientePage.tsx(157,33): error TS2339: Property 'div' does not exist on type 'JSX.IntrinsicElements'.
src/presentation/pages/cliente/MisServiciosClientePage.tsx(159,37): error TS2339: Property 'span' does not exist on type 'JSX.IntrinsicElements'.
src/presentation/pages/cliente/MisServiciosClientePage.tsx(159,108): error TS2339: Property 'span' does not exist on type 'JSX.IntrinsicElements'.
src/presentation/pages/cliente/MisServiciosClientePage.tsx(160,33): error TS2339: Property 'div' does not exist on type 'JSX.IntrinsicElements'.
src/presentation/pages/cliente/MisServiciosClientePage.tsx(161,29): error TS2339: Property 'div' does not exist on type 'JSX.IntrinsicElements'.
src/presentation/pages/cliente/MisServiciosClientePage.tsx(164,29): error TS2339: Property 'p' does not exist on type 'JSX.IntrinsicElements'.
src/presentation/pages/cliente/MisServiciosClientePage.tsx(166,29): error TS2339: Property 'p' does not exist on type 'JSX.IntrinsicElements'.
src/presentation/pages/cliente/MisServiciosClientePage.tsx(170,33): error TS2339: Property 'div' does not exist on type 'JSX.IntrinsicElements'.
src/presentation/pages/cliente/MisServiciosClientePage.tsx(171,37): error TS2339: Property 'div' does not exist on type 'JSX.IntrinsicElements'.
src/presentation/pages/cliente/MisServiciosClientePage.tsx(173,45): error TS2339: Property 'img' does not exist on type 'JSX.IntrinsicElements'.
src/presentation/pages/cliente/MisServiciosClientePage.tsx(179,45): error TS2339: Property 'span' does not exist on type 'JSX.IntrinsicElements'.
src/presentation/pages/cliente/MisServiciosClientePage.tsx(181,45): error TS2339: Property 'span' does not exist on type 'JSX.IntrinsicElements'.
src/presentation/pages/cliente/MisServiciosClientePage.tsx(183,37): error TS2339: Property 'div' does not exist on type 'JSX.IntrinsicElements'.
src/presentation/pages/cliente/MisServiciosClientePage.tsx(184,37): error TS2339: Property 'div' does not exist on type 'JSX.IntrinsicElements'.
src/presentation/pages/cliente/MisServiciosClientePage.tsx(185,41): error TS2339: Property 'p' does not exist on type 'JSX.IntrinsicElements'.
src/presentation/pages/cliente/MisServiciosClientePage.tsx(187,41): error TS2339: Property 'p' does not exist on type 'JSX.IntrinsicElements'.
src/presentation/pages/cliente/MisServiciosClientePage.tsx(188,41): error TS2339: Property 'p' does not exist on type 'JSX.IntrinsicElements'.
src/presentation/pages/cliente/MisServiciosClientePage.tsx(188,94): error TS2339: Property 'p' does not exist on type 'JSX.IntrinsicElements'.
src/presentation/pages/cliente/MisServiciosClientePage.tsx(189,37): error TS2339: Property 'div' does not exist on type 'JSX.IntrinsicElements'.
src/presentation/pages/cliente/MisServiciosClientePage.tsx(190,33): error TS2339: Property 'div' does not exist on type 'JSX.IntrinsicElements'.
src/presentation/pages/cliente/MisServiciosClientePage.tsx(194,29): error TS2339: Property 'div' does not exist on type 'JSX.IntrinsicElements'.
src/presentation/pages/cliente/MisServiciosClientePage.tsx(195,33): error TS2339: Property 'button' does not exist on type 'JSX.IntrinsicElements'.
src/presentation/pages/cliente/MisServiciosClientePage.tsx(201,33): error TS2339: Property 'button' does not exist on type 'JSX.IntrinsicElements'.
src/presentation/pages/cliente/MisServiciosClientePage.tsx(204,37): error TS2339: Property 'div' does not exist on type 'JSX.IntrinsicElements'.
src/presentation/pages/cliente/MisServiciosClientePage.tsx(205,41): error TS2339: Property 'button' does not exist on type 'JSX.IntrinsicElements'.
src/presentation/pages/cliente/MisServiciosClientePage.tsx(211,41): error TS2339: Property 'button' does not exist on type 'JSX.IntrinsicElements'.
src/presentation/pages/cliente/MisServiciosClientePage.tsx(212,41): error TS2339: Property 'button' does not exist on type 'JSX.IntrinsicElements'.
src/presentation/pages/cliente/MisServiciosClientePage.tsx(218,41): error TS2339: Property 'button' does not exist on type 'JSX.IntrinsicElements'.
src/presentation/pages/cliente/MisServiciosClientePage.tsx(219,37): error TS2339: Property 'div' does not exist on type 'JSX.IntrinsicElements'.
src/presentation/pages/cliente/MisServiciosClientePage.tsx(221,29): error TS2339: Property 'div' does not exist on type 'JSX.IntrinsicElements'.
src/presentation/pages/cliente/MisServiciosClientePage.tsx(222,25): error TS2339: Property 'div' does not exist on type 'JSX.IntrinsicElements'.
src/presentation/pages/cliente/MisServiciosClientePage.tsx(224,17): error TS2339: Property 'div' does not exist on type 'JSX.IntrinsicElements'.
src/presentation/pages/cliente/MisServiciosClientePage.tsx(226,9): error TS2339: Property 'div' does not exist on type 'JSX.IntrinsicElements'.
src/presentation/pages/cliente/MisSolicitudesPage.tsx(2,29): error TS2792: Cannot find module 'react-router-dom'. Did you mean to set the 'moduleResolution' option to 'nodenext', or to add aliases to the 'paths' option?
src/presentation/pages/cliente/MisSolicitudesPage.tsx(3,36): error TS1484: 'Solicitud' is a type and must be imported using a type-only import when 'verbatimModuleSyntax' is enabled.
src/presentation/pages/cliente/MisSolicitudesPage.tsx(4,59): error TS2792: Cannot find module 'react-icons/fa'. Did you mean to set the 'moduleResolution' option to 'nodenext', or to add aliases to the 'paths' option?
src/presentation/pages/cliente/MisSolicitudesPage.tsx(27,57): error TS2503: Cannot find namespace 'JSX'.
src/presentation/pages/cliente/MisSolicitudesPage.tsx(60,7): error TS2339: Property 'div' does not exist on type 'JSX.IntrinsicElements'.
src/presentation/pages/cliente/MisSolicitudesPage.tsx(61,9): error TS2339: Property 'div' does not exist on type 'JSX.IntrinsicElements'.
src/presentation/pages/cliente/MisSolicitudesPage.tsx(61,63): error TS2339: Property 'div' does not exist on type 'JSX.IntrinsicElements'.
src/presentation/pages/cliente/MisSolicitudesPage.tsx(62,7): error TS2339: Property 'div' does not exist on type 'JSX.IntrinsicElements'.
src/presentation/pages/cliente/MisSolicitudesPage.tsx(67,5): error TS2339: Property 'div' does not exist on type 'JSX.IntrinsicElements'.
src/presentation/pages/cliente/MisSolicitudesPage.tsx(68,7): error TS2339: Property 'div' does not exist on type 'JSX.IntrinsicElements'.
src/presentation/pages/cliente/MisSolicitudesPage.tsx(69,9): error TS2339: Property 'h1' does not exist on type 'JSX.IntrinsicElements'.
src/presentation/pages/cliente/MisSolicitudesPage.tsx(69,73): error TS2339: Property 'h1' does not exist on type 'JSX.IntrinsicElements'.
src/presentation/pages/cliente/MisSolicitudesPage.tsx(70,9): error TS2339: Property 'button' does not exist on type 'JSX.IntrinsicElements'.
src/presentation/pages/cliente/MisSolicitudesPage.tsx(75,9): error TS2339: Property 'button' does not exist on type 'JSX.IntrinsicElements'.
src/presentation/pages/cliente/MisSolicitudesPage.tsx(76,7): error TS2339: Property 'div' does not exist on type 'JSX.IntrinsicElements'.
src/presentation/pages/cliente/MisSolicitudesPage.tsx(79,9): error TS2339: Property 'div' does not exist on type 'JSX.IntrinsicElements'.
src/presentation/pages/cliente/MisSolicitudesPage.tsx(80,11): error TS2339: Property 'p' does not exist on type 'JSX.IntrinsicElements'.
src/presentation/pages/cliente/MisSolicitudesPage.tsx(80,70): error TS2339: Property 'p' does not exist on type 'JSX.IntrinsicElements'.
src/presentation/pages/cliente/MisSolicitudesPage.tsx(81,11): error TS2339: Property 'button' does not exist on type 'JSX.IntrinsicElements'.
src/presentation/pages/cliente/MisSolicitudesPage.tsx(86,11): error TS2339: Property 'button' does not exist on type 'JSX.IntrinsicElements'.
src/presentation/pages/cliente/MisSolicitudesPage.tsx(87,9): error TS2339: Property 'div' does not exist on type 'JSX.IntrinsicElements'.
src/presentation/pages/cliente/MisSolicitudesPage.tsx(89,9): error TS2339: Property 'div' does not exist on type 'JSX.IntrinsicElements'.
src/presentation/pages/cliente/MisSolicitudesPage.tsx(93,15): error TS2339: Property 'div' does not exist on type 'JSX.IntrinsicElements'.
src/presentation/pages/cliente/MisSolicitudesPage.tsx(97,17): error TS2339: Property 'div' does not exist on type 'JSX.IntrinsicElements'.
src/presentation/pages/cliente/MisSolicitudesPage.tsx(98,19): error TS2339: Property 'div' does not exist on type 'JSX.IntrinsicElements'.
src/presentation/pages/cliente/MisSolicitudesPage.tsx(99,21): error TS2339: Property 'div' does not exist on type 'JSX.IntrinsicElements'.
src/presentation/pages/cliente/MisSolicitudesPage.tsx(100,23): error TS2339: Property 'h3' does not exist on type 'JSX.IntrinsicElements'.
src/presentation/pages/cliente/MisSolicitudesPage.tsx(102,23): error TS2339: Property 'h3' does not exist on type 'JSX.IntrinsicElements'.
src/presentation/pages/cliente/MisSolicitudesPage.tsx(103,23): error TS2339: Property 'span' does not exist on type 'JSX.IntrinsicElements'.
src/presentation/pages/cliente/MisSolicitudesPage.tsx(106,23): error TS2339: Property 'span' does not exist on type 'JSX.IntrinsicElements'.
src/presentation/pages/cliente/MisSolicitudesPage.tsx(107,21): error TS2339: Property 'div' does not exist on type 'JSX.IntrinsicElements'.
src/presentation/pages/cliente/MisSolicitudesPage.tsx(108,21): error TS2339: Property 'p' does not exist on type 'JSX.IntrinsicElements'.
src/presentation/pages/cliente/MisSolicitudesPage.tsx(108,78): error TS2339: Property 'p' does not exist on type 'JSX.IntrinsicElements'.
src/presentation/pages/cliente/MisSolicitudesPage.tsx(109,21): error TS2339: Property 'div' does not exist on type 'JSX.IntrinsicElements'.
src/presentation/pages/cliente/MisSolicitudesPage.tsx(110,23): error TS2339: Property 'span' does not exist on type 'JSX.IntrinsicElements'.
src/presentation/pages/cliente/MisSolicitudesPage.tsx(116,23): error TS2339: Property 'span' does not exist on type 'JSX.IntrinsicElements'.
src/presentation/pages/cliente/MisSolicitudesPage.tsx(118,25): error TS2339: Property 'span' does not exist on type 'JSX.IntrinsicElements'.
src/presentation/pages/cliente/MisSolicitudesPage.tsx(120,25): error TS2339: Property 'span' does not exist on type 'JSX.IntrinsicElements'.
src/presentation/pages/cliente/MisSolicitudesPage.tsx(122,21): error TS2339: Property 'div' does not exist on type 'JSX.IntrinsicElements'.
src/presentation/pages/cliente/MisSolicitudesPage.tsx(123,19): error TS2339: Property 'div' does not exist on type 'JSX.IntrinsicElements'.
src/presentation/pages/cliente/MisSolicitudesPage.tsx(124,19): error TS2339: Property 'div' does not exist on type 'JSX.IntrinsicElements'.
src/presentation/pages/cliente/MisSolicitudesPage.tsx(126,23): error TS2339: Property 'button' does not exist on type 'JSX.IntrinsicElements'.
src/presentation/pages/cliente/MisSolicitudesPage.tsx(131,23): error TS2339: Property 'button' does not exist on type 'JSX.IntrinsicElements'.
src/presentation/pages/cliente/MisSolicitudesPage.tsx(133,21): error TS2339: Property 'button' does not exist on type 'JSX.IntrinsicElements'.
src/presentation/pages/cliente/MisSolicitudesPage.tsx(139,21): error TS2339: Property 'button' does not exist on type 'JSX.IntrinsicElements'.
src/presentation/pages/cliente/MisSolicitudesPage.tsx(140,19): error TS2339: Property 'div' does not exist on type 'JSX.IntrinsicElements'.
src/presentation/pages/cliente/MisSolicitudesPage.tsx(141,17): error TS2339: Property 'div' does not exist on type 'JSX.IntrinsicElements'.
src/presentation/pages/cliente/MisSolicitudesPage.tsx(142,15): error TS2339: Property 'div' does not exist on type 'JSX.IntrinsicElements'.
src/presentation/pages/cliente/MisSolicitudesPage.tsx(145,9): error TS2339: Property 'div' does not exist on type 'JSX.IntrinsicElements'.
src/presentation/pages/cliente/MisSolicitudesPage.tsx(147,5): error TS2339: Property 'div' does not exist on type 'JSX.IntrinsicElements'.
src/presentation/pages/cliente/PagoPage.tsx(2,40): error TS2792: Cannot find module 'react-router-dom'. Did you mean to set the 'moduleResolution' option to 'nodenext', or to add aliases to the 'paths' option?
src/presentation/pages/cliente/PagoPage.tsx(5,105): error TS2792: Cannot find module 'react-icons/fa'. Did you mean to set the 'moduleResolution' option to 'nodenext', or to add aliases to the 'paths' option?
src/presentation/pages/cliente/PagoPage.tsx(62,7): error TS2339: Property 'div' does not exist on type 'JSX.IntrinsicElements'.
src/presentation/pages/cliente/PagoPage.tsx(64,7): error TS2339: Property 'div' does not exist on type 'JSX.IntrinsicElements'.
src/presentation/pages/cliente/PagoPage.tsx(70,7): error TS2339: Property 'div' does not exist on type 'JSX.IntrinsicElements'.
src/presentation/pages/cliente/PagoPage.tsx(72,9): error TS2339: Property 'p' does not exist on type 'JSX.IntrinsicElements'.
src/presentation/pages/cliente/PagoPage.tsx(72,60): error TS2339: Property 'p' does not exist on type 'JSX.IntrinsicElements'.
src/presentation/pages/cliente/PagoPage.tsx(73,7): error TS2339: Property 'div' does not exist on type 'JSX.IntrinsicElements'.
src/presentation/pages/cliente/PagoPage.tsx(81,5): error TS2339: Property 'div' does not exist on type 'JSX.IntrinsicElements'.
src/presentation/pages/cliente/PagoPage.tsx(82,7): error TS2339: Property 'div' does not exist on type 'JSX.IntrinsicElements'.
src/presentation/pages/cliente/PagoPage.tsx(83,9): error TS2339: Property 'h1' does not exist on type 'JSX.IntrinsicElements'.
src/presentation/pages/cliente/PagoPage.tsx(83,80): error TS2339: Property 'h1' does not exist on type 'JSX.IntrinsicElements'.
src/presentation/pages/cliente/PagoPage.tsx(86,11): error TS2339: Property 'div' does not exist on type 'JSX.IntrinsicElements'.
src/presentation/pages/cliente/PagoPage.tsx(88,13): error TS2339: Property 'h2' does not exist on type 'JSX.IntrinsicElements'.
src/presentation/pages/cliente/PagoPage.tsx(88,85): error TS2339: Property 'h2' does not exist on type 'JSX.IntrinsicElements'.
src/presentation/pages/cliente/PagoPage.tsx(89,13): error TS2339: Property 'p' does not exist on type 'JSX.IntrinsicElements'.
src/presentation/pages/cliente/PagoPage.tsx(89,81): error TS2339: Property 'p' does not exist on type 'JSX.IntrinsicElements'.
src/presentation/pages/cliente/PagoPage.tsx(91,15): error TS2339: Property 'div' does not exist on type 'JSX.IntrinsicElements'.
src/presentation/pages/cliente/PagoPage.tsx(92,17): error TS2339: Property 'p' does not exist on type 'JSX.IntrinsicElements'.
src/presentation/pages/cliente/PagoPage.tsx(92,67): error TS2339: Property 'p' does not exist on type 'JSX.IntrinsicElements'.
src/presentation/pages/cliente/PagoPage.tsx(93,17): error TS2339: Property 'p' does not exist on type 'JSX.IntrinsicElements'.
src/presentation/pages/cliente/PagoPage.tsx(93,88): error TS2339: Property 'p' does not exist on type 'JSX.IntrinsicElements'.
src/presentation/pages/cliente/PagoPage.tsx(94,17): error TS2339: Property 'p' does not exist on type 'JSX.IntrinsicElements'.
src/presentation/pages/cliente/PagoPage.tsx(94,98): error TS2339: Property 'p' does not exist on type 'JSX.IntrinsicElements'.
src/presentation/pages/cliente/PagoPage.tsx(95,15): error TS2339: Property 'div' does not exist on type 'JSX.IntrinsicElements'.
src/presentation/pages/cliente/PagoPage.tsx(97,13): error TS2339: Property 'button' does not exist on type 'JSX.IntrinsicElements'.
src/presentation/pages/cliente/PagoPage.tsx(102,13): error TS2339: Property 'button' does not exist on type 'JSX.IntrinsicElements'.
src/presentation/pages/cliente/PagoPage.tsx(103,11): error TS2339: Property 'div' does not exist on type 'JSX.IntrinsicElements'.
src/presentation/pages/cliente/PagoPage.tsx(106,13): error TS2339: Property 'div' does not exist on type 'JSX.IntrinsicElements'.
src/presentation/pages/cliente/PagoPage.tsx(107,15): error TS2339: Property 'h2' does not exist on type 'JSX.IntrinsicElements'.
src/presentation/pages/cliente/PagoPage.tsx(107,93): error TS2339: Property 'h2' does not exist on type 'JSX.IntrinsicElements'.
src/presentation/pages/cliente/PagoPage.tsx(108,15): error TS2339: Property 'div' does not exist on type 'JSX.IntrinsicElements'.
src/presentation/pages/cliente/PagoPage.tsx(109,17): error TS2339: Property 'p' does not exist on type 'JSX.IntrinsicElements'.
src/presentation/pages/cliente/PagoPage.tsx(109,20): error TS2339: Property 'span' does not exist on type 'JSX.IntrinsicElements'.
src/presentation/pages/cliente/PagoPage.tsx(109,61): error TS2339: Property 'span' does not exist on type 'JSX.IntrinsicElements'.
src/presentation/pages/cliente/PagoPage.tsx(109,91): error TS2339: Property 'p' does not exist on type 'JSX.IntrinsicElements'.
src/presentation/pages/cliente/PagoPage.tsx(110,17): error TS2339: Property 'p' does not exist on type 'JSX.IntrinsicElements'.
src/presentation/pages/cliente/PagoPage.tsx(110,20): error TS2339: Property 'span' does not exist on type 'JSX.IntrinsicElements'.
src/presentation/pages/cliente/PagoPage.tsx(110,57): error TS2339: Property 'span' does not exist on type 'JSX.IntrinsicElements'.
src/presentation/pages/cliente/PagoPage.tsx(110,82): error TS2339: Property 'p' does not exist on type 'JSX.IntrinsicElements'.
src/presentation/pages/cliente/PagoPage.tsx(111,15): error TS2339: Property 'div' does not exist on type 'JSX.IntrinsicElements'.
src/presentation/pages/cliente/PagoPage.tsx(112,13): error TS2339: Property 'div' does not exist on type 'JSX.IntrinsicElements'.
src/presentation/pages/cliente/PagoPage.tsx(115,15): error TS2339: Property 'div' does not exist on type 'JSX.IntrinsicElements'.
src/presentation/pages/cliente/PagoPage.tsx(116,17): error TS2339: Property 'h2' does not exist on type 'JSX.IntrinsicElements'.
src/presentation/pages/cliente/PagoPage.tsx(116,89): error TS2339: Property 'h2' does not exist on type 'JSX.IntrinsicElements'.
src/presentation/pages/cliente/PagoPage.tsx(117,17): error TS2339: Property 'div' does not exist on type 'JSX.IntrinsicElements'.
src/presentation/pages/cliente/PagoPage.tsx(118,19): error TS2339: Property 'div' does not exist on type 'JSX.IntrinsicElements'.
src/presentation/pages/cliente/PagoPage.tsx(119,21): error TS2339: Property 'span' does not exist on type 'JSX.IntrinsicElements'.
src/presentation/pages/cliente/PagoPage.tsx(119,39): error TS2339: Property 'span' does not exist on type 'JSX.IntrinsicElements'.
src/presentation/pages/cliente/PagoPage.tsx(120,21): error TS2339: Property 'span' does not exist on type 'JSX.IntrinsicElements'.
src/presentation/pages/cliente/PagoPage.tsx(120,79): error TS2339: Property 'span' does not exist on type 'JSX.IntrinsicElements'.
src/presentation/pages/cliente/PagoPage.tsx(121,19): error TS2339: Property 'div' does not exist on type 'JSX.IntrinsicElements'.
src/presentation/pages/cliente/PagoPage.tsx(122,19): error TS2339: Property 'div' does not exist on type 'JSX.IntrinsicElements'.
src/presentation/pages/cliente/PagoPage.tsx(123,21): error TS2339: Property 'span' does not exist on type 'JSX.IntrinsicElements'.
src/presentation/pages/cliente/PagoPage.tsx(123,42): error TS2339: Property 'span' does not exist on type 'JSX.IntrinsicElements'.
src/presentation/pages/cliente/PagoPage.tsx(124,21): error TS2339: Property 'span' does not exist on type 'JSX.IntrinsicElements'.
src/presentation/pages/cliente/PagoPage.tsx(124,54): error TS2339: Property 'span' does not exist on type 'JSX.IntrinsicElements'.
src/presentation/pages/cliente/PagoPage.tsx(125,19): error TS2339: Property 'div' does not exist on type 'JSX.IntrinsicElements'.
src/presentation/pages/cliente/PagoPage.tsx(126,19): error TS2339: Property 'div' does not exist on type 'JSX.IntrinsicElements'.
src/presentation/pages/cliente/PagoPage.tsx(127,21): error TS2339: Property 'span' does not exist on type 'JSX.IntrinsicElements'.
src/presentation/pages/cliente/PagoPage.tsx(127,43): error TS2339: Property 'span' does not exist on type 'JSX.IntrinsicElements'.
src/presentation/pages/cliente/PagoPage.tsx(128,21): error TS2339: Property 'span' does not exist on type 'JSX.IntrinsicElements'.
src/presentation/pages/cliente/PagoPage.tsx(128,51): error TS2339: Property 'span' does not exist on type 'JSX.IntrinsicElements'.
src/presentation/pages/cliente/PagoPage.tsx(129,19): error TS2339: Property 'div' does not exist on type 'JSX.IntrinsicElements'.
src/presentation/pages/cliente/PagoPage.tsx(130,17): error TS2339: Property 'div' does not exist on type 'JSX.IntrinsicElements'.
src/presentation/pages/cliente/PagoPage.tsx(131,15): error TS2339: Property 'div' does not exist on type 'JSX.IntrinsicElements'.
src/presentation/pages/cliente/PagoPage.tsx(135,15): error TS2339: Property 'div' does not exist on type 'JSX.IntrinsicElements'.
src/presentation/pages/cliente/PagoPage.tsx(136,17): error TS2339: Property 'p' does not exist on type 'JSX.IntrinsicElements'.
src/presentation/pages/cliente/PagoPage.tsx(136,141): error TS2339: Property 'p' does not exist on type 'JSX.IntrinsicElements'.
src/presentation/pages/cliente/PagoPage.tsx(137,17): error TS2339: Property 'p' does not exist on type 'JSX.IntrinsicElements'.
src/presentation/pages/cliente/PagoPage.tsx(137,76): error TS2339: Property 'span' does not exist on type 'JSX.IntrinsicElements'.
src/presentation/pages/cliente/PagoPage.tsx(137,154): error TS2339: Property 'span' does not exist on type 'JSX.IntrinsicElements'.
src/presentation/pages/cliente/PagoPage.tsx(137,161): error TS2339: Property 'p' does not exist on type 'JSX.IntrinsicElements'.
src/presentation/pages/cliente/PagoPage.tsx(138,15): error TS2339: Property 'div' does not exist on type 'JSX.IntrinsicElements'.
src/presentation/pages/cliente/PagoPage.tsx(142,15): error TS2339: Property 'div' does not exist on type 'JSX.IntrinsicElements'.
src/presentation/pages/cliente/PagoPage.tsx(143,17): error TS2339: Property 'p' does not exist on type 'JSX.IntrinsicElements'.
src/presentation/pages/cliente/PagoPage.tsx(143,119): error TS2339: Property 'p' does not exist on type 'JSX.IntrinsicElements'.
src/presentation/pages/cliente/PagoPage.tsx(144,15): error TS2339: Property 'div' does not exist on type 'JSX.IntrinsicElements'.
src/presentation/pages/cliente/PagoPage.tsx(148,13): error TS2339: Property 'div' does not exist on type 'JSX.IntrinsicElements'.
src/presentation/pages/cliente/PagoPage.tsx(149,15): error TS2339: Property 'h2' does not exist on type 'JSX.IntrinsicElements'.
src/presentation/pages/cliente/PagoPage.tsx(149,86): error TS2339: Property 'h2' does not exist on type 'JSX.IntrinsicElements'.
src/presentation/pages/cliente/PagoPage.tsx(150,15): error TS2339: Property 'div' does not exist on type 'JSX.IntrinsicElements'.
src/presentation/pages/cliente/PagoPage.tsx(151,17): error TS2339: Property 'label' does not exist on type 'JSX.IntrinsicElements'.
src/presentation/pages/cliente/PagoPage.tsx(152,19): error TS2339: Property 'input' does not exist on type 'JSX.IntrinsicElements'.
src/presentation/pages/cliente/PagoPage.tsx(157,32): error TS7006: Parameter 'e' implicitly has an 'any' type.
src/presentation/pages/cliente/PagoPage.tsx(161,19): error TS2339: Property 'div' does not exist on type 'JSX.IntrinsicElements'.
src/presentation/pages/cliente/PagoPage.tsx(162,21): error TS2339: Property 'p' does not exist on type 'JSX.IntrinsicElements'.
src/presentation/pages/cliente/PagoPage.tsx(162,57): error TS2339: Property 'p' does not exist on type 'JSX.IntrinsicElements'.
src/presentation/pages/cliente/PagoPage.tsx(163,21): error TS2339: Property 'p' does not exist on type 'JSX.IntrinsicElements'.
src/presentation/pages/cliente/PagoPage.tsx(163,73): error TS2339: Property 'p' does not exist on type 'JSX.IntrinsicElements'.
src/presentation/pages/cliente/PagoPage.tsx(164,19): error TS2339: Property 'div' does not exist on type 'JSX.IntrinsicElements'.
src/presentation/pages/cliente/PagoPage.tsx(165,17): error TS2339: Property 'label' does not exist on type 'JSX.IntrinsicElements'.
src/presentation/pages/cliente/PagoPage.tsx(167,17): error TS2339: Property 'label' does not exist on type 'JSX.IntrinsicElements'.
src/presentation/pages/cliente/PagoPage.tsx(168,19): error TS2339: Property 'input' does not exist on type 'JSX.IntrinsicElements'.
src/presentation/pages/cliente/PagoPage.tsx(173,32): error TS7006: Parameter 'e' implicitly has an 'any' type.
src/presentation/pages/cliente/PagoPage.tsx(177,19): error TS2339: Property 'div' does not exist on type 'JSX.IntrinsicElements'.
src/presentation/pages/cliente/PagoPage.tsx(178,21): error TS2339: Property 'p' does not exist on type 'JSX.IntrinsicElements'.
src/presentation/pages/cliente/PagoPage.tsx(178,52): error TS2339: Property 'p' does not exist on type 'JSX.IntrinsicElements'.
src/presentation/pages/cliente/PagoPage.tsx(179,21): error TS2339: Property 'p' does not exist on type 'JSX.IntrinsicElements'.
src/presentation/pages/cliente/PagoPage.tsx(179,67): error TS2339: Property 'p' does not exist on type 'JSX.IntrinsicElements'.
src/presentation/pages/cliente/PagoPage.tsx(180,19): error TS2339: Property 'div' does not exist on type 'JSX.IntrinsicElements'.
src/presentation/pages/cliente/PagoPage.tsx(181,17): error TS2339: Property 'label' does not exist on type 'JSX.IntrinsicElements'.
src/presentation/pages/cliente/PagoPage.tsx(183,17): error TS2339: Property 'label' does not exist on type 'JSX.IntrinsicElements'.
src/presentation/pages/cliente/PagoPage.tsx(184,19): error TS2339: Property 'input' does not exist on type 'JSX.IntrinsicElements'.
src/presentation/pages/cliente/PagoPage.tsx(189,32): error TS7006: Parameter 'e' implicitly has an 'any' type.
src/presentation/pages/cliente/PagoPage.tsx(193,19): error TS2339: Property 'div' does not exist on type 'JSX.IntrinsicElements'.
src/presentation/pages/cliente/PagoPage.tsx(194,21): error TS2339: Property 'p' does not exist on type 'JSX.IntrinsicElements'.
src/presentation/pages/cliente/PagoPage.tsx(194,58): error TS2339: Property 'p' does not exist on type 'JSX.IntrinsicElements'.
src/presentation/pages/cliente/PagoPage.tsx(195,21): error TS2339: Property 'p' does not exist on type 'JSX.IntrinsicElements'.
src/presentation/pages/cliente/PagoPage.tsx(195,74): error TS2339: Property 'p' does not exist on type 'JSX.IntrinsicElements'.
src/presentation/pages/cliente/PagoPage.tsx(196,19): error TS2339: Property 'div' does not exist on type 'JSX.IntrinsicElements'.
src/presentation/pages/cliente/PagoPage.tsx(197,17): error TS2339: Property 'label' does not exist on type 'JSX.IntrinsicElements'.
src/presentation/pages/cliente/PagoPage.tsx(199,17): error TS2339: Property 'label' does not exist on type 'JSX.IntrinsicElements'.
src/presentation/pages/cliente/PagoPage.tsx(200,19): error TS2339: Property 'input' does not exist on type 'JSX.IntrinsicElements'.
src/presentation/pages/cliente/PagoPage.tsx(205,32): error TS7006: Parameter 'e' implicitly has an 'any' type.
src/presentation/pages/cliente/PagoPage.tsx(209,19): error TS2339: Property 'div' does not exist on type 'JSX.IntrinsicElements'.
src/presentation/pages/cliente/PagoPage.tsx(210,21): error TS2339: Property 'p' does not exist on type 'JSX.IntrinsicElements'.
src/presentation/pages/cliente/PagoPage.tsx(210,55): error TS2339: Property 'p' does not exist on type 'JSX.IntrinsicElements'.
src/presentation/pages/cliente/PagoPage.tsx(211,21): error TS2339: Property 'p' does not exist on type 'JSX.IntrinsicElements'.
src/presentation/pages/cliente/PagoPage.tsx(211,68): error TS2339: Property 'p' does not exist on type 'JSX.IntrinsicElements'.
src/presentation/pages/cliente/PagoPage.tsx(212,19): error TS2339: Property 'div' does not exist on type 'JSX.IntrinsicElements'.
src/presentation/pages/cliente/PagoPage.tsx(213,17): error TS2339: Property 'label' does not exist on type 'JSX.IntrinsicElements'.
src/presentation/pages/cliente/PagoPage.tsx(214,15): error TS2339: Property 'div' does not exist on type 'JSX.IntrinsicElements'.
src/presentation/pages/cliente/PagoPage.tsx(215,13): error TS2339: Property 'div' does not exist on type 'JSX.IntrinsicElements'.
src/presentation/pages/cliente/PagoPage.tsx(217,13): error TS2339: Property 'div' does not exist on type 'JSX.IntrinsicElements'.
src/presentation/pages/cliente/PagoPage.tsx(218,15): error TS2339: Property 'button' does not exist on type 'JSX.IntrinsicElements'.
src/presentation/pages/cliente/PagoPage.tsx(241,15): error TS2339: Property 'button' does not exist on type 'JSX.IntrinsicElements'.
src/presentation/pages/cliente/PagoPage.tsx(243,15): error TS2339: Property 'button' does not exist on type 'JSX.IntrinsicElements'.
src/presentation/pages/cliente/PagoPage.tsx(248,15): error TS2339: Property 'button' does not exist on type 'JSX.IntrinsicElements'.
src/presentation/pages/cliente/PagoPage.tsx(249,13): error TS2339: Property 'div' does not exist on type 'JSX.IntrinsicElements'.
src/presentation/pages/cliente/PagoPage.tsx(252,15): error TS2339: Property 'div' does not exist on type 'JSX.IntrinsicElements'.
src/presentation/pages/cliente/PagoPage.tsx(253,17): error TS2339: Property 'p' does not exist on type 'JSX.IntrinsicElements'.
src/presentation/pages/cliente/PagoPage.tsx(254,19): error TS2339: Property 'strong' does not exist on type 'JSX.IntrinsicElements'.
src/presentation/pages/cliente/PagoPage.tsx(254,32): error TS2339: Property 'strong' does not exist on type 'JSX.IntrinsicElements'.
src/presentation/pages/cliente/PagoPage.tsx(257,17): error TS2339: Property 'p' does not exist on type 'JSX.IntrinsicElements'.
src/presentation/pages/cliente/PagoPage.tsx(258,15): error TS2339: Property 'div' does not exist on type 'JSX.IntrinsicElements'.
src/presentation/pages/cliente/PagoPage.tsx(262,7): error TS2339: Property 'div' does not exist on type 'JSX.IntrinsicElements'.
src/presentation/pages/cliente/PagoPage.tsx(263,5): error TS2339: Property 'div' does not exist on type 'JSX.IntrinsicElements'.
src/presentation/pages/cliente/PerfilClientePage.tsx(3,1): error TS6133: 'getPerfilRequest' is declared but its value is never read.
src/presentation/pages/cliente/PerfilClientePage.tsx(4,70): error TS2792: Cannot find module 'react-icons/fa'. Did you mean to set the 'moduleResolution' option to 'nodenext', or to add aliases to the 'paths' option?
src/presentation/pages/cliente/PerfilClientePage.tsx(46,12): error TS2339: Property 'div' does not exist on type 'JSX.IntrinsicElements'.
src/presentation/pages/cliente/PerfilClientePage.tsx(46,28): error TS2339: Property 'div' does not exist on type 'JSX.IntrinsicElements'.
src/presentation/pages/cliente/PerfilClientePage.tsx(50,5): error TS2339: Property 'div' does not exist on type 'JSX.IntrinsicElements'.
src/presentation/pages/cliente/PerfilClientePage.tsx(51,7): error TS2339: Property 'div' does not exist on type 'JSX.IntrinsicElements'.
src/presentation/pages/cliente/PerfilClientePage.tsx(52,9): error TS2339: Property 'div' does not exist on type 'JSX.IntrinsicElements'.
src/presentation/pages/cliente/PerfilClientePage.tsx(53,11): error TS2339: Property 'h1' does not exist on type 'JSX.IntrinsicElements'.
src/presentation/pages/cliente/PerfilClientePage.tsx(53,69): error TS2339: Property 'h1' does not exist on type 'JSX.IntrinsicElements'.
src/presentation/pages/cliente/PerfilClientePage.tsx(55,13): error TS2339: Property 'button' does not exist on type 'JSX.IntrinsicElements'.
src/presentation/pages/cliente/PerfilClientePage.tsx(61,13): error TS2339: Property 'button' does not exist on type 'JSX.IntrinsicElements'.
src/presentation/pages/cliente/PerfilClientePage.tsx(63,13): error TS2339: Property 'div' does not exist on type 'JSX.IntrinsicElements'.
src/presentation/pages/cliente/PerfilClientePage.tsx(64,15): error TS2339: Property 'button' does not exist on type 'JSX.IntrinsicElements'.
src/presentation/pages/cliente/PerfilClientePage.tsx(78,15): error TS2339: Property 'button' does not exist on type 'JSX.IntrinsicElements'.
src/presentation/pages/cliente/PerfilClientePage.tsx(79,13): error TS2339: Property 'div' does not exist on type 'JSX.IntrinsicElements'.
src/presentation/pages/cliente/PerfilClientePage.tsx(81,9): error TS2339: Property 'div' does not exist on type 'JSX.IntrinsicElements'.
src/presentation/pages/cliente/PerfilClientePage.tsx(83,9): error TS2339: Property 'form' does not exist on type 'JSX.IntrinsicElements'.
src/presentation/pages/cliente/PerfilClientePage.tsx(84,11): error TS2339: Property 'div' does not exist on type 'JSX.IntrinsicElements'.
src/presentation/pages/cliente/PerfilClientePage.tsx(85,13): error TS2339: Property 'label' does not exist on type 'JSX.IntrinsicElements'.
src/presentation/pages/cliente/PerfilClientePage.tsx(88,13): error TS2339: Property 'label' does not exist on type 'JSX.IntrinsicElements'.
src/presentation/pages/cliente/PerfilClientePage.tsx(89,13): error TS2339: Property 'input' does not exist on type 'JSX.IntrinsicElements'.
src/presentation/pages/cliente/PerfilClientePage.tsx(92,26): error TS7006: Parameter 'e' implicitly has an 'any' type.
src/presentation/pages/cliente/PerfilClientePage.tsx(96,11): error TS2339: Property 'div' does not exist on type 'JSX.IntrinsicElements'.
src/presentation/pages/cliente/PerfilClientePage.tsx(98,11): error TS2339: Property 'div' does not exist on type 'JSX.IntrinsicElements'.
src/presentation/pages/cliente/PerfilClientePage.tsx(99,13): error TS2339: Property 'label' does not exist on type 'JSX.IntrinsicElements'.
src/presentation/pages/cliente/PerfilClientePage.tsx(102,13): error TS2339: Property 'label' does not exist on type 'JSX.IntrinsicElements'.
src/presentation/pages/cliente/PerfilClientePage.tsx(103,13): error TS2339: Property 'input' does not exist on type 'JSX.IntrinsicElements'.
src/presentation/pages/cliente/PerfilClientePage.tsx(106,26): error TS7006: Parameter 'e' implicitly has an 'any' type.
src/presentation/pages/cliente/PerfilClientePage.tsx(110,11): error TS2339: Property 'div' does not exist on type 'JSX.IntrinsicElements'.
src/presentation/pages/cliente/PerfilClientePage.tsx(112,11): error TS2339: Property 'div' does not exist on type 'JSX.IntrinsicElements'.
src/presentation/pages/cliente/PerfilClientePage.tsx(113,13): error TS2339: Property 'label' does not exist on type 'JSX.IntrinsicElements'.
src/presentation/pages/cliente/PerfilClientePage.tsx(116,13): error TS2339: Property 'label' does not exist on type 'JSX.IntrinsicElements'.
src/presentation/pages/cliente/PerfilClientePage.tsx(117,13): error TS2339: Property 'input' does not exist on type 'JSX.IntrinsicElements'.
src/presentation/pages/cliente/PerfilClientePage.tsx(123,13): error TS2339: Property 'p' does not exist on type 'JSX.IntrinsicElements'.
src/presentation/pages/cliente/PerfilClientePage.tsx(123,83): error TS2339: Property 'p' does not exist on type 'JSX.IntrinsicElements'.
src/presentation/pages/cliente/PerfilClientePage.tsx(124,11): error TS2339: Property 'div' does not exist on type 'JSX.IntrinsicElements'.
src/presentation/pages/cliente/PerfilClientePage.tsx(126,11): error TS2339: Property 'div' does not exist on type 'JSX.IntrinsicElements'.
src/presentation/pages/cliente/PerfilClientePage.tsx(127,13): error TS2339: Property 'label' does not exist on type 'JSX.IntrinsicElements'.
src/presentation/pages/cliente/PerfilClientePage.tsx(130,13): error TS2339: Property 'label' does not exist on type 'JSX.IntrinsicElements'.
src/presentation/pages/cliente/PerfilClientePage.tsx(131,13): error TS2339: Property 'input' does not exist on type 'JSX.IntrinsicElements'.
src/presentation/pages/cliente/PerfilClientePage.tsx(134,26): error TS7006: Parameter 'e' implicitly has an 'any' type.
src/presentation/pages/cliente/PerfilClientePage.tsx(138,11): error TS2339: Property 'div' does not exist on type 'JSX.IntrinsicElements'.
src/presentation/pages/cliente/PerfilClientePage.tsx(141,13): error TS2339: Property 'button' does not exist on type 'JSX.IntrinsicElements'.
src/presentation/pages/cliente/PerfilClientePage.tsx(148,13): error TS2339: Property 'button' does not exist on type 'JSX.IntrinsicElements'.
src/presentation/pages/cliente/PerfilClientePage.tsx(150,9): error TS2339: Property 'form' does not exist on type 'JSX.IntrinsicElements'.
src/presentation/pages/cliente/PerfilClientePage.tsx(151,7): error TS2339: Property 'div' does not exist on type 'JSX.IntrinsicElements'.
src/presentation/pages/cliente/PerfilClientePage.tsx(152,5): error TS2339: Property 'div' does not exist on type 'JSX.IntrinsicElements'.
src/presentation/pages/landing/LandingPage.tsx(12,8): error TS2792: Cannot find module 'react-icons/fa'. Did you mean to set the 'moduleResolution' option to 'nodenext', or to add aliases to the 'paths' option?
src/presentation/pages/landing/LandingPage.tsx(18,5): error TS2339: Property 'div' does not exist on type 'JSX.IntrinsicElements'.
src/presentation/pages/landing/LandingPage.tsx(21,7): error TS2339: Property 'main' does not exist on type 'JSX.IntrinsicElements'.
src/presentation/pages/landing/LandingPage.tsx(23,9): error TS2339: Property 'section' does not exist on type 'JSX.IntrinsicElements'.
src/presentation/pages/landing/LandingPage.tsx(24,11): error TS2339: Property 'h2' does not exist on type 'JSX.IntrinsicElements'.
src/presentation/pages/landing/LandingPage.tsx(25,41): error TS2339: Property 'br' does not exist on type 'JSX.IntrinsicElements'.
src/presentation/pages/landing/LandingPage.tsx(26,13): error TS2339: Property 'span' does not exist on type 'JSX.IntrinsicElements'.
src/presentation/pages/landing/LandingPage.tsx(28,13): error TS2339: Property 'span' does not exist on type 'JSX.IntrinsicElements'.
src/presentation/pages/landing/LandingPage.tsx(29,11): error TS2339: Property 'h2' does not exist on type 'JSX.IntrinsicElements'.
src/presentation/pages/landing/LandingPage.tsx(31,11): error TS2339: Property 'p' does not exist on type 'JSX.IntrinsicElements'.
src/presentation/pages/landing/LandingPage.tsx(34,11): error TS2339: Property 'p' does not exist on type 'JSX.IntrinsicElements'.
src/presentation/pages/landing/LandingPage.tsx(36,11): error TS2339: Property 'button' does not exist on type 'JSX.IntrinsicElements'.
src/presentation/pages/landing/LandingPage.tsx(41,11): error TS2339: Property 'button' does not exist on type 'JSX.IntrinsicElements'.
src/presentation/pages/landing/LandingPage.tsx(44,11): error TS2339: Property 'div' does not exist on type 'JSX.IntrinsicElements'.
src/presentation/pages/landing/LandingPage.tsx(60,11): error TS2339: Property 'div' does not exist on type 'JSX.IntrinsicElements'.
src/presentation/pages/landing/LandingPage.tsx(61,9): error TS2339: Property 'section' does not exist on type 'JSX.IntrinsicElements'.
src/presentation/pages/landing/LandingPage.tsx(66,9): error TS2339: Property 'section' does not exist on type 'JSX.IntrinsicElements'.
src/presentation/pages/landing/LandingPage.tsx(67,11): error TS2339: Property 'h3' does not exist on type 'JSX.IntrinsicElements'.
src/presentation/pages/landing/LandingPage.tsx(69,11): error TS2339: Property 'h3' does not exist on type 'JSX.IntrinsicElements'.
src/presentation/pages/landing/LandingPage.tsx(70,11): error TS2339: Property 'p' does not exist on type 'JSX.IntrinsicElements'.
src/presentation/pages/landing/LandingPage.tsx(73,11): error TS2339: Property 'p' does not exist on type 'JSX.IntrinsicElements'.
src/presentation/pages/landing/LandingPage.tsx(75,11): error TS2339: Property 'div' does not exist on type 'JSX.IntrinsicElements'.
src/presentation/pages/landing/LandingPage.tsx(77,11): error TS2339: Property 'div' does not exist on type 'JSX.IntrinsicElements'.
src/presentation/pages/landing/LandingPage.tsx(78,9): error TS2339: Property 'section' does not exist on type 'JSX.IntrinsicElements'.
src/presentation/pages/landing/LandingPage.tsx(79,7): error TS2339: Property 'main' does not exist on type 'JSX.IntrinsicElements'.
src/presentation/pages/landing/LandingPage.tsx(85,5): error TS2339: Property 'div' does not exist on type 'JSX.IntrinsicElements'.
src/presentation/pages/listaUsuario/ListarUsuarios.tsx(51,12): error TS2339: Property 'p' does not exist on type 'JSX.IntrinsicElements'.
src/presentation/pages/listaUsuario/ListarUsuarios.tsx(51,64): error TS2339: Property 'p' does not exist on type 'JSX.IntrinsicElements'.
src/presentation/pages/listaUsuario/ListarUsuarios.tsx(55,5): error TS2339: Property 'div' does not exist on type 'JSX.IntrinsicElements'.
src/presentation/pages/listaUsuario/ListarUsuarios.tsx(56,7): error TS2339: Property 'h1' does not exist on type 'JSX.IntrinsicElements'.
src/presentation/pages/listaUsuario/ListarUsuarios.tsx(56,71): error TS2339: Property 'h1' does not exist on type 'JSX.IntrinsicElements'.
src/presentation/pages/listaUsuario/ListarUsuarios.tsx(58,7): error TS2339: Property 'table' does not exist on type 'JSX.IntrinsicElements'.
src/presentation/pages/listaUsuario/ListarUsuarios.tsx(59,9): error TS2339: Property 'thead' does not exist on type 'JSX.IntrinsicElements'.
src/presentation/pages/listaUsuario/ListarUsuarios.tsx(60,11): error TS2339: Property 'tr' does not exist on type 'JSX.IntrinsicElements'.
src/presentation/pages/listaUsuario/ListarUsuarios.tsx(61,13): error TS2339: Property 'th' does not exist on type 'JSX.IntrinsicElements'.
src/presentation/pages/listaUsuario/ListarUsuarios.tsx(61,45): error TS2339: Property 'th' does not exist on type 'JSX.IntrinsicElements'.
src/presentation/pages/listaUsuario/ListarUsuarios.tsx(62,13): error TS2339: Property 'th' does not exist on type 'JSX.IntrinsicElements'.
src/presentation/pages/listaUsuario/ListarUsuarios.tsx(62,49): error TS2339: Property 'th' does not exist on type 'JSX.IntrinsicElements'.
src/presentation/pages/listaUsuario/ListarUsuarios.tsx(63,13): error TS2339: Property 'th' does not exist on type 'JSX.IntrinsicElements'.
src/presentation/pages/listaUsuario/ListarUsuarios.tsx(63,48): error TS2339: Property 'th' does not exist on type 'JSX.IntrinsicElements'.
src/presentation/pages/listaUsuario/ListarUsuarios.tsx(64,13): error TS2339: Property 'th' does not exist on type 'JSX.IntrinsicElements'.
src/presentation/pages/listaUsuario/ListarUsuarios.tsx(64,46): error TS2339: Property 'th' does not exist on type 'JSX.IntrinsicElements'.
src/presentation/pages/listaUsuario/ListarUsuarios.tsx(65,13): error TS2339: Property 'th' does not exist on type 'JSX.IntrinsicElements'.
src/presentation/pages/listaUsuario/ListarUsuarios.tsx(65,49): error TS2339: Property 'th' does not exist on type 'JSX.IntrinsicElements'.
src/presentation/pages/listaUsuario/ListarUsuarios.tsx(66,13): error TS2339: Property 'th' does not exist on type 'JSX.IntrinsicElements'.
src/presentation/pages/listaUsuario/ListarUsuarios.tsx(66,53): error TS2339: Property 'th' does not exist on type 'JSX.IntrinsicElements'.
src/presentation/pages/listaUsuario/ListarUsuarios.tsx(67,13): error TS2339: Property 'th' does not exist on type 'JSX.IntrinsicElements'.
src/presentation/pages/listaUsuario/ListarUsuarios.tsx(67,51): error TS2339: Property 'th' does not exist on type 'JSX.IntrinsicElements'.
src/presentation/pages/listaUsuario/ListarUsuarios.tsx(68,11): error TS2339: Property 'tr' does not exist on type 'JSX.IntrinsicElements'.
src/presentation/pages/listaUsuario/ListarUsuarios.tsx(69,9): error TS2339: Property 'thead' does not exist on type 'JSX.IntrinsicElements'.
src/presentation/pages/listaUsuario/ListarUsuarios.tsx(71,9): error TS2339: Property 'tbody' does not exist on type 'JSX.IntrinsicElements'.
src/presentation/pages/listaUsuario/ListarUsuarios.tsx(73,13): error TS2339: Property 'tr' does not exist on type 'JSX.IntrinsicElements'.
src/presentation/pages/listaUsuario/ListarUsuarios.tsx(75,15): error TS2339: Property 'td' does not exist on type 'JSX.IntrinsicElements'.
src/presentation/pages/listaUsuario/ListarUsuarios.tsx(75,49): error TS2339: Property 'td' does not exist on type 'JSX.IntrinsicElements'.
src/presentation/pages/listaUsuario/ListarUsuarios.tsx(78,15): error TS2339: Property 'td' does not exist on type 'JSX.IntrinsicElements'.
src/presentation/pages/listaUsuario/ListarUsuarios.tsx(80,15): error TS2339: Property 'td' does not exist on type 'JSX.IntrinsicElements'.
src/presentation/pages/listaUsuario/ListarUsuarios.tsx(83,15): error TS2339: Property 'td' does not exist on type 'JSX.IntrinsicElements'.
src/presentation/pages/listaUsuario/ListarUsuarios.tsx(83,44): error TS2339: Property 'td' does not exist on type 'JSX.IntrinsicElements'.
src/presentation/pages/listaUsuario/ListarUsuarios.tsx(86,15): error TS2339: Property 'td' does not exist on type 'JSX.IntrinsicElements'.
src/presentation/pages/listaUsuario/ListarUsuarios.tsx(87,17): error TS2339: Property 'span' does not exist on type 'JSX.IntrinsicElements'.
src/presentation/pages/listaUsuario/ListarUsuarios.tsx(97,17): error TS2339: Property 'span' does not exist on type 'JSX.IntrinsicElements'.
src/presentation/pages/listaUsuario/ListarUsuarios.tsx(98,15): error TS2339: Property 'td' does not exist on type 'JSX.IntrinsicElements'.
src/presentation/pages/listaUsuario/ListarUsuarios.tsx(101,15): error TS2339: Property 'td' does not exist on type 'JSX.IntrinsicElements'.
src/presentation/pages/listaUsuario/ListarUsuarios.tsx(103,15): error TS2339: Property 'td' does not exist on type 'JSX.IntrinsicElements'.
src/presentation/pages/listaUsuario/ListarUsuarios.tsx(106,15): error TS2339: Property 'td' does not exist on type 'JSX.IntrinsicElements'.
src/presentation/pages/listaUsuario/ListarUsuarios.tsx(108,19): error TS2339: Property 'p' does not exist on type 'JSX.IntrinsicElements'.
src/presentation/pages/listaUsuario/ListarUsuarios.tsx(110,19): error TS2339: Property 'p' does not exist on type 'JSX.IntrinsicElements'.
src/presentation/pages/listaUsuario/ListarUsuarios.tsx(114,19): error TS2339: Property 'p' does not exist on type 'JSX.IntrinsicElements'.
src/presentation/pages/listaUsuario/ListarUsuarios.tsx(115,61): error TS2339: Property 'br' does not exist on type 'JSX.IntrinsicElements'.
src/presentation/pages/listaUsuario/ListarUsuarios.tsx(116,79): error TS2339: Property 'br' does not exist on type 'JSX.IntrinsicElements'.
src/presentation/pages/listaUsuario/ListarUsuarios.tsx(118,19): error TS2339: Property 'p' does not exist on type 'JSX.IntrinsicElements'.
src/presentation/pages/listaUsuario/ListarUsuarios.tsx(122,19): error TS2339: Property 'p' does not exist on type 'JSX.IntrinsicElements'.
src/presentation/pages/listaUsuario/ListarUsuarios.tsx(122,47): error TS2339: Property 'p' does not exist on type 'JSX.IntrinsicElements'.
src/presentation/pages/listaUsuario/ListarUsuarios.tsx(124,15): error TS2339: Property 'td' does not exist on type 'JSX.IntrinsicElements'.
src/presentation/pages/listaUsuario/ListarUsuarios.tsx(127,15): error TS2339: Property 'td' does not exist on type 'JSX.IntrinsicElements'.
src/presentation/pages/listaUsuario/ListarUsuarios.tsx(129,19): error TS2339: Property 'div' does not exist on type 'JSX.IntrinsicElements'.
src/presentation/pages/listaUsuario/ListarUsuarios.tsx(131,23): error TS2339: Property 'button' does not exist on type 'JSX.IntrinsicElements'.
src/presentation/pages/listaUsuario/ListarUsuarios.tsx(136,23): error TS2339: Property 'button' does not exist on type 'JSX.IntrinsicElements'.
src/presentation/pages/listaUsuario/ListarUsuarios.tsx(138,23): error TS2339: Property 'button' does not exist on type 'JSX.IntrinsicElements'.
src/presentation/pages/listaUsuario/ListarUsuarios.tsx(143,23): error TS2339: Property 'button' does not exist on type 'JSX.IntrinsicElements'.
src/presentation/pages/listaUsuario/ListarUsuarios.tsx(145,19): error TS2339: Property 'div' does not exist on type 'JSX.IntrinsicElements'.
src/presentation/pages/listaUsuario/ListarUsuarios.tsx(147,15): error TS2339: Property 'td' does not exist on type 'JSX.IntrinsicElements'.
src/presentation/pages/listaUsuario/ListarUsuarios.tsx(148,13): error TS2339: Property 'tr' does not exist on type 'JSX.IntrinsicElements'.
src/presentation/pages/listaUsuario/ListarUsuarios.tsx(150,9): error TS2339: Property 'tbody' does not exist on type 'JSX.IntrinsicElements'.
src/presentation/pages/listaUsuario/ListarUsuarios.tsx(151,7): error TS2339: Property 'table' does not exist on type 'JSX.IntrinsicElements'.
src/presentation/pages/listaUsuario/ListarUsuarios.tsx(152,5): error TS2339: Property 'div' does not exist on type 'JSX.IntrinsicElements'.
src/presentation/pages/payments/PaymentDetailModal.tsx(1,79): error TS2792: Cannot find module 'react-icons/fa'. Did you mean to set the 'moduleResolution' option to 'nodenext', or to add aliases to the 'paths' option?
src/presentation/pages/payments/PaymentDetailModal.tsx(68,5): error TS2339: Property 'div' does not exist on type 'JSX.IntrinsicElements'.
src/presentation/pages/payments/PaymentDetailModal.tsx(69,7): error TS2339: Property 'div' does not exist on type 'JSX.IntrinsicElements'.
src/presentation/pages/payments/PaymentDetailModal.tsx(71,9): error TS2339: Property 'button' does not exist on type 'JSX.IntrinsicElements'.
src/presentation/pages/payments/PaymentDetailModal.tsx(76,9): error TS2339: Property 'button' does not exist on type 'JSX.IntrinsicElements'.
src/presentation/pages/payments/PaymentDetailModal.tsx(78,9): error TS2339: Property 'h2' does not exist on type 'JSX.IntrinsicElements'.
src/presentation/pages/payments/PaymentDetailModal.tsx(80,9): error TS2339: Property 'h2' does not exist on type 'JSX.IntrinsicElements'.
src/presentation/pages/payments/PaymentDetailModal.tsx(82,9): error TS2339: Property 'div' does not exist on type 'JSX.IntrinsicElements'.
src/presentation/pages/payments/PaymentDetailModal.tsx(83,11): error TS2339: Property 'div' does not exist on type 'JSX.IntrinsicElements'.
src/presentation/pages/payments/PaymentDetailModal.tsx(84,13): error TS2339: Property 'span' does not exist on type 'JSX.IntrinsicElements'.
src/presentation/pages/payments/PaymentDetailModal.tsx(84,31): error TS2339: Property 'span' does not exist on type 'JSX.IntrinsicElements'.
src/presentation/pages/payments/PaymentDetailModal.tsx(85,13): error TS2339: Property 'span' does not exist on type 'JSX.IntrinsicElements'.
src/presentation/pages/payments/PaymentDetailModal.tsx(87,13): error TS2339: Property 'span' does not exist on type 'JSX.IntrinsicElements'.
src/presentation/pages/payments/PaymentDetailModal.tsx(88,11): error TS2339: Property 'div' does not exist on type 'JSX.IntrinsicElements'.
src/presentation/pages/payments/PaymentDetailModal.tsx(89,11): error TS2339: Property 'div' does not exist on type 'JSX.IntrinsicElements'.
src/presentation/pages/payments/PaymentDetailModal.tsx(90,13): error TS2339: Property 'span' does not exist on type 'JSX.IntrinsicElements'.
src/presentation/pages/payments/PaymentDetailModal.tsx(90,27): error TS2339: Property 'span' does not exist on type 'JSX.IntrinsicElements'.
src/presentation/pages/payments/PaymentDetailModal.tsx(91,13): error TS2339: Property 'span' does not exist on type 'JSX.IntrinsicElements'.
src/presentation/pages/payments/PaymentDetailModal.tsx(91,34): error TS2339: Property 'span' does not exist on type 'JSX.IntrinsicElements'.
src/presentation/pages/payments/PaymentDetailModal.tsx(92,11): error TS2339: Property 'div' does not exist on type 'JSX.IntrinsicElements'.
src/presentation/pages/payments/PaymentDetailModal.tsx(93,11): error TS2339: Property 'div' does not exist on type 'JSX.IntrinsicElements'.
src/presentation/pages/payments/PaymentDetailModal.tsx(94,13): error TS2339: Property 'span' does not exist on type 'JSX.IntrinsicElements'.
src/presentation/pages/payments/PaymentDetailModal.tsx(94,27): error TS2339: Property 'span' does not exist on type 'JSX.IntrinsicElements'.
src/presentation/pages/payments/PaymentDetailModal.tsx(95,13): error TS2339: Property 'span' does not exist on type 'JSX.IntrinsicElements'.
src/presentation/pages/payments/PaymentDetailModal.tsx(95,34): error TS2339: Property 'span' does not exist on type 'JSX.IntrinsicElements'.
src/presentation/pages/payments/PaymentDetailModal.tsx(96,11): error TS2339: Property 'div' does not exist on type 'JSX.IntrinsicElements'.
src/presentation/pages/payments/PaymentDetailModal.tsx(97,11): error TS2339: Property 'div' does not exist on type 'JSX.IntrinsicElements'.
src/presentation/pages/payments/PaymentDetailModal.tsx(98,13): error TS2339: Property 'span' does not exist on type 'JSX.IntrinsicElements'.
src/presentation/pages/payments/PaymentDetailModal.tsx(98,25): error TS2339: Property 'span' does not exist on type 'JSX.IntrinsicElements'.
src/presentation/pages/payments/PaymentDetailModal.tsx(99,13): error TS2339: Property 'span' does not exist on type 'JSX.IntrinsicElements'.
src/presentation/pages/payments/PaymentDetailModal.tsx(99,77): error TS2339: Property 'span' does not exist on type 'JSX.IntrinsicElements'.
src/presentation/pages/payments/PaymentDetailModal.tsx(100,11): error TS2339: Property 'div' does not exist on type 'JSX.IntrinsicElements'.
src/presentation/pages/payments/PaymentDetailModal.tsx(101,11): error TS2339: Property 'div' does not exist on type 'JSX.IntrinsicElements'.
src/presentation/pages/payments/PaymentDetailModal.tsx(102,13): error TS2339: Property 'span' does not exist on type 'JSX.IntrinsicElements'.
src/presentation/pages/payments/PaymentDetailModal.tsx(102,26): error TS2339: Property 'span' does not exist on type 'JSX.IntrinsicElements'.
src/presentation/pages/payments/PaymentDetailModal.tsx(103,13): error TS2339: Property 'span' does not exist on type 'JSX.IntrinsicElements'.
src/presentation/pages/payments/PaymentDetailModal.tsx(103,72): error TS2339: Property 'span' does not exist on type 'JSX.IntrinsicElements'.
src/presentation/pages/payments/PaymentDetailModal.tsx(104,11): error TS2339: Property 'div' does not exist on type 'JSX.IntrinsicElements'.
src/presentation/pages/payments/PaymentDetailModal.tsx(105,11): error TS2339: Property 'div' does not exist on type 'JSX.IntrinsicElements'.
src/presentation/pages/payments/PaymentDetailModal.tsx(106,13): error TS2339: Property 'span' does not exist on type 'JSX.IntrinsicElements'.
src/presentation/pages/payments/PaymentDetailModal.tsx(106,40): error TS2339: Property 'span' does not exist on type 'JSX.IntrinsicElements'.
src/presentation/pages/payments/PaymentDetailModal.tsx(107,13): error TS2339: Property 'span' does not exist on type 'JSX.IntrinsicElements'.
src/presentation/pages/payments/PaymentDetailModal.tsx(107,83): error TS2339: Property 'span' does not exist on type 'JSX.IntrinsicElements'.
src/presentation/pages/payments/PaymentDetailModal.tsx(108,11): error TS2339: Property 'div' does not exist on type 'JSX.IntrinsicElements'.
src/presentation/pages/payments/PaymentDetailModal.tsx(109,11): error TS2339: Property 'div' does not exist on type 'JSX.IntrinsicElements'.
src/presentation/pages/payments/PaymentDetailModal.tsx(110,13): error TS2339: Property 'span' does not exist on type 'JSX.IntrinsicElements'.
src/presentation/pages/payments/PaymentDetailModal.tsx(110,33): error TS2339: Property 'span' does not exist on type 'JSX.IntrinsicElements'.
src/presentation/pages/payments/PaymentDetailModal.tsx(111,13): error TS2339: Property 'span' does not exist on type 'JSX.IntrinsicElements'.
src/presentation/pages/payments/PaymentDetailModal.tsx(111,80): error TS2339: Property 'span' does not exist on type 'JSX.IntrinsicElements'.
src/presentation/pages/payments/PaymentDetailModal.tsx(112,11): error TS2339: Property 'div' does not exist on type 'JSX.IntrinsicElements'.
src/presentation/pages/payments/PaymentDetailModal.tsx(113,11): error TS2339: Property 'div' does not exist on type 'JSX.IntrinsicElements'.
src/presentation/pages/payments/PaymentDetailModal.tsx(114,13): error TS2339: Property 'span' does not exist on type 'JSX.IntrinsicElements'.
src/presentation/pages/payments/PaymentDetailModal.tsx(114,34): error TS2339: Property 'span' does not exist on type 'JSX.IntrinsicElements'.
src/presentation/pages/payments/PaymentDetailModal.tsx(115,13): error TS2339: Property 'span' does not exist on type 'JSX.IntrinsicElements'.
src/presentation/pages/payments/PaymentDetailModal.tsx(118,13): error TS2339: Property 'span' does not exist on type 'JSX.IntrinsicElements'.
src/presentation/pages/payments/PaymentDetailModal.tsx(119,11): error TS2339: Property 'div' does not exist on type 'JSX.IntrinsicElements'.
src/presentation/pages/payments/PaymentDetailModal.tsx(120,9): error TS2339: Property 'div' does not exist on type 'JSX.IntrinsicElements'.
src/presentation/pages/payments/PaymentDetailModal.tsx(123,9): error TS2339: Property 'div' does not exist on type 'JSX.IntrinsicElements'.
src/presentation/pages/payments/PaymentDetailModal.tsx(124,11): error TS2339: Property 'button' does not exist on type 'JSX.IntrinsicElements'.
src/presentation/pages/payments/PaymentDetailModal.tsx(129,11): error TS2339: Property 'button' does not exist on type 'JSX.IntrinsicElements'.
src/presentation/pages/payments/PaymentDetailModal.tsx(130,11): error TS2339: Property 'button' does not exist on type 'JSX.IntrinsicElements'.
src/presentation/pages/payments/PaymentDetailModal.tsx(132,11): error TS2339: Property 'button' does not exist on type 'JSX.IntrinsicElements'.
src/presentation/pages/payments/PaymentDetailModal.tsx(133,9): error TS2339: Property 'div' does not exist on type 'JSX.IntrinsicElements'.
src/presentation/pages/payments/PaymentDetailModal.tsx(134,7): error TS2339: Property 'div' does not exist on type 'JSX.IntrinsicElements'.
src/presentation/pages/payments/PaymentDetailModal.tsx(135,5): error TS2339: Property 'div' does not exist on type 'JSX.IntrinsicElements'.
src/presentation/pages/payments/PaymentsListPage.tsx(3,99): error TS2792: Cannot find module 'react-icons/fa'. Did you mean to set the 'moduleResolution' option to 'nodenext', or to add aliases to the 'paths' option?
src/presentation/pages/payments/PaymentsListPage.tsx(4,19): error TS2792: Cannot find module 'jspdf'. Did you mean to set the 'moduleResolution' option to 'nodenext', or to add aliases to the 'paths' option?
src/presentation/pages/payments/PaymentsListPage.tsx(5,23): error TS2792: Cannot find module 'jspdf-autotable'. Did you mean to set the 'moduleResolution' option to 'nodenext', or to add aliases to the 'paths' option?
src/presentation/pages/payments/PaymentsListPage.tsx(192,7): error TS2339: Property 'div' does not exist on type 'JSX.IntrinsicElements'.
src/presentation/pages/payments/PaymentsListPage.tsx(194,7): error TS2339: Property 'div' does not exist on type 'JSX.IntrinsicElements'.
src/presentation/pages/payments/PaymentsListPage.tsx(199,5): error TS2339: Property 'div' does not exist on type 'JSX.IntrinsicElements'.
src/presentation/pages/payments/PaymentsListPage.tsx(200,7): error TS2339: Property 'div' does not exist on type 'JSX.IntrinsicElements'.
src/presentation/pages/payments/PaymentsListPage.tsx(201,9): error TS2339: Property 'h2' does not exist on type 'JSX.IntrinsicElements'.
src/presentation/pages/payments/PaymentsListPage.tsx(203,9): error TS2339: Property 'h2' does not exist on type 'JSX.IntrinsicElements'.
src/presentation/pages/payments/PaymentsListPage.tsx(204,9): error TS2339: Property 'button' does not exist on type 'JSX.IntrinsicElements'.
src/presentation/pages/payments/PaymentsListPage.tsx(209,9): error TS2339: Property 'button' does not exist on type 'JSX.IntrinsicElements'.
src/presentation/pages/payments/PaymentsListPage.tsx(210,7): error TS2339: Property 'div' does not exist on type 'JSX.IntrinsicElements'.
src/presentation/pages/payments/PaymentsListPage.tsx(213,7): error TS2339: Property 'div' does not exist on type 'JSX.IntrinsicElements'.
src/presentation/pages/payments/PaymentsListPage.tsx(214,9): error TS2339: Property 'div' does not exist on type 'JSX.IntrinsicElements'.
src/presentation/pages/payments/PaymentsListPage.tsx(215,11): error TS2339: Property 'p' does not exist on type 'JSX.IntrinsicElements'.
src/presentation/pages/payments/PaymentsListPage.tsx(215,61): error TS2339: Property 'p' does not exist on type 'JSX.IntrinsicElements'.
src/presentation/pages/payments/PaymentsListPage.tsx(216,11): error TS2339: Property 'p' does not exist on type 'JSX.IntrinsicElements'.
src/presentation/pages/payments/PaymentsListPage.tsx(216,75): error TS2339: Property 'p' does not exist on type 'JSX.IntrinsicElements'.
src/presentation/pages/payments/PaymentsListPage.tsx(217,9): error TS2339: Property 'div' does not exist on type 'JSX.IntrinsicElements'.
src/presentation/pages/payments/PaymentsListPage.tsx(218,9): error TS2339: Property 'div' does not exist on type 'JSX.IntrinsicElements'.
src/presentation/pages/payments/PaymentsListPage.tsx(219,11): error TS2339: Property 'p' does not exist on type 'JSX.IntrinsicElements'.
src/presentation/pages/payments/PaymentsListPage.tsx(219,67): error TS2339: Property 'p' does not exist on type 'JSX.IntrinsicElements'.
src/presentation/pages/payments/PaymentsListPage.tsx(220,11): error TS2339: Property 'p' does not exist on type 'JSX.IntrinsicElements'.
src/presentation/pages/payments/PaymentsListPage.tsx(220,75): error TS2339: Property 'p' does not exist on type 'JSX.IntrinsicElements'.
src/presentation/pages/payments/PaymentsListPage.tsx(221,9): error TS2339: Property 'div' does not exist on type 'JSX.IntrinsicElements'.
src/presentation/pages/payments/PaymentsListPage.tsx(222,9): error TS2339: Property 'div' does not exist on type 'JSX.IntrinsicElements'.
src/presentation/pages/payments/PaymentsListPage.tsx(223,11): error TS2339: Property 'p' does not exist on type 'JSX.IntrinsicElements'.
src/presentation/pages/payments/PaymentsListPage.tsx(223,56): error TS2339: Property 'p' does not exist on type 'JSX.IntrinsicElements'.
src/presentation/pages/payments/PaymentsListPage.tsx(224,11): error TS2339: Property 'p' does not exist on type 'JSX.IntrinsicElements'.
src/presentation/pages/payments/PaymentsListPage.tsx(224,67): error TS2339: Property 'p' does not exist on type 'JSX.IntrinsicElements'.
src/presentation/pages/payments/PaymentsListPage.tsx(225,9): error TS2339: Property 'div' does not exist on type 'JSX.IntrinsicElements'.
src/presentation/pages/payments/PaymentsListPage.tsx(226,7): error TS2339: Property 'div' does not exist on type 'JSX.IntrinsicElements'.
src/presentation/pages/payments/PaymentsListPage.tsx(229,7): error TS2339: Property 'div' does not exist on type 'JSX.IntrinsicElements'.
src/presentation/pages/payments/PaymentsListPage.tsx(230,9): error TS2339: Property 'select' does not exist on type 'JSX.IntrinsicElements'.
src/presentation/pages/payments/PaymentsListPage.tsx(232,22): error TS7006: Parameter 'e' implicitly has an 'any' type.
src/presentation/pages/payments/PaymentsListPage.tsx(235,11): error TS2339: Property 'option' does not exist on type 'JSX.IntrinsicElements'.
src/presentation/pages/payments/PaymentsListPage.tsx(235,50): error TS2339: Property 'option' does not exist on type 'JSX.IntrinsicElements'.
src/presentation/pages/payments/PaymentsListPage.tsx(236,11): error TS2339: Property 'option' does not exist on type 'JSX.IntrinsicElements'.
src/presentation/pages/payments/PaymentsListPage.tsx(236,40): error TS2339: Property 'option' does not exist on type 'JSX.IntrinsicElements'.
src/presentation/pages/payments/PaymentsListPage.tsx(237,11): error TS2339: Property 'option' does not exist on type 'JSX.IntrinsicElements'.
src/presentation/pages/payments/PaymentsListPage.tsx(237,46): error TS2339: Property 'option' does not exist on type 'JSX.IntrinsicElements'.
src/presentation/pages/payments/PaymentsListPage.tsx(238,11): error TS2339: Property 'option' does not exist on type 'JSX.IntrinsicElements'.
src/presentation/pages/payments/PaymentsListPage.tsx(238,42): error TS2339: Property 'option' does not exist on type 'JSX.IntrinsicElements'.
src/presentation/pages/payments/PaymentsListPage.tsx(239,9): error TS2339: Property 'select' does not exist on type 'JSX.IntrinsicElements'.
src/presentation/pages/payments/PaymentsListPage.tsx(241,9): error TS2339: Property 'select' does not exist on type 'JSX.IntrinsicElements'.
src/presentation/pages/payments/PaymentsListPage.tsx(243,22): error TS7006: Parameter 'e' implicitly has an 'any' type.
src/presentation/pages/payments/PaymentsListPage.tsx(246,11): error TS2339: Property 'option' does not exist on type 'JSX.IntrinsicElements'.
src/presentation/pages/payments/PaymentsListPage.tsx(246,50): error TS2339: Property 'option' does not exist on type 'JSX.IntrinsicElements'.
src/presentation/pages/payments/PaymentsListPage.tsx(247,11): error TS2339: Property 'option' does not exist on type 'JSX.IntrinsicElements'.
src/presentation/pages/payments/PaymentsListPage.tsx(247,42): error TS2339: Property 'option' does not exist on type 'JSX.IntrinsicElements'.
src/presentation/pages/payments/PaymentsListPage.tsx(248,11): error TS2339: Property 'option' does not exist on type 'JSX.IntrinsicElements'.
src/presentation/pages/payments/PaymentsListPage.tsx(248,32): error TS2339: Property 'option' does not exist on type 'JSX.IntrinsicElements'.
src/presentation/pages/payments/PaymentsListPage.tsx(249,11): error TS2339: Property 'option' does not exist on type 'JSX.IntrinsicElements'.
src/presentation/pages/payments/PaymentsListPage.tsx(249,44): error TS2339: Property 'option' does not exist on type 'JSX.IntrinsicElements'.
src/presentation/pages/payments/PaymentsListPage.tsx(250,11): error TS2339: Property 'option' does not exist on type 'JSX.IntrinsicElements'.
src/presentation/pages/payments/PaymentsListPage.tsx(250,38): error TS2339: Property 'option' does not exist on type 'JSX.IntrinsicElements'.
src/presentation/pages/payments/PaymentsListPage.tsx(251,9): error TS2339: Property 'select' does not exist on type 'JSX.IntrinsicElements'.
src/presentation/pages/payments/PaymentsListPage.tsx(253,9): error TS2339: Property 'input' does not exist on type 'JSX.IntrinsicElements'.
src/presentation/pages/payments/PaymentsListPage.tsx(257,22): error TS7006: Parameter 'e' implicitly has an 'any' type.
src/presentation/pages/payments/PaymentsListPage.tsx(260,7): error TS2339: Property 'div' does not exist on type 'JSX.IntrinsicElements'.
src/presentation/pages/payments/PaymentsListPage.tsx(263,7): error TS2339: Property 'div' does not exist on type 'JSX.IntrinsicElements'.
src/presentation/pages/payments/PaymentsListPage.tsx(264,9): error TS2339: Property 'table' does not exist on type 'JSX.IntrinsicElements'.
src/presentation/pages/payments/PaymentsListPage.tsx(265,11): error TS2339: Property 'thead' does not exist on type 'JSX.IntrinsicElements'.
src/presentation/pages/payments/PaymentsListPage.tsx(266,13): error TS2339: Property 'tr' does not exist on type 'JSX.IntrinsicElements'.
src/presentation/pages/payments/PaymentsListPage.tsx(267,15): error TS2339: Property 'th' does not exist on type 'JSX.IntrinsicElements'.
src/presentation/pages/payments/PaymentsListPage.tsx(267,43): error TS2339: Property 'th' does not exist on type 'JSX.IntrinsicElements'.
src/presentation/pages/payments/PaymentsListPage.tsx(268,15): error TS2339: Property 'th' does not exist on type 'JSX.IntrinsicElements'.
src/presentation/pages/payments/PaymentsListPage.tsx(268,48): error TS2339: Property 'th' does not exist on type 'JSX.IntrinsicElements'.
src/presentation/pages/payments/PaymentsListPage.tsx(269,15): error TS2339: Property 'th' does not exist on type 'JSX.IntrinsicElements'.
src/presentation/pages/payments/PaymentsListPage.tsx(269,48): error TS2339: Property 'th' does not exist on type 'JSX.IntrinsicElements'.
src/presentation/pages/payments/PaymentsListPage.tsx(270,15): error TS2339: Property 'th' does not exist on type 'JSX.IntrinsicElements'.
src/presentation/pages/payments/PaymentsListPage.tsx(270,52): error TS2339: Property 'th' does not exist on type 'JSX.IntrinsicElements'.
src/presentation/pages/payments/PaymentsListPage.tsx(271,15): error TS2339: Property 'th' does not exist on type 'JSX.IntrinsicElements'.
src/presentation/pages/payments/PaymentsListPage.tsx(271,49): error TS2339: Property 'th' does not exist on type 'JSX.IntrinsicElements'.
src/presentation/pages/payments/PaymentsListPage.tsx(272,15): error TS2339: Property 'th' does not exist on type 'JSX.IntrinsicElements'.
src/presentation/pages/payments/PaymentsListPage.tsx(272,54): error TS2339: Property 'th' does not exist on type 'JSX.IntrinsicElements'.
src/presentation/pages/payments/PaymentsListPage.tsx(273,15): error TS2339: Property 'th' does not exist on type 'JSX.IntrinsicElements'.
src/presentation/pages/payments/PaymentsListPage.tsx(273,47): error TS2339: Property 'th' does not exist on type 'JSX.IntrinsicElements'.
src/presentation/pages/payments/PaymentsListPage.tsx(274,15): error TS2339: Property 'th' does not exist on type 'JSX.IntrinsicElements'.
src/presentation/pages/payments/PaymentsListPage.tsx(274,47): error TS2339: Property 'th' does not exist on type 'JSX.IntrinsicElements'.
src/presentation/pages/payments/PaymentsListPage.tsx(275,15): error TS2339: Property 'th' does not exist on type 'JSX.IntrinsicElements'.
src/presentation/pages/payments/PaymentsListPage.tsx(275,46): error TS2339: Property 'th' does not exist on type 'JSX.IntrinsicElements'.
src/presentation/pages/payments/PaymentsListPage.tsx(276,15): error TS2339: Property 'th' does not exist on type 'JSX.IntrinsicElements'.
src/presentation/pages/payments/PaymentsListPage.tsx(276,61): error TS2339: Property 'th' does not exist on type 'JSX.IntrinsicElements'.
src/presentation/pages/payments/PaymentsListPage.tsx(277,13): error TS2339: Property 'tr' does not exist on type 'JSX.IntrinsicElements'.
src/presentation/pages/payments/PaymentsListPage.tsx(278,11): error TS2339: Property 'thead' does not exist on type 'JSX.IntrinsicElements'.
src/presentation/pages/payments/PaymentsListPage.tsx(279,11): error TS2339: Property 'tbody' does not exist on type 'JSX.IntrinsicElements'.
src/presentation/pages/payments/PaymentsListPage.tsx(281,15): error TS2339: Property 'tr' does not exist on type 'JSX.IntrinsicElements'.
src/presentation/pages/payments/PaymentsListPage.tsx(282,17): error TS2339: Property 'td' does not exist on type 'JSX.IntrinsicElements'.
src/presentation/pages/payments/PaymentsListPage.tsx(284,17): error TS2339: Property 'td' does not exist on type 'JSX.IntrinsicElements'.
src/presentation/pages/payments/PaymentsListPage.tsx(285,15): error TS2339: Property 'tr' does not exist on type 'JSX.IntrinsicElements'.
src/presentation/pages/payments/PaymentsListPage.tsx(288,17): error TS2339: Property 'tr' does not exist on type 'JSX.IntrinsicElements'.
src/presentation/pages/payments/PaymentsListPage.tsx(292,19): error TS2339: Property 'td' does not exist on type 'JSX.IntrinsicElements'.
src/presentation/pages/payments/PaymentsListPage.tsx(292,72): error TS2339: Property 'td' does not exist on type 'JSX.IntrinsicElements'.
src/presentation/pages/payments/PaymentsListPage.tsx(293,19): error TS2339: Property 'td' does not exist on type 'JSX.IntrinsicElements'.
src/presentation/pages/payments/PaymentsListPage.tsx(296,19): error TS2339: Property 'td' does not exist on type 'JSX.IntrinsicElements'.
src/presentation/pages/payments/PaymentsListPage.tsx(297,19): error TS2339: Property 'td' does not exist on type 'JSX.IntrinsicElements'.
src/presentation/pages/payments/PaymentsListPage.tsx(300,19): error TS2339: Property 'td' does not exist on type 'JSX.IntrinsicElements'.
src/presentation/pages/payments/PaymentsListPage.tsx(301,19): error TS2339: Property 'td' does not exist on type 'JSX.IntrinsicElements'.
src/presentation/pages/payments/PaymentsListPage.tsx(303,19): error TS2339: Property 'td' does not exist on type 'JSX.IntrinsicElements'.
src/presentation/pages/payments/PaymentsListPage.tsx(304,19): error TS2339: Property 'td' does not exist on type 'JSX.IntrinsicElements'.
src/presentation/pages/payments/PaymentsListPage.tsx(306,19): error TS2339: Property 'td' does not exist on type 'JSX.IntrinsicElements'.
src/presentation/pages/payments/PaymentsListPage.tsx(307,19): error TS2339: Property 'td' does not exist on type 'JSX.IntrinsicElements'.
src/presentation/pages/payments/PaymentsListPage.tsx(309,19): error TS2339: Property 'td' does not exist on type 'JSX.IntrinsicElements'.
src/presentation/pages/payments/PaymentsListPage.tsx(310,19): error TS2339: Property 'td' does not exist on type 'JSX.IntrinsicElements'.
src/presentation/pages/payments/PaymentsListPage.tsx(311,21): error TS2339: Property 'span' does not exist on type 'JSX.IntrinsicElements'.
src/presentation/pages/payments/PaymentsListPage.tsx(314,21): error TS2339: Property 'span' does not exist on type 'JSX.IntrinsicElements'.
src/presentation/pages/payments/PaymentsListPage.tsx(315,19): error TS2339: Property 'td' does not exist on type 'JSX.IntrinsicElements'.
src/presentation/pages/payments/PaymentsListPage.tsx(316,19): error TS2339: Property 'td' does not exist on type 'JSX.IntrinsicElements'.
src/presentation/pages/payments/PaymentsListPage.tsx(317,21): error TS2339: Property 'span' does not exist on type 'JSX.IntrinsicElements'.
src/presentation/pages/payments/PaymentsListPage.tsx(323,21): error TS2339: Property 'span' does not exist on type 'JSX.IntrinsicElements'.
src/presentation/pages/payments/PaymentsListPage.tsx(324,19): error TS2339: Property 'td' does not exist on type 'JSX.IntrinsicElements'.
src/presentation/pages/payments/PaymentsListPage.tsx(325,19): error TS2339: Property 'td' does not exist on type 'JSX.IntrinsicElements'.
src/presentation/pages/payments/PaymentsListPage.tsx(327,19): error TS2339: Property 'td' does not exist on type 'JSX.IntrinsicElements'.
src/presentation/pages/payments/PaymentsListPage.tsx(328,19): error TS2339: Property 'td' does not exist on type 'JSX.IntrinsicElements'.
src/presentation/pages/payments/PaymentsListPage.tsx(329,21): error TS2339: Property 'button' does not exist on type 'JSX.IntrinsicElements'.
src/presentation/pages/payments/PaymentsListPage.tsx(334,21): error TS2339: Property 'button' does not exist on type 'JSX.IntrinsicElements'.
src/presentation/pages/payments/PaymentsListPage.tsx(335,19): error TS2339: Property 'td' does not exist on type 'JSX.IntrinsicElements'.
src/presentation/pages/payments/PaymentsListPage.tsx(336,17): error TS2339: Property 'tr' does not exist on type 'JSX.IntrinsicElements'.
src/presentation/pages/payments/PaymentsListPage.tsx(339,11): error TS2339: Property 'tbody' does not exist on type 'JSX.IntrinsicElements'.
src/presentation/pages/payments/PaymentsListPage.tsx(340,9): error TS2339: Property 'table' does not exist on type 'JSX.IntrinsicElements'.
src/presentation/pages/payments/PaymentsListPage.tsx(341,7): error TS2339: Property 'div' does not exist on type 'JSX.IntrinsicElements'.
src/presentation/pages/payments/PaymentsListPage.tsx(350,5): error TS2339: Property 'div' does not exist on type 'JSX.IntrinsicElements'.
src/presentation/pages/registerTecnico/RegisterTecnico.tsx(52,5): error TS7053: Element implicitly has an 'any' type because expression of type 'string' can't be used to index type '{ nombre: string; referencias: string; anio_experiencia: number; }'.
  No index signature with a parameter of type 'string' was found on type '{ nombre: string; referencias: string; anio_experiencia: number; }'.
src/presentation/pages/registerTecnico/RegisterTecnico.tsx(103,48): error TS2345: Argument of type '{ nombre: string; apellido: string; email: string; password: string; telefono: string; descripcion: string; ci: string; foto: string; foto_ci: string; rol: string; calificacion_promedio: number; especialidades: { ...; }[]; }' is not assignable to parameter of type 'RegisterTecnicoDTO'.
  Types of property 'rol' are incompatible.
    Type 'string' is not assignable to type '"tecnico"'.
src/presentation/pages/registerTecnico/RegisterTecnico.tsx(116,5): error TS2339: Property 'div' does not exist on type 'JSX.IntrinsicElements'.
src/presentation/pages/registerTecnico/RegisterTecnico.tsx(117,7): error TS2339: Property 'h1' does not exist on type 'JSX.IntrinsicElements'.
src/presentation/pages/registerTecnico/RegisterTecnico.tsx(117,64): error TS2339: Property 'h1' does not exist on type 'JSX.IntrinsicElements'.
src/presentation/pages/registerTecnico/RegisterTecnico.tsx(119,7): error TS2339: Property 'form' does not exist on type 'JSX.IntrinsicElements'.
src/presentation/pages/registerTecnico/RegisterTecnico.tsx(121,9): error TS2339: Property 'input' does not exist on type 'JSX.IntrinsicElements'.
src/presentation/pages/registerTecnico/RegisterTecnico.tsx(124,9): error TS2339: Property 'input' does not exist on type 'JSX.IntrinsicElements'.
src/presentation/pages/registerTecnico/RegisterTecnico.tsx(127,9): error TS2339: Property 'input' does not exist on type 'JSX.IntrinsicElements'.
src/presentation/pages/registerTecnico/RegisterTecnico.tsx(130,9): error TS2339: Property 'input' does not exist on type 'JSX.IntrinsicElements'.
src/presentation/pages/registerTecnico/RegisterTecnico.tsx(133,9): error TS2339: Property 'input' does not exist on type 'JSX.IntrinsicElements'.
src/presentation/pages/registerTecnico/RegisterTecnico.tsx(136,9): error TS2339: Property 'input' does not exist on type 'JSX.IntrinsicElements'.
src/presentation/pages/registerTecnico/RegisterTecnico.tsx(139,9): error TS2339: Property 'input' does not exist on type 'JSX.IntrinsicElements'.
src/presentation/pages/registerTecnico/RegisterTecnico.tsx(142,9): error TS2339: Property 'textarea' does not exist on type 'JSX.IntrinsicElements'.
src/presentation/pages/registerTecnico/RegisterTecnico.tsx(145,9): error TS2339: Property 'label' does not exist on type 'JSX.IntrinsicElements'.
src/presentation/pages/registerTecnico/RegisterTecnico.tsx(145,33): error TS2339: Property 'label' does not exist on type 'JSX.IntrinsicElements'.
src/presentation/pages/registerTecnico/RegisterTecnico.tsx(146,9): error TS2339: Property 'input' does not exist on type 'JSX.IntrinsicElements'.
src/presentation/pages/registerTecnico/RegisterTecnico.tsx(147,22): error TS7006: Parameter 'e' implicitly has an 'any' type.
src/presentation/pages/registerTecnico/RegisterTecnico.tsx(149,9): error TS2339: Property 'label' does not exist on type 'JSX.IntrinsicElements'.
src/presentation/pages/registerTecnico/RegisterTecnico.tsx(149,28): error TS2339: Property 'label' does not exist on type 'JSX.IntrinsicElements'.
src/presentation/pages/registerTecnico/RegisterTecnico.tsx(150,9): error TS2339: Property 'input' does not exist on type 'JSX.IntrinsicElements'.
src/presentation/pages/registerTecnico/RegisterTecnico.tsx(151,22): error TS7006: Parameter 'e' implicitly has an 'any' type.
src/presentation/pages/registerTecnico/RegisterTecnico.tsx(153,9): error TS2339: Property 'h3' does not exist on type 'JSX.IntrinsicElements'.
src/presentation/pages/registerTecnico/RegisterTecnico.tsx(153,49): error TS2339: Property 'h3' does not exist on type 'JSX.IntrinsicElements'.
src/presentation/pages/registerTecnico/RegisterTecnico.tsx(156,11): error TS2339: Property 'div' does not exist on type 'JSX.IntrinsicElements'.
src/presentation/pages/registerTecnico/RegisterTecnico.tsx(158,13): error TS2339: Property 'select' does not exist on type 'JSX.IntrinsicElements'.
src/presentation/pages/registerTecnico/RegisterTecnico.tsx(162,26): error TS7006: Parameter 'e' implicitly has an 'any' type.
src/presentation/pages/registerTecnico/RegisterTecnico.tsx(164,15): error TS2339: Property 'option' does not exist on type 'JSX.IntrinsicElements'.
src/presentation/pages/registerTecnico/RegisterTecnico.tsx(164,56): error TS2339: Property 'option' does not exist on type 'JSX.IntrinsicElements'.
src/presentation/pages/registerTecnico/RegisterTecnico.tsx(166,17): error TS2339: Property 'option' does not exist on type 'JSX.IntrinsicElements'.
src/presentation/pages/registerTecnico/RegisterTecnico.tsx(168,17): error TS2339: Property 'option' does not exist on type 'JSX.IntrinsicElements'.
src/presentation/pages/registerTecnico/RegisterTecnico.tsx(170,13): error TS2339: Property 'select' does not exist on type 'JSX.IntrinsicElements'.
src/presentation/pages/registerTecnico/RegisterTecnico.tsx(172,13): error TS2339: Property 'input' does not exist on type 'JSX.IntrinsicElements'.
src/presentation/pages/registerTecnico/RegisterTecnico.tsx(173,26): error TS7006: Parameter 'e' implicitly has an 'any' type.
src/presentation/pages/registerTecnico/RegisterTecnico.tsx(176,13): error TS2339: Property 'input' does not exist on type 'JSX.IntrinsicElements'.
src/presentation/pages/registerTecnico/RegisterTecnico.tsx(177,26): error TS7006: Parameter 'e' implicitly has an 'any' type.
src/presentation/pages/registerTecnico/RegisterTecnico.tsx(179,11): error TS2339: Property 'div' does not exist on type 'JSX.IntrinsicElements'.
src/presentation/pages/registerTecnico/RegisterTecnico.tsx(182,9): error TS2339: Property 'button' does not exist on type 'JSX.IntrinsicElements'.
src/presentation/pages/registerTecnico/RegisterTecnico.tsx(185,9): error TS2339: Property 'button' does not exist on type 'JSX.IntrinsicElements'.
src/presentation/pages/registerTecnico/RegisterTecnico.tsx(187,9): error TS2339: Property 'button' does not exist on type 'JSX.IntrinsicElements'.
src/presentation/pages/registerTecnico/RegisterTecnico.tsx(190,9): error TS2339: Property 'button' does not exist on type 'JSX.IntrinsicElements'.
src/presentation/pages/registerTecnico/RegisterTecnico.tsx(192,7): error TS2339: Property 'form' does not exist on type 'JSX.IntrinsicElements'.
src/presentation/pages/registerTecnico/RegisterTecnico.tsx(193,5): error TS2339: Property 'div' does not exist on type 'JSX.IntrinsicElements'.
src/presentation/pages/reports/ReportsBIPage.tsx(14,8): error TS2792: Cannot find module 'chart.js'. Did you mean to set the 'moduleResolution' option to 'nodenext', or to add aliases to the 'paths' option?
src/presentation/pages/reports/ReportsBIPage.tsx(15,32): error TS2792: Cannot find module 'react-chartjs-2'. Did you mean to set the 'moduleResolution' option to 'nodenext', or to add aliases to the 'paths' option?
src/presentation/pages/reports/ReportsBIPage.tsx(16,75): error TS2792: Cannot find module 'react-icons/fa'. Did you mean to set the 'moduleResolution' option to 'nodenext', or to add aliases to the 'paths' option?
src/presentation/pages/reports/ReportsBIPage.tsx(17,19): error TS2792: Cannot find module 'jspdf'. Did you mean to set the 'moduleResolution' option to 'nodenext', or to add aliases to the 'paths' option?
src/presentation/pages/reports/ReportsBIPage.tsx(18,23): error TS2792: Cannot find module 'jspdf-autotable'. Did you mean to set the 'moduleResolution' option to 'nodenext', or to add aliases to the 'paths' option?
src/presentation/pages/reports/ReportsBIPage.tsx(240,7): error TS2339: Property 'div' does not exist on type 'JSX.IntrinsicElements'.
src/presentation/pages/reports/ReportsBIPage.tsx(242,7): error TS2339: Property 'div' does not exist on type 'JSX.IntrinsicElements'.
src/presentation/pages/reports/ReportsBIPage.tsx(247,5): error TS2339: Property 'div' does not exist on type 'JSX.IntrinsicElements'.
src/presentation/pages/reports/ReportsBIPage.tsx(249,7): error TS2339: Property 'div' does not exist on type 'JSX.IntrinsicElements'.
src/presentation/pages/reports/ReportsBIPage.tsx(250,9): error TS2339: Property 'h1' does not exist on type 'JSX.IntrinsicElements'.
src/presentation/pages/reports/ReportsBIPage.tsx(252,9): error TS2339: Property 'h1' does not exist on type 'JSX.IntrinsicElements'.
src/presentation/pages/reports/ReportsBIPage.tsx(253,9): error TS2339: Property 'button' does not exist on type 'JSX.IntrinsicElements'.
src/presentation/pages/reports/ReportsBIPage.tsx(258,9): error TS2339: Property 'button' does not exist on type 'JSX.IntrinsicElements'.
src/presentation/pages/reports/ReportsBIPage.tsx(259,7): error TS2339: Property 'div' does not exist on type 'JSX.IntrinsicElements'.
src/presentation/pages/reports/ReportsBIPage.tsx(262,7): error TS2339: Property 'div' does not exist on type 'JSX.IntrinsicElements'.
src/presentation/pages/reports/ReportsBIPage.tsx(263,9): error TS2339: Property 'div' does not exist on type 'JSX.IntrinsicElements'.
src/presentation/pages/reports/ReportsBIPage.tsx(264,11): error TS2339: Property 'label' does not exist on type 'JSX.IntrinsicElements'.
src/presentation/pages/reports/ReportsBIPage.tsx(266,11): error TS2339: Property 'label' does not exist on type 'JSX.IntrinsicElements'.
src/presentation/pages/reports/ReportsBIPage.tsx(267,11): error TS2339: Property 'input' does not exist on type 'JSX.IntrinsicElements'.
src/presentation/pages/reports/ReportsBIPage.tsx(270,24): error TS7006: Parameter 'e' implicitly has an 'any' type.
src/presentation/pages/reports/ReportsBIPage.tsx(273,9): error TS2339: Property 'div' does not exist on type 'JSX.IntrinsicElements'.
src/presentation/pages/reports/ReportsBIPage.tsx(274,9): error TS2339: Property 'div' does not exist on type 'JSX.IntrinsicElements'.
src/presentation/pages/reports/ReportsBIPage.tsx(275,11): error TS2339: Property 'label' does not exist on type 'JSX.IntrinsicElements'.
src/presentation/pages/reports/ReportsBIPage.tsx(277,11): error TS2339: Property 'label' does not exist on type 'JSX.IntrinsicElements'.
src/presentation/pages/reports/ReportsBIPage.tsx(278,11): error TS2339: Property 'input' does not exist on type 'JSX.IntrinsicElements'.
src/presentation/pages/reports/ReportsBIPage.tsx(281,24): error TS7006: Parameter 'e' implicitly has an 'any' type.
src/presentation/pages/reports/ReportsBIPage.tsx(284,9): error TS2339: Property 'div' does not exist on type 'JSX.IntrinsicElements'.
src/presentation/pages/reports/ReportsBIPage.tsx(285,9): error TS2339: Property 'button' does not exist on type 'JSX.IntrinsicElements'.
src/presentation/pages/reports/ReportsBIPage.tsx(290,9): error TS2339: Property 'button' does not exist on type 'JSX.IntrinsicElements'.
src/presentation/pages/reports/ReportsBIPage.tsx(291,7): error TS2339: Property 'div' does not exist on type 'JSX.IntrinsicElements'.
src/presentation/pages/reports/ReportsBIPage.tsx(295,9): error TS2339: Property 'div' does not exist on type 'JSX.IntrinsicElements'.
src/presentation/pages/reports/ReportsBIPage.tsx(296,11): error TS2339: Property 'div' does not exist on type 'JSX.IntrinsicElements'.
src/presentation/pages/reports/ReportsBIPage.tsx(297,13): error TS2339: Property 'p' does not exist on type 'JSX.IntrinsicElements'.
src/presentation/pages/reports/ReportsBIPage.tsx(297,62): error TS2339: Property 'p' does not exist on type 'JSX.IntrinsicElements'.
src/presentation/pages/reports/ReportsBIPage.tsx(298,13): error TS2339: Property 'p' does not exist on type 'JSX.IntrinsicElements'.
src/presentation/pages/reports/ReportsBIPage.tsx(298,69): error TS2339: Property 'p' does not exist on type 'JSX.IntrinsicElements'.
src/presentation/pages/reports/ReportsBIPage.tsx(299,13): error TS2339: Property 'p' does not exist on type 'JSX.IntrinsicElements'.
src/presentation/pages/reports/ReportsBIPage.tsx(301,13): error TS2339: Property 'p' does not exist on type 'JSX.IntrinsicElements'.
src/presentation/pages/reports/ReportsBIPage.tsx(302,11): error TS2339: Property 'div' does not exist on type 'JSX.IntrinsicElements'.
src/presentation/pages/reports/ReportsBIPage.tsx(303,11): error TS2339: Property 'div' does not exist on type 'JSX.IntrinsicElements'.
src/presentation/pages/reports/ReportsBIPage.tsx(304,13): error TS2339: Property 'p' does not exist on type 'JSX.IntrinsicElements'.
src/presentation/pages/reports/ReportsBIPage.tsx(304,63): error TS2339: Property 'p' does not exist on type 'JSX.IntrinsicElements'.
src/presentation/pages/reports/ReportsBIPage.tsx(305,13): error TS2339: Property 'p' does not exist on type 'JSX.IntrinsicElements'.
src/presentation/pages/reports/ReportsBIPage.tsx(305,95): error TS2339: Property 'p' does not exist on type 'JSX.IntrinsicElements'.
src/presentation/pages/reports/ReportsBIPage.tsx(306,13): error TS2339: Property 'p' does not exist on type 'JSX.IntrinsicElements'.
src/presentation/pages/reports/ReportsBIPage.tsx(306,61): error TS2339: Property 'p' does not exist on type 'JSX.IntrinsicElements'.
src/presentation/pages/reports/ReportsBIPage.tsx(307,11): error TS2339: Property 'div' does not exist on type 'JSX.IntrinsicElements'.
src/presentation/pages/reports/ReportsBIPage.tsx(308,11): error TS2339: Property 'div' does not exist on type 'JSX.IntrinsicElements'.
src/presentation/pages/reports/ReportsBIPage.tsx(309,13): error TS2339: Property 'p' does not exist on type 'JSX.IntrinsicElements'.
src/presentation/pages/reports/ReportsBIPage.tsx(309,55): error TS2339: Property 'p' does not exist on type 'JSX.IntrinsicElements'.
src/presentation/pages/reports/ReportsBIPage.tsx(310,13): error TS2339: Property 'p' does not exist on type 'JSX.IntrinsicElements'.
src/presentation/pages/reports/ReportsBIPage.tsx(310,90): error TS2339: Property 'p' does not exist on type 'JSX.IntrinsicElements'.
src/presentation/pages/reports/ReportsBIPage.tsx(311,13): error TS2339: Property 'p' does not exist on type 'JSX.IntrinsicElements'.
src/presentation/pages/reports/ReportsBIPage.tsx(313,13): error TS2339: Property 'p' does not exist on type 'JSX.IntrinsicElements'.
src/presentation/pages/reports/ReportsBIPage.tsx(314,11): error TS2339: Property 'div' does not exist on type 'JSX.IntrinsicElements'.
src/presentation/pages/reports/ReportsBIPage.tsx(315,9): error TS2339: Property 'div' does not exist on type 'JSX.IntrinsicElements'.
src/presentation/pages/reports/ReportsBIPage.tsx(319,7): error TS2339: Property 'div' does not exist on type 'JSX.IntrinsicElements'.
src/presentation/pages/reports/ReportsBIPage.tsx(321,9): error TS2339: Property 'div' does not exist on type 'JSX.IntrinsicElements'.
src/presentation/pages/reports/ReportsBIPage.tsx(322,11): error TS2339: Property 'div' does not exist on type 'JSX.IntrinsicElements'.
src/presentation/pages/reports/ReportsBIPage.tsx(324,13): error TS2339: Property 'h3' does not exist on type 'JSX.IntrinsicElements'.
src/presentation/pages/reports/ReportsBIPage.tsx(326,13): error TS2339: Property 'h3' does not exist on type 'JSX.IntrinsicElements'.
src/presentation/pages/reports/ReportsBIPage.tsx(327,11): error TS2339: Property 'div' does not exist on type 'JSX.IntrinsicElements'.
src/presentation/pages/reports/ReportsBIPage.tsx(329,9): error TS2339: Property 'div' does not exist on type 'JSX.IntrinsicElements'.
src/presentation/pages/reports/ReportsBIPage.tsx(332,9): error TS2339: Property 'div' does not exist on type 'JSX.IntrinsicElements'.
src/presentation/pages/reports/ReportsBIPage.tsx(333,11): error TS2339: Property 'div' does not exist on type 'JSX.IntrinsicElements'.
src/presentation/pages/reports/ReportsBIPage.tsx(335,13): error TS2339: Property 'h3' does not exist on type 'JSX.IntrinsicElements'.
src/presentation/pages/reports/ReportsBIPage.tsx(337,13): error TS2339: Property 'h3' does not exist on type 'JSX.IntrinsicElements'.
src/presentation/pages/reports/ReportsBIPage.tsx(338,11): error TS2339: Property 'div' does not exist on type 'JSX.IntrinsicElements'.
src/presentation/pages/reports/ReportsBIPage.tsx(351,9): error TS2339: Property 'div' does not exist on type 'JSX.IntrinsicElements'.
src/presentation/pages/reports/ReportsBIPage.tsx(352,7): error TS2339: Property 'div' does not exist on type 'JSX.IntrinsicElements'.
src/presentation/pages/reports/ReportsBIPage.tsx(355,7): error TS2339: Property 'div' does not exist on type 'JSX.IntrinsicElements'.
src/presentation/pages/reports/ReportsBIPage.tsx(356,9): error TS2339: Property 'div' does not exist on type 'JSX.IntrinsicElements'.
src/presentation/pages/reports/ReportsBIPage.tsx(358,11): error TS2339: Property 'h3' does not exist on type 'JSX.IntrinsicElements'.
src/presentation/pages/reports/ReportsBIPage.tsx(360,11): error TS2339: Property 'h3' does not exist on type 'JSX.IntrinsicElements'.
src/presentation/pages/reports/ReportsBIPage.tsx(361,9): error TS2339: Property 'div' does not exist on type 'JSX.IntrinsicElements'.
src/presentation/pages/reports/ReportsBIPage.tsx(378,7): error TS2339: Property 'div' does not exist on type 'JSX.IntrinsicElements'.
src/presentation/pages/reports/ReportsBIPage.tsx(381,7): error TS2339: Property 'div' does not exist on type 'JSX.IntrinsicElements'.
src/presentation/pages/reports/ReportsBIPage.tsx(382,9): error TS2339: Property 'h3' does not exist on type 'JSX.IntrinsicElements'.
src/presentation/pages/reports/ReportsBIPage.tsx(384,9): error TS2339: Property 'h3' does not exist on type 'JSX.IntrinsicElements'.
src/presentation/pages/reports/ReportsBIPage.tsx(385,9): error TS2339: Property 'div' does not exist on type 'JSX.IntrinsicElements'.
src/presentation/pages/reports/ReportsBIPage.tsx(386,11): error TS2339: Property 'table' does not exist on type 'JSX.IntrinsicElements'.
src/presentation/pages/reports/ReportsBIPage.tsx(387,13): error TS2339: Property 'thead' does not exist on type 'JSX.IntrinsicElements'.
src/presentation/pages/reports/ReportsBIPage.tsx(388,15): error TS2339: Property 'tr' does not exist on type 'JSX.IntrinsicElements'.
src/presentation/pages/reports/ReportsBIPage.tsx(389,17): error TS2339: Property 'th' does not exist on type 'JSX.IntrinsicElements'.
src/presentation/pages/reports/ReportsBIPage.tsx(389,60): error TS2339: Property 'th' does not exist on type 'JSX.IntrinsicElements'.
src/presentation/pages/reports/ReportsBIPage.tsx(390,17): error TS2339: Property 'th' does not exist on type 'JSX.IntrinsicElements'.
src/presentation/pages/reports/ReportsBIPage.tsx(390,62): error TS2339: Property 'th' does not exist on type 'JSX.IntrinsicElements'.
src/presentation/pages/reports/ReportsBIPage.tsx(391,17): error TS2339: Property 'th' does not exist on type 'JSX.IntrinsicElements'.
src/presentation/pages/reports/ReportsBIPage.tsx(391,65): error TS2339: Property 'th' does not exist on type 'JSX.IntrinsicElements'.
src/presentation/pages/reports/ReportsBIPage.tsx(392,15): error TS2339: Property 'tr' does not exist on type 'JSX.IntrinsicElements'.
src/presentation/pages/reports/ReportsBIPage.tsx(393,13): error TS2339: Property 'thead' does not exist on type 'JSX.IntrinsicElements'.
src/presentation/pages/reports/ReportsBIPage.tsx(394,13): error TS2339: Property 'tbody' does not exist on type 'JSX.IntrinsicElements'.
src/presentation/pages/reports/ReportsBIPage.tsx(396,17): error TS2339: Property 'tr' does not exist on type 'JSX.IntrinsicElements'.
src/presentation/pages/reports/ReportsBIPage.tsx(400,19): error TS2339: Property 'td' does not exist on type 'JSX.IntrinsicElements'.
src/presentation/pages/reports/ReportsBIPage.tsx(402,23): error TS2339: Property 'img' does not exist on type 'JSX.IntrinsicElements'.
src/presentation/pages/reports/ReportsBIPage.tsx(408,23): error TS2339: Property 'div' does not exist on type 'JSX.IntrinsicElements'.
src/presentation/pages/reports/ReportsBIPage.tsx(409,25): error TS2339: Property 'span' does not exist on type 'JSX.IntrinsicElements'.
src/presentation/pages/reports/ReportsBIPage.tsx(412,25): error TS2339: Property 'span' does not exist on type 'JSX.IntrinsicElements'.
src/presentation/pages/reports/ReportsBIPage.tsx(413,23): error TS2339: Property 'div' does not exist on type 'JSX.IntrinsicElements'.
src/presentation/pages/reports/ReportsBIPage.tsx(415,21): error TS2339: Property 'span' does not exist on type 'JSX.IntrinsicElements'.
src/presentation/pages/reports/ReportsBIPage.tsx(417,21): error TS2339: Property 'span' does not exist on type 'JSX.IntrinsicElements'.
src/presentation/pages/reports/ReportsBIPage.tsx(418,19): error TS2339: Property 'td' does not exist on type 'JSX.IntrinsicElements'.
src/presentation/pages/reports/ReportsBIPage.tsx(419,19): error TS2339: Property 'td' does not exist on type 'JSX.IntrinsicElements'.
src/presentation/pages/reports/ReportsBIPage.tsx(420,21): error TS2339: Property 'span' does not exist on type 'JSX.IntrinsicElements'.
src/presentation/pages/reports/ReportsBIPage.tsx(422,21): error TS2339: Property 'span' does not exist on type 'JSX.IntrinsicElements'.
src/presentation/pages/reports/ReportsBIPage.tsx(423,19): error TS2339: Property 'td' does not exist on type 'JSX.IntrinsicElements'.
src/presentation/pages/reports/ReportsBIPage.tsx(424,19): error TS2339: Property 'td' does not exist on type 'JSX.IntrinsicElements'.
src/presentation/pages/reports/ReportsBIPage.tsx(425,21): error TS2339: Property 'div' does not exist on type 'JSX.IntrinsicElements'.
src/presentation/pages/reports/ReportsBIPage.tsx(426,23): error TS2339: Property 'div' does not exist on type 'JSX.IntrinsicElements'.
src/presentation/pages/reports/ReportsBIPage.tsx(428,27): error TS2339: Property 'span' does not exist on type 'JSX.IntrinsicElements'.
src/presentation/pages/reports/ReportsBIPage.tsx(428,91): error TS2339: Property 'span' does not exist on type 'JSX.IntrinsicElements'.
src/presentation/pages/reports/ReportsBIPage.tsx(430,23): error TS2339: Property 'div' does not exist on type 'JSX.IntrinsicElements'.
src/presentation/pages/reports/ReportsBIPage.tsx(431,23): error TS2339: Property 'span' does not exist on type 'JSX.IntrinsicElements'.
src/presentation/pages/reports/ReportsBIPage.tsx(431,88): error TS2339: Property 'span' does not exist on type 'JSX.IntrinsicElements'.
src/presentation/pages/reports/ReportsBIPage.tsx(432,21): error TS2339: Property 'div' does not exist on type 'JSX.IntrinsicElements'.
src/presentation/pages/reports/ReportsBIPage.tsx(433,19): error TS2339: Property 'td' does not exist on type 'JSX.IntrinsicElements'.
src/presentation/pages/reports/ReportsBIPage.tsx(434,17): error TS2339: Property 'tr' does not exist on type 'JSX.IntrinsicElements'.
src/presentation/pages/reports/ReportsBIPage.tsx(436,13): error TS2339: Property 'tbody' does not exist on type 'JSX.IntrinsicElements'.
src/presentation/pages/reports/ReportsBIPage.tsx(437,11): error TS2339: Property 'table' does not exist on type 'JSX.IntrinsicElements'.
src/presentation/pages/reports/ReportsBIPage.tsx(438,9): error TS2339: Property 'div' does not exist on type 'JSX.IntrinsicElements'.
src/presentation/pages/reports/ReportsBIPage.tsx(439,7): error TS2339: Property 'div' does not exist on type 'JSX.IntrinsicElements'.
src/presentation/pages/reports/ReportsBIPage.tsx(440,5): error TS2339: Property 'div' does not exist on type 'JSX.IntrinsicElements'.
src/presentation/pages/requests/ReassignModal.tsx(1,33): error TS2792: Cannot find module 'react-icons/fa'. Did you mean to set the 'moduleResolution' option to 'nodenext', or to add aliases to the 'paths' option?
src/presentation/pages/requests/ReassignModal.tsx(2,25): error TS2792: Cannot find module 'react-hook-form'. Did you mean to set the 'moduleResolution' option to 'nodenext', or to add aliases to the 'paths' option?
src/presentation/pages/requests/ReassignModal.tsx(3,19): error TS2792: Cannot find module 'zod'. Did you mean to set the 'moduleResolution' option to 'nodenext', or to add aliases to the 'paths' option?
src/presentation/pages/requests/ReassignModal.tsx(4,29): error TS2792: Cannot find module '@hookform/resolvers/zod'. Did you mean to set the 'moduleResolution' option to 'nodenext', or to add aliases to the 'paths' option?
src/presentation/pages/requests/ReassignModal.tsx(52,5): error TS2339: Property 'div' does not exist on type 'JSX.IntrinsicElements'.
src/presentation/pages/requests/ReassignModal.tsx(53,7): error TS2339: Property 'div' does not exist on type 'JSX.IntrinsicElements'.
src/presentation/pages/requests/ReassignModal.tsx(55,9): error TS2339: Property 'button' does not exist on type 'JSX.IntrinsicElements'.
src/presentation/pages/requests/ReassignModal.tsx(60,9): error TS2339: Property 'button' does not exist on type 'JSX.IntrinsicElements'.
src/presentation/pages/requests/ReassignModal.tsx(62,9): error TS2339: Property 'h2' does not exist on type 'JSX.IntrinsicElements'.
src/presentation/pages/requests/ReassignModal.tsx(64,9): error TS2339: Property 'h2' does not exist on type 'JSX.IntrinsicElements'.
src/presentation/pages/requests/ReassignModal.tsx(66,9): error TS2339: Property 'form' does not exist on type 'JSX.IntrinsicElements'.
src/presentation/pages/requests/ReassignModal.tsx(68,11): error TS2339: Property 'div' does not exist on type 'JSX.IntrinsicElements'.
src/presentation/pages/requests/ReassignModal.tsx(69,13): error TS2339: Property 'label' does not exist on type 'JSX.IntrinsicElements'.
src/presentation/pages/requests/ReassignModal.tsx(71,13): error TS2339: Property 'label' does not exist on type 'JSX.IntrinsicElements'.
src/presentation/pages/requests/ReassignModal.tsx(72,13): error TS2339: Property 'input' does not exist on type 'JSX.IntrinsicElements'.
src/presentation/pages/requests/ReassignModal.tsx(77,11): error TS2339: Property 'div' does not exist on type 'JSX.IntrinsicElements'.
src/presentation/pages/requests/ReassignModal.tsx(80,11): error TS2339: Property 'div' does not exist on type 'JSX.IntrinsicElements'.
src/presentation/pages/requests/ReassignModal.tsx(81,13): error TS2339: Property 'div' does not exist on type 'JSX.IntrinsicElements'.
src/presentation/pages/requests/ReassignModal.tsx(82,15): error TS2339: Property 'label' does not exist on type 'JSX.IntrinsicElements'.
src/presentation/pages/requests/ReassignModal.tsx(84,15): error TS2339: Property 'label' does not exist on type 'JSX.IntrinsicElements'.
src/presentation/pages/requests/ReassignModal.tsx(85,15): error TS2339: Property 'input' does not exist on type 'JSX.IntrinsicElements'.
src/presentation/pages/requests/ReassignModal.tsx(90,13): error TS2339: Property 'div' does not exist on type 'JSX.IntrinsicElements'.
src/presentation/pages/requests/ReassignModal.tsx(91,13): error TS2339: Property 'div' does not exist on type 'JSX.IntrinsicElements'.
src/presentation/pages/requests/ReassignModal.tsx(92,15): error TS2339: Property 'label' does not exist on type 'JSX.IntrinsicElements'.
src/presentation/pages/requests/ReassignModal.tsx(94,15): error TS2339: Property 'label' does not exist on type 'JSX.IntrinsicElements'.
src/presentation/pages/requests/ReassignModal.tsx(95,15): error TS2339: Property 'div' does not exist on type 'JSX.IntrinsicElements'.
src/presentation/pages/requests/ReassignModal.tsx(96,17): error TS2339: Property 'span' does not exist on type 'JSX.IntrinsicElements'.
src/presentation/pages/requests/ReassignModal.tsx(96,43): error TS2339: Property 'span' does not exist on type 'JSX.IntrinsicElements'.
src/presentation/pages/requests/ReassignModal.tsx(98,15): error TS2339: Property 'div' does not exist on type 'JSX.IntrinsicElements'.
src/presentation/pages/requests/ReassignModal.tsx(99,13): error TS2339: Property 'div' does not exist on type 'JSX.IntrinsicElements'.
src/presentation/pages/requests/ReassignModal.tsx(100,11): error TS2339: Property 'div' does not exist on type 'JSX.IntrinsicElements'.
src/presentation/pages/requests/ReassignModal.tsx(103,11): error TS2339: Property 'div' does not exist on type 'JSX.IntrinsicElements'.
src/presentation/pages/requests/ReassignModal.tsx(104,13): error TS2339: Property 'label' does not exist on type 'JSX.IntrinsicElements'.
src/presentation/pages/requests/ReassignModal.tsx(106,13): error TS2339: Property 'label' does not exist on type 'JSX.IntrinsicElements'.
src/presentation/pages/requests/ReassignModal.tsx(107,13): error TS2339: Property 'select' does not exist on type 'JSX.IntrinsicElements'.
src/presentation/pages/requests/ReassignModal.tsx(111,15): error TS2339: Property 'option' does not exist on type 'JSX.IntrinsicElements'.
src/presentation/pages/requests/ReassignModal.tsx(111,46): error TS2339: Property 'option' does not exist on type 'JSX.IntrinsicElements'.
src/presentation/pages/requests/ReassignModal.tsx(112,15): error TS2339: Property 'option' does not exist on type 'JSX.IntrinsicElements'.
src/presentation/pages/requests/ReassignModal.tsx(112,59): error TS2339: Property 'option' does not exist on type 'JSX.IntrinsicElements'.
src/presentation/pages/requests/ReassignModal.tsx(113,15): error TS2339: Property 'option' does not exist on type 'JSX.IntrinsicElements'.
src/presentation/pages/requests/ReassignModal.tsx(113,57): error TS2339: Property 'option' does not exist on type 'JSX.IntrinsicElements'.
src/presentation/pages/requests/ReassignModal.tsx(114,13): error TS2339: Property 'select' does not exist on type 'JSX.IntrinsicElements'.
src/presentation/pages/requests/ReassignModal.tsx(116,15): error TS2339: Property 'p' does not exist on type 'JSX.IntrinsicElements'.
src/presentation/pages/requests/ReassignModal.tsx(118,15): error TS2339: Property 'p' does not exist on type 'JSX.IntrinsicElements'.
src/presentation/pages/requests/ReassignModal.tsx(120,11): error TS2339: Property 'div' does not exist on type 'JSX.IntrinsicElements'.
src/presentation/pages/requests/ReassignModal.tsx(123,11): error TS2339: Property 'div' does not exist on type 'JSX.IntrinsicElements'.
src/presentation/pages/requests/ReassignModal.tsx(124,13): error TS2339: Property 'label' does not exist on type 'JSX.IntrinsicElements'.
src/presentation/pages/requests/ReassignModal.tsx(126,13): error TS2339: Property 'label' does not exist on type 'JSX.IntrinsicElements'.
src/presentation/pages/requests/ReassignModal.tsx(127,13): error TS2339: Property 'textarea' does not exist on type 'JSX.IntrinsicElements'.
src/presentation/pages/requests/ReassignModal.tsx(133,11): error TS2339: Property 'div' does not exist on type 'JSX.IntrinsicElements'.
src/presentation/pages/requests/ReassignModal.tsx(136,11): error TS2339: Property 'button' does not exist on type 'JSX.IntrinsicElements'.
src/presentation/pages/requests/ReassignModal.tsx(141,11): error TS2339: Property 'button' does not exist on type 'JSX.IntrinsicElements'.
src/presentation/pages/requests/ReassignModal.tsx(142,9): error TS2339: Property 'form' does not exist on type 'JSX.IntrinsicElements'.
src/presentation/pages/requests/ReassignModal.tsx(143,7): error TS2339: Property 'div' does not exist on type 'JSX.IntrinsicElements'.
src/presentation/pages/requests/ReassignModal.tsx(144,5): error TS2339: Property 'div' does not exist on type 'JSX.IntrinsicElements'.
src/presentation/pages/requests/RequestListPage.tsx(2,29): error TS2792: Cannot find module 'react-router-dom'. Did you mean to set the 'moduleResolution' option to 'nodenext', or to add aliases to the 'paths' option?
src/presentation/pages/requests/RequestListPage.tsx(4,34): error TS2792: Cannot find module 'react-icons/fa'. Did you mean to set the 'moduleResolution' option to 'nodenext', or to add aliases to the 'paths' option?
src/presentation/pages/requests/RequestListPage.tsx(88,7): error TS2339: Property 'div' does not exist on type 'JSX.IntrinsicElements'.
src/presentation/pages/requests/RequestListPage.tsx(90,7): error TS2339: Property 'div' does not exist on type 'JSX.IntrinsicElements'.
src/presentation/pages/requests/RequestListPage.tsx(95,5): error TS2339: Property 'div' does not exist on type 'JSX.IntrinsicElements'.
src/presentation/pages/requests/RequestListPage.tsx(96,7): error TS2339: Property 'h2' does not exist on type 'JSX.IntrinsicElements'.
src/presentation/pages/requests/RequestListPage.tsx(98,7): error TS2339: Property 'h2' does not exist on type 'JSX.IntrinsicElements'.
src/presentation/pages/requests/RequestListPage.tsx(101,7): error TS2339: Property 'div' does not exist on type 'JSX.IntrinsicElements'.
src/presentation/pages/requests/RequestListPage.tsx(103,11): error TS2339: Property 'button' does not exist on type 'JSX.IntrinsicElements'.
src/presentation/pages/requests/RequestListPage.tsx(112,11): error TS2339: Property 'button' does not exist on type 'JSX.IntrinsicElements'.
src/presentation/pages/requests/RequestListPage.tsx(114,7): error TS2339: Property 'div' does not exist on type 'JSX.IntrinsicElements'.
src/presentation/pages/requests/RequestListPage.tsx(117,7): error TS2339: Property 'div' does not exist on type 'JSX.IntrinsicElements'.
src/presentation/pages/requests/RequestListPage.tsx(118,9): error TS2339: Property 'table' does not exist on type 'JSX.IntrinsicElements'.
src/presentation/pages/requests/RequestListPage.tsx(119,11): error TS2339: Property 'thead' does not exist on type 'JSX.IntrinsicElements'.
src/presentation/pages/requests/RequestListPage.tsx(120,13): error TS2339: Property 'tr' does not exist on type 'JSX.IntrinsicElements'.
src/presentation/pages/requests/RequestListPage.tsx(121,15): error TS2339: Property 'th' does not exist on type 'JSX.IntrinsicElements'.
src/presentation/pages/requests/RequestListPage.tsx(121,43): error TS2339: Property 'th' does not exist on type 'JSX.IntrinsicElements'.
src/presentation/pages/requests/RequestListPage.tsx(122,15): error TS2339: Property 'th' does not exist on type 'JSX.IntrinsicElements'.
src/presentation/pages/requests/RequestListPage.tsx(122,48): error TS2339: Property 'th' does not exist on type 'JSX.IntrinsicElements'.
src/presentation/pages/requests/RequestListPage.tsx(123,15): error TS2339: Property 'th' does not exist on type 'JSX.IntrinsicElements'.
src/presentation/pages/requests/RequestListPage.tsx(123,50): error TS2339: Property 'th' does not exist on type 'JSX.IntrinsicElements'.
src/presentation/pages/requests/RequestListPage.tsx(124,15): error TS2339: Property 'th' does not exist on type 'JSX.IntrinsicElements'.
src/presentation/pages/requests/RequestListPage.tsx(124,52): error TS2339: Property 'th' does not exist on type 'JSX.IntrinsicElements'.
src/presentation/pages/requests/RequestListPage.tsx(125,15): error TS2339: Property 'th' does not exist on type 'JSX.IntrinsicElements'.
src/presentation/pages/requests/RequestListPage.tsx(125,48): error TS2339: Property 'th' does not exist on type 'JSX.IntrinsicElements'.
src/presentation/pages/requests/RequestListPage.tsx(126,15): error TS2339: Property 'th' does not exist on type 'JSX.IntrinsicElements'.
src/presentation/pages/requests/RequestListPage.tsx(126,46): error TS2339: Property 'th' does not exist on type 'JSX.IntrinsicElements'.
src/presentation/pages/requests/RequestListPage.tsx(127,15): error TS2339: Property 'th' does not exist on type 'JSX.IntrinsicElements'.
src/presentation/pages/requests/RequestListPage.tsx(127,47): error TS2339: Property 'th' does not exist on type 'JSX.IntrinsicElements'.
src/presentation/pages/requests/RequestListPage.tsx(128,15): error TS2339: Property 'th' does not exist on type 'JSX.IntrinsicElements'.
src/presentation/pages/requests/RequestListPage.tsx(128,61): error TS2339: Property 'th' does not exist on type 'JSX.IntrinsicElements'.
src/presentation/pages/requests/RequestListPage.tsx(129,13): error TS2339: Property 'tr' does not exist on type 'JSX.IntrinsicElements'.
src/presentation/pages/requests/RequestListPage.tsx(130,11): error TS2339: Property 'thead' does not exist on type 'JSX.IntrinsicElements'.
src/presentation/pages/requests/RequestListPage.tsx(131,11): error TS2339: Property 'tbody' does not exist on type 'JSX.IntrinsicElements'.
src/presentation/pages/requests/RequestListPage.tsx(133,15): error TS2339: Property 'tr' does not exist on type 'JSX.IntrinsicElements'.
src/presentation/pages/requests/RequestListPage.tsx(134,17): error TS2339: Property 'td' does not exist on type 'JSX.IntrinsicElements'.
src/presentation/pages/requests/RequestListPage.tsx(136,17): error TS2339: Property 'td' does not exist on type 'JSX.IntrinsicElements'.
src/presentation/pages/requests/RequestListPage.tsx(137,15): error TS2339: Property 'tr' does not exist on type 'JSX.IntrinsicElements'.
src/presentation/pages/requests/RequestListPage.tsx(140,17): error TS2339: Property 'tr' does not exist on type 'JSX.IntrinsicElements'.
src/presentation/pages/requests/RequestListPage.tsx(144,19): error TS2339: Property 'td' does not exist on type 'JSX.IntrinsicElements'.
src/presentation/pages/requests/RequestListPage.tsx(144,82): error TS2339: Property 'td' does not exist on type 'JSX.IntrinsicElements'.
src/presentation/pages/requests/RequestListPage.tsx(145,19): error TS2339: Property 'td' does not exist on type 'JSX.IntrinsicElements'.
src/presentation/pages/requests/RequestListPage.tsx(147,19): error TS2339: Property 'td' does not exist on type 'JSX.IntrinsicElements'.
src/presentation/pages/requests/RequestListPage.tsx(148,19): error TS2339: Property 'td' does not exist on type 'JSX.IntrinsicElements'.
src/presentation/pages/requests/RequestListPage.tsx(148,83): error TS2339: Property 'td' does not exist on type 'JSX.IntrinsicElements'.
src/presentation/pages/requests/RequestListPage.tsx(149,19): error TS2339: Property 'td' does not exist on type 'JSX.IntrinsicElements'.
src/presentation/pages/requests/RequestListPage.tsx(151,19): error TS2339: Property 'td' does not exist on type 'JSX.IntrinsicElements'.
src/presentation/pages/requests/RequestListPage.tsx(152,19): error TS2339: Property 'td' does not exist on type 'JSX.IntrinsicElements'.
src/presentation/pages/requests/RequestListPage.tsx(156,19): error TS2339: Property 'td' does not exist on type 'JSX.IntrinsicElements'.
src/presentation/pages/requests/RequestListPage.tsx(157,19): error TS2339: Property 'td' does not exist on type 'JSX.IntrinsicElements'.
src/presentation/pages/requests/RequestListPage.tsx(159,19): error TS2339: Property 'td' does not exist on type 'JSX.IntrinsicElements'.
src/presentation/pages/requests/RequestListPage.tsx(160,19): error TS2339: Property 'td' does not exist on type 'JSX.IntrinsicElements'.
src/presentation/pages/requests/RequestListPage.tsx(161,21): error TS2339: Property 'span' does not exist on type 'JSX.IntrinsicElements'.
src/presentation/pages/requests/RequestListPage.tsx(167,21): error TS2339: Property 'span' does not exist on type 'JSX.IntrinsicElements'.
src/presentation/pages/requests/RequestListPage.tsx(168,19): error TS2339: Property 'td' does not exist on type 'JSX.IntrinsicElements'.
src/presentation/pages/requests/RequestListPage.tsx(169,19): error TS2339: Property 'td' does not exist on type 'JSX.IntrinsicElements'.
src/presentation/pages/requests/RequestListPage.tsx(170,21): error TS2339: Property 'button' does not exist on type 'JSX.IntrinsicElements'.
src/presentation/pages/requests/RequestListPage.tsx(175,21): error TS2339: Property 'button' does not exist on type 'JSX.IntrinsicElements'.
src/presentation/pages/requests/RequestListPage.tsx(176,19): error TS2339: Property 'td' does not exist on type 'JSX.IntrinsicElements'.
src/presentation/pages/requests/RequestListPage.tsx(177,17): error TS2339: Property 'tr' does not exist on type 'JSX.IntrinsicElements'.
src/presentation/pages/requests/RequestListPage.tsx(180,11): error TS2339: Property 'tbody' does not exist on type 'JSX.IntrinsicElements'.
src/presentation/pages/requests/RequestListPage.tsx(181,9): error TS2339: Property 'table' does not exist on type 'JSX.IntrinsicElements'.
src/presentation/pages/requests/RequestListPage.tsx(182,7): error TS2339: Property 'div' does not exist on type 'JSX.IntrinsicElements'.
src/presentation/pages/requests/RequestListPage.tsx(191,5): error TS2339: Property 'div' does not exist on type 'JSX.IntrinsicElements'.
src/presentation/pages/technicians/GestionTecnicos.tsx(38,23): error TS2339: Property 'p' does not exist on type 'JSX.IntrinsicElements'.
src/presentation/pages/technicians/GestionTecnicos.tsx(38,46): error TS2339: Property 'p' does not exist on type 'JSX.IntrinsicElements'.
src/presentation/pages/technicians/GestionTecnicos.tsx(41,5): error TS2339: Property 'div' does not exist on type 'JSX.IntrinsicElements'.
src/presentation/pages/technicians/GestionTecnicos.tsx(42,7): error TS2339: Property 'h1' does not exist on type 'JSX.IntrinsicElements'.
src/presentation/pages/technicians/GestionTecnicos.tsx(42,70): error TS2339: Property 'h1' does not exist on type 'JSX.IntrinsicElements'.
src/presentation/pages/technicians/GestionTecnicos.tsx(44,7): error TS2339: Property 'table' does not exist on type 'JSX.IntrinsicElements'.
src/presentation/pages/technicians/GestionTecnicos.tsx(45,9): error TS2339: Property 'thead' does not exist on type 'JSX.IntrinsicElements'.
src/presentation/pages/technicians/GestionTecnicos.tsx(46,11): error TS2339: Property 'tr' does not exist on type 'JSX.IntrinsicElements'.
src/presentation/pages/technicians/GestionTecnicos.tsx(47,13): error TS2339: Property 'th' does not exist on type 'JSX.IntrinsicElements'.
src/presentation/pages/technicians/GestionTecnicos.tsx(47,35): error TS2339: Property 'th' does not exist on type 'JSX.IntrinsicElements'.
src/presentation/pages/technicians/GestionTecnicos.tsx(48,13): error TS2339: Property 'th' does not exist on type 'JSX.IntrinsicElements'.
src/presentation/pages/technicians/GestionTecnicos.tsx(48,39): error TS2339: Property 'th' does not exist on type 'JSX.IntrinsicElements'.
src/presentation/pages/technicians/GestionTecnicos.tsx(49,13): error TS2339: Property 'th' does not exist on type 'JSX.IntrinsicElements'.
src/presentation/pages/technicians/GestionTecnicos.tsx(49,38): error TS2339: Property 'th' does not exist on type 'JSX.IntrinsicElements'.
src/presentation/pages/technicians/GestionTecnicos.tsx(50,13): error TS2339: Property 'th' does not exist on type 'JSX.IntrinsicElements'.
src/presentation/pages/technicians/GestionTecnicos.tsx(50,39): error TS2339: Property 'th' does not exist on type 'JSX.IntrinsicElements'.
src/presentation/pages/technicians/GestionTecnicos.tsx(51,13): error TS2339: Property 'th' does not exist on type 'JSX.IntrinsicElements'.
src/presentation/pages/technicians/GestionTecnicos.tsx(51,39): error TS2339: Property 'th' does not exist on type 'JSX.IntrinsicElements'.
src/presentation/pages/technicians/GestionTecnicos.tsx(52,11): error TS2339: Property 'tr' does not exist on type 'JSX.IntrinsicElements'.
src/presentation/pages/technicians/GestionTecnicos.tsx(53,9): error TS2339: Property 'thead' does not exist on type 'JSX.IntrinsicElements'.
src/presentation/pages/technicians/GestionTecnicos.tsx(55,9): error TS2339: Property 'tbody' does not exist on type 'JSX.IntrinsicElements'.
src/presentation/pages/technicians/GestionTecnicos.tsx(57,13): error TS2339: Property 'tr' does not exist on type 'JSX.IntrinsicElements'.
src/presentation/pages/technicians/GestionTecnicos.tsx(58,15): error TS2339: Property 'td' does not exist on type 'JSX.IntrinsicElements'.
src/presentation/pages/technicians/GestionTecnicos.tsx(58,49): error TS2339: Property 'td' does not exist on type 'JSX.IntrinsicElements'.
src/presentation/pages/technicians/GestionTecnicos.tsx(59,15): error TS2339: Property 'td' does not exist on type 'JSX.IntrinsicElements'.
src/presentation/pages/technicians/GestionTecnicos.tsx(59,58): error TS2339: Property 'td' does not exist on type 'JSX.IntrinsicElements'.
src/presentation/pages/technicians/GestionTecnicos.tsx(60,15): error TS2339: Property 'td' does not exist on type 'JSX.IntrinsicElements'.
src/presentation/pages/technicians/GestionTecnicos.tsx(60,44): error TS2339: Property 'td' does not exist on type 'JSX.IntrinsicElements'.
src/presentation/pages/technicians/GestionTecnicos.tsx(62,15): error TS2339: Property 'td' does not exist on type 'JSX.IntrinsicElements'.
src/presentation/pages/technicians/GestionTecnicos.tsx(64,19): error TS2339: Property 'span' does not exist on type 'JSX.IntrinsicElements'.
src/presentation/pages/technicians/GestionTecnicos.tsx(64,72): error TS2339: Property 'span' does not exist on type 'JSX.IntrinsicElements'.
src/presentation/pages/technicians/GestionTecnicos.tsx(66,19): error TS2339: Property 'span' does not exist on type 'JSX.IntrinsicElements'.
src/presentation/pages/technicians/GestionTecnicos.tsx(66,77): error TS2339: Property 'span' does not exist on type 'JSX.IntrinsicElements'.
src/presentation/pages/technicians/GestionTecnicos.tsx(68,15): error TS2339: Property 'td' does not exist on type 'JSX.IntrinsicElements'.
src/presentation/pages/technicians/GestionTecnicos.tsx(70,15): error TS2339: Property 'td' does not exist on type 'JSX.IntrinsicElements'.
src/presentation/pages/technicians/GestionTecnicos.tsx(72,19): error TS2339: Property 'button' does not exist on type 'JSX.IntrinsicElements'.
src/presentation/pages/technicians/GestionTecnicos.tsx(77,19): error TS2339: Property 'button' does not exist on type 'JSX.IntrinsicElements'.
src/presentation/pages/technicians/GestionTecnicos.tsx(79,19): error TS2339: Property 'button' does not exist on type 'JSX.IntrinsicElements'.
src/presentation/pages/technicians/GestionTecnicos.tsx(84,19): error TS2339: Property 'button' does not exist on type 'JSX.IntrinsicElements'.
src/presentation/pages/technicians/GestionTecnicos.tsx(86,15): error TS2339: Property 'td' does not exist on type 'JSX.IntrinsicElements'.
src/presentation/pages/technicians/GestionTecnicos.tsx(88,13): error TS2339: Property 'tr' does not exist on type 'JSX.IntrinsicElements'.
src/presentation/pages/technicians/GestionTecnicos.tsx(90,9): error TS2339: Property 'tbody' does not exist on type 'JSX.IntrinsicElements'.
src/presentation/pages/technicians/GestionTecnicos.tsx(91,7): error TS2339: Property 'table' does not exist on type 'JSX.IntrinsicElements'.
src/presentation/pages/technicians/GestionTecnicos.tsx(92,5): error TS2339: Property 'div' does not exist on type 'JSX.IntrinsicElements'.
src/presentation/pages/technicians/TechicianListPage.tsx(2,34): error TS2792: Cannot find module 'react-icons/fa'. Did you mean to set the 'moduleResolution' option to 'nodenext', or to add aliases to the 'paths' option?
src/presentation/pages/technicians/TechicianListPage.tsx(3,22): error TS2792: Cannot find module 'react-router-dom'. Did you mean to set the 'moduleResolution' option to 'nodenext', or to add aliases to the 'paths' option?
src/presentation/pages/technicians/TechicianListPage.tsx(28,5): error TS2339: Property 'div' does not exist on type 'JSX.IntrinsicElements'.
src/presentation/pages/technicians/TechicianListPage.tsx(30,7): error TS2339: Property 'div' does not exist on type 'JSX.IntrinsicElements'.
src/presentation/pages/technicians/TechicianListPage.tsx(31,9): error TS2339: Property 'h2' does not exist on type 'JSX.IntrinsicElements'.
src/presentation/pages/technicians/TechicianListPage.tsx(33,9): error TS2339: Property 'h2' does not exist on type 'JSX.IntrinsicElements'.
src/presentation/pages/technicians/TechicianListPage.tsx(35,9): error TS2339: Property 'div' does not exist on type 'JSX.IntrinsicElements'.
src/presentation/pages/technicians/TechicianListPage.tsx(37,11): error TS2339: Property 'input' does not exist on type 'JSX.IntrinsicElements'.
src/presentation/pages/technicians/TechicianListPage.tsx(41,24): error TS7006: Parameter 'e' implicitly has an 'any' type.
src/presentation/pages/technicians/TechicianListPage.tsx(44,9): error TS2339: Property 'div' does not exist on type 'JSX.IntrinsicElements'.
src/presentation/pages/technicians/TechicianListPage.tsx(45,7): error TS2339: Property 'div' does not exist on type 'JSX.IntrinsicElements'.
src/presentation/pages/technicians/TechicianListPage.tsx(48,7): error TS2339: Property 'div' does not exist on type 'JSX.IntrinsicElements'.
src/presentation/pages/technicians/TechicianListPage.tsx(49,9): error TS2339: Property 'table' does not exist on type 'JSX.IntrinsicElements'.
src/presentation/pages/technicians/TechicianListPage.tsx(50,11): error TS2339: Property 'thead' does not exist on type 'JSX.IntrinsicElements'.
src/presentation/pages/technicians/TechicianListPage.tsx(51,13): error TS2339: Property 'tr' does not exist on type 'JSX.IntrinsicElements'.
src/presentation/pages/technicians/TechicianListPage.tsx(52,15): error TS2339: Property 'th' does not exist on type 'JSX.IntrinsicElements'.
src/presentation/pages/technicians/TechicianListPage.tsx(52,61): error TS2339: Property 'th' does not exist on type 'JSX.IntrinsicElements'.
src/presentation/pages/technicians/TechicianListPage.tsx(53,15): error TS2339: Property 'th' does not exist on type 'JSX.IntrinsicElements'.
src/presentation/pages/technicians/TechicianListPage.tsx(53,67): error TS2339: Property 'th' does not exist on type 'JSX.IntrinsicElements'.
src/presentation/pages/technicians/TechicianListPage.tsx(54,15): error TS2339: Property 'th' does not exist on type 'JSX.IntrinsicElements'.
src/presentation/pages/technicians/TechicianListPage.tsx(54,67): error TS2339: Property 'th' does not exist on type 'JSX.IntrinsicElements'.
src/presentation/pages/technicians/TechicianListPage.tsx(55,15): error TS2339: Property 'th' does not exist on type 'JSX.IntrinsicElements'.
src/presentation/pages/technicians/TechicianListPage.tsx(55,61): error TS2339: Property 'th' does not exist on type 'JSX.IntrinsicElements'.
src/presentation/pages/technicians/TechicianListPage.tsx(56,15): error TS2339: Property 'th' does not exist on type 'JSX.IntrinsicElements'.
src/presentation/pages/technicians/TechicianListPage.tsx(56,73): error TS2339: Property 'th' does not exist on type 'JSX.IntrinsicElements'.
src/presentation/pages/technicians/TechicianListPage.tsx(57,13): error TS2339: Property 'tr' does not exist on type 'JSX.IntrinsicElements'.
src/presentation/pages/technicians/TechicianListPage.tsx(58,11): error TS2339: Property 'thead' does not exist on type 'JSX.IntrinsicElements'.
src/presentation/pages/technicians/TechicianListPage.tsx(59,11): error TS2339: Property 'tbody' does not exist on type 'JSX.IntrinsicElements'.
src/presentation/pages/technicians/TechicianListPage.tsx(62,17): error TS2339: Property 'tr' does not exist on type 'JSX.IntrinsicElements'.
src/presentation/pages/technicians/TechicianListPage.tsx(66,19): error TS2339: Property 'td' does not exist on type 'JSX.IntrinsicElements'.
src/presentation/pages/technicians/TechicianListPage.tsx(68,19): error TS2339: Property 'td' does not exist on type 'JSX.IntrinsicElements'.
src/presentation/pages/technicians/TechicianListPage.tsx(69,19): error TS2339: Property 'td' does not exist on type 'JSX.IntrinsicElements'.
src/presentation/pages/technicians/TechicianListPage.tsx(71,19): error TS2339: Property 'td' does not exist on type 'JSX.IntrinsicElements'.
src/presentation/pages/technicians/TechicianListPage.tsx(72,19): error TS2339: Property 'td' does not exist on type 'JSX.IntrinsicElements'.
src/presentation/pages/technicians/TechicianListPage.tsx(83,21): error TS2339: Property 'span' does not exist on type 'JSX.IntrinsicElements'.
src/presentation/pages/technicians/TechicianListPage.tsx(85,21): error TS2339: Property 'span' does not exist on type 'JSX.IntrinsicElements'.
src/presentation/pages/technicians/TechicianListPage.tsx(86,19): error TS2339: Property 'td' does not exist on type 'JSX.IntrinsicElements'.
src/presentation/pages/technicians/TechicianListPage.tsx(87,19): error TS2339: Property 'td' does not exist on type 'JSX.IntrinsicElements'.
src/presentation/pages/technicians/TechicianListPage.tsx(88,21): error TS2339: Property 'span' does not exist on type 'JSX.IntrinsicElements'.
src/presentation/pages/technicians/TechicianListPage.tsx(98,21): error TS2339: Property 'span' does not exist on type 'JSX.IntrinsicElements'.
src/presentation/pages/technicians/TechicianListPage.tsx(99,19): error TS2339: Property 'td' does not exist on type 'JSX.IntrinsicElements'.
src/presentation/pages/technicians/TechicianListPage.tsx(100,19): error TS2339: Property 'td' does not exist on type 'JSX.IntrinsicElements'.
src/presentation/pages/technicians/TechicianListPage.tsx(107,19): error TS2339: Property 'td' does not exist on type 'JSX.IntrinsicElements'.
src/presentation/pages/technicians/TechicianListPage.tsx(108,17): error TS2339: Property 'tr' does not exist on type 'JSX.IntrinsicElements'.
src/presentation/pages/technicians/TechicianListPage.tsx(111,15): error TS2339: Property 'tr' does not exist on type 'JSX.IntrinsicElements'.
src/presentation/pages/technicians/TechicianListPage.tsx(112,17): error TS2339: Property 'td' does not exist on type 'JSX.IntrinsicElements'.
src/presentation/pages/technicians/TechicianListPage.tsx(117,17): error TS2339: Property 'td' does not exist on type 'JSX.IntrinsicElements'.
src/presentation/pages/technicians/TechicianListPage.tsx(118,15): error TS2339: Property 'tr' does not exist on type 'JSX.IntrinsicElements'.
src/presentation/pages/technicians/TechicianListPage.tsx(120,11): error TS2339: Property 'tbody' does not exist on type 'JSX.IntrinsicElements'.
src/presentation/pages/technicians/TechicianListPage.tsx(121,9): error TS2339: Property 'table' does not exist on type 'JSX.IntrinsicElements'.
src/presentation/pages/technicians/TechicianListPage.tsx(122,7): error TS2339: Property 'div' does not exist on type 'JSX.IntrinsicElements'.
src/presentation/pages/technicians/TechicianListPage.tsx(123,5): error TS2339: Property 'div' does not exist on type 'JSX.IntrinsicElements'.
src/presentation/pages/technicians/TechicianProfilePage.tsx(1,40): error TS2792: Cannot find module 'react-router-dom'. Did you mean to set the 'moduleResolution' option to 'nodenext', or to add aliases to the 'paths' option?
src/presentation/pages/technicians/TechicianProfilePage.tsx(2,79): error TS2792: Cannot find module 'react-icons/fa'. Did you mean to set the 'moduleResolution' option to 'nodenext', or to add aliases to the 'paths' option?
src/presentation/pages/technicians/TechicianProfilePage.tsx(21,5): error TS2339: Property 'div' does not exist on type 'JSX.IntrinsicElements'.
src/presentation/pages/technicians/TechicianProfilePage.tsx(24,7): error TS2339: Property 'button' does not exist on type 'JSX.IntrinsicElements'.
src/presentation/pages/technicians/TechicianProfilePage.tsx(30,7): error TS2339: Property 'button' does not exist on type 'JSX.IntrinsicElements'.
src/presentation/pages/technicians/TechicianProfilePage.tsx(33,7): error TS2339: Property 'div' does not exist on type 'JSX.IntrinsicElements'.
src/presentation/pages/technicians/TechicianProfilePage.tsx(34,9): error TS2339: Property 'div' does not exist on type 'JSX.IntrinsicElements'.
src/presentation/pages/technicians/TechicianProfilePage.tsx(35,11): error TS2339: Property 'div' does not exist on type 'JSX.IntrinsicElements'.
src/presentation/pages/technicians/TechicianProfilePage.tsx(36,13): error TS2339: Property 'img' does not exist on type 'JSX.IntrinsicElements'.
src/presentation/pages/technicians/TechicianProfilePage.tsx(41,13): error TS2339: Property 'span' does not exist on type 'JSX.IntrinsicElements'.
src/presentation/pages/technicians/TechicianProfilePage.tsx(43,13): error TS2339: Property 'span' does not exist on type 'JSX.IntrinsicElements'.
src/presentation/pages/technicians/TechicianProfilePage.tsx(44,11): error TS2339: Property 'div' does not exist on type 'JSX.IntrinsicElements'.
src/presentation/pages/technicians/TechicianProfilePage.tsx(46,11): error TS2339: Property 'h2' does not exist on type 'JSX.IntrinsicElements'.
src/presentation/pages/technicians/TechicianProfilePage.tsx(48,11): error TS2339: Property 'h2' does not exist on type 'JSX.IntrinsicElements'.
src/presentation/pages/technicians/TechicianProfilePage.tsx(49,11): error TS2339: Property 'p' does not exist on type 'JSX.IntrinsicElements'.
src/presentation/pages/technicians/TechicianProfilePage.tsx(49,81): error TS2339: Property 'p' does not exist on type 'JSX.IntrinsicElements'.
src/presentation/pages/technicians/TechicianProfilePage.tsx(51,11): error TS2339: Property 'div' does not exist on type 'JSX.IntrinsicElements'.
src/presentation/pages/technicians/TechicianProfilePage.tsx(53,13): error TS2339: Property 'span' does not exist on type 'JSX.IntrinsicElements'.
src/presentation/pages/technicians/TechicianProfilePage.tsx(55,13): error TS2339: Property 'span' does not exist on type 'JSX.IntrinsicElements'.
src/presentation/pages/technicians/TechicianProfilePage.tsx(56,11): error TS2339: Property 'div' does not exist on type 'JSX.IntrinsicElements'.
src/presentation/pages/technicians/TechicianProfilePage.tsx(57,9): error TS2339: Property 'div' does not exist on type 'JSX.IntrinsicElements'.
src/presentation/pages/technicians/TechicianProfilePage.tsx(59,9): error TS2339: Property 'div' does not exist on type 'JSX.IntrinsicElements'.
src/presentation/pages/technicians/TechicianProfilePage.tsx(60,11): error TS2339: Property 'div' does not exist on type 'JSX.IntrinsicElements'.
src/presentation/pages/technicians/TechicianProfilePage.tsx(62,13): error TS2339: Property 'p' does not exist on type 'JSX.IntrinsicElements'.
src/presentation/pages/technicians/TechicianProfilePage.tsx(63,15): error TS2339: Property 'span' does not exist on type 'JSX.IntrinsicElements'.
src/presentation/pages/technicians/TechicianProfilePage.tsx(63,56): error TS2339: Property 'span' does not exist on type 'JSX.IntrinsicElements'.
src/presentation/pages/technicians/TechicianProfilePage.tsx(64,13): error TS2339: Property 'p' does not exist on type 'JSX.IntrinsicElements'.
src/presentation/pages/technicians/TechicianProfilePage.tsx(65,11): error TS2339: Property 'div' does not exist on type 'JSX.IntrinsicElements'.
src/presentation/pages/technicians/TechicianProfilePage.tsx(67,11): error TS2339: Property 'div' does not exist on type 'JSX.IntrinsicElements'.
src/presentation/pages/technicians/TechicianProfilePage.tsx(69,13): error TS2339: Property 'p' does not exist on type 'JSX.IntrinsicElements'.
src/presentation/pages/technicians/TechicianProfilePage.tsx(70,15): error TS2339: Property 'span' does not exist on type 'JSX.IntrinsicElements'.
src/presentation/pages/technicians/TechicianProfilePage.tsx(70,53): error TS2339: Property 'span' does not exist on type 'JSX.IntrinsicElements'.
src/presentation/pages/technicians/TechicianProfilePage.tsx(71,13): error TS2339: Property 'p' does not exist on type 'JSX.IntrinsicElements'.
src/presentation/pages/technicians/TechicianProfilePage.tsx(72,11): error TS2339: Property 'div' does not exist on type 'JSX.IntrinsicElements'.
src/presentation/pages/technicians/TechicianProfilePage.tsx(74,11): error TS2339: Property 'div' does not exist on type 'JSX.IntrinsicElements'.
src/presentation/pages/technicians/TechicianProfilePage.tsx(80,13): error TS2339: Property 'p' does not exist on type 'JSX.IntrinsicElements'.
src/presentation/pages/technicians/TechicianProfilePage.tsx(81,15): error TS2339: Property 'span' does not exist on type 'JSX.IntrinsicElements'.
src/presentation/pages/technicians/TechicianProfilePage.tsx(81,65): error TS2339: Property 'span' does not exist on type 'JSX.IntrinsicElements'.
src/presentation/pages/technicians/TechicianProfilePage.tsx(83,13): error TS2339: Property 'p' does not exist on type 'JSX.IntrinsicElements'.
src/presentation/pages/technicians/TechicianProfilePage.tsx(84,11): error TS2339: Property 'div' does not exist on type 'JSX.IntrinsicElements'.
src/presentation/pages/technicians/TechicianProfilePage.tsx(86,11): error TS2339: Property 'div' does not exist on type 'JSX.IntrinsicElements'.
src/presentation/pages/technicians/TechicianProfilePage.tsx(88,13): error TS2339: Property 'p' does not exist on type 'JSX.IntrinsicElements'.
src/presentation/pages/technicians/TechicianProfilePage.tsx(89,15): error TS2339: Property 'span' does not exist on type 'JSX.IntrinsicElements'.
src/presentation/pages/technicians/TechicianProfilePage.tsx(89,58): error TS2339: Property 'span' does not exist on type 'JSX.IntrinsicElements'.
src/presentation/pages/technicians/TechicianProfilePage.tsx(91,13): error TS2339: Property 'p' does not exist on type 'JSX.IntrinsicElements'.
src/presentation/pages/technicians/TechicianProfilePage.tsx(92,11): error TS2339: Property 'div' does not exist on type 'JSX.IntrinsicElements'.
src/presentation/pages/technicians/TechicianProfilePage.tsx(93,9): error TS2339: Property 'div' does not exist on type 'JSX.IntrinsicElements'.
src/presentation/pages/technicians/TechicianProfilePage.tsx(95,9): error TS2339: Property 'div' does not exist on type 'JSX.IntrinsicElements'.
src/presentation/pages/technicians/TechicianProfilePage.tsx(96,11): error TS2339: Property 'button' does not exist on type 'JSX.IntrinsicElements'.
src/presentation/pages/technicians/TechicianProfilePage.tsx(98,11): error TS2339: Property 'button' does not exist on type 'JSX.IntrinsicElements'.
src/presentation/pages/technicians/TechicianProfilePage.tsx(99,9): error TS2339: Property 'div' does not exist on type 'JSX.IntrinsicElements'.
src/presentation/pages/technicians/TechicianProfilePage.tsx(100,7): error TS2339: Property 'div' does not exist on type 'JSX.IntrinsicElements'.
src/presentation/pages/technicians/TechicianProfilePage.tsx(101,5): error TS2339: Property 'div' does not exist on type 'JSX.IntrinsicElements'.
src/presentation/pages/tecnico/DashboardTecnicoPage.tsx(2,29): error TS2792: Cannot find module 'react-router-dom'. Did you mean to set the 'moduleResolution' option to 'nodenext', or to add aliases to the 'paths' option?
src/presentation/pages/tecnico/DashboardTecnicoPage.tsx(4,48): error TS2792: Cannot find module 'react-icons/fa'. Did you mean to set the 'moduleResolution' option to 'nodenext', or to add aliases to the 'paths' option?
src/presentation/pages/tecnico/DashboardTecnicoPage.tsx(27,5): error TS2339: Property 'div' does not exist on type 'JSX.IntrinsicElements'.
src/presentation/pages/tecnico/DashboardTecnicoPage.tsx(28,7): error TS2339: Property 'div' does not exist on type 'JSX.IntrinsicElements'.
src/presentation/pages/tecnico/DashboardTecnicoPage.tsx(29,9): error TS2339: Property 'div' does not exist on type 'JSX.IntrinsicElements'.
src/presentation/pages/tecnico/DashboardTecnicoPage.tsx(30,11): error TS2339: Property 'h1' does not exist on type 'JSX.IntrinsicElements'.
src/presentation/pages/tecnico/DashboardTecnicoPage.tsx(30,77): error TS2339: Property 'h1' does not exist on type 'JSX.IntrinsicElements'.
src/presentation/pages/tecnico/DashboardTecnicoPage.tsx(31,11): error TS2339: Property 'p' does not exist on type 'JSX.IntrinsicElements'.
src/presentation/pages/tecnico/DashboardTecnicoPage.tsx(31,60): error TS2339: Property 'p' does not exist on type 'JSX.IntrinsicElements'.
src/presentation/pages/tecnico/DashboardTecnicoPage.tsx(32,9): error TS2339: Property 'div' does not exist on type 'JSX.IntrinsicElements'.
src/presentation/pages/tecnico/DashboardTecnicoPage.tsx(33,9): error TS2339: Property 'button' does not exist on type 'JSX.IntrinsicElements'.
src/presentation/pages/tecnico/DashboardTecnicoPage.tsx(40,9): error TS2339: Property 'button' does not exist on type 'JSX.IntrinsicElements'.
src/presentation/pages/tecnico/DashboardTecnicoPage.tsx(41,7): error TS2339: Property 'div' does not exist on type 'JSX.IntrinsicElements'.
src/presentation/pages/tecnico/DashboardTecnicoPage.tsx(44,7): error TS2339: Property 'div' does not exist on type 'JSX.IntrinsicElements'.
src/presentation/pages/tecnico/DashboardTecnicoPage.tsx(45,9): error TS2339: Property 'div' does not exist on type 'JSX.IntrinsicElements'.
src/presentation/pages/tecnico/DashboardTecnicoPage.tsx(46,11): error TS2339: Property 'div' does not exist on type 'JSX.IntrinsicElements'.
src/presentation/pages/tecnico/DashboardTecnicoPage.tsx(47,13): error TS2339: Property 'div' does not exist on type 'JSX.IntrinsicElements'.
src/presentation/pages/tecnico/DashboardTecnicoPage.tsx(48,15): error TS2339: Property 'p' does not exist on type 'JSX.IntrinsicElements'.
src/presentation/pages/tecnico/DashboardTecnicoPage.tsx(48,75): error TS2339: Property 'p' does not exist on type 'JSX.IntrinsicElements'.
src/presentation/pages/tecnico/DashboardTecnicoPage.tsx(49,15): error TS2339: Property 'p' does not exist on type 'JSX.IntrinsicElements'.
src/presentation/pages/tecnico/DashboardTecnicoPage.tsx(49,88): error TS2339: Property 'p' does not exist on type 'JSX.IntrinsicElements'.
src/presentation/pages/tecnico/DashboardTecnicoPage.tsx(50,13): error TS2339: Property 'div' does not exist on type 'JSX.IntrinsicElements'.
src/presentation/pages/tecnico/DashboardTecnicoPage.tsx(52,11): error TS2339: Property 'div' does not exist on type 'JSX.IntrinsicElements'.
src/presentation/pages/tecnico/DashboardTecnicoPage.tsx(53,9): error TS2339: Property 'div' does not exist on type 'JSX.IntrinsicElements'.
src/presentation/pages/tecnico/DashboardTecnicoPage.tsx(55,9): error TS2339: Property 'div' does not exist on type 'JSX.IntrinsicElements'.
src/presentation/pages/tecnico/DashboardTecnicoPage.tsx(56,11): error TS2339: Property 'div' does not exist on type 'JSX.IntrinsicElements'.
src/presentation/pages/tecnico/DashboardTecnicoPage.tsx(57,13): error TS2339: Property 'div' does not exist on type 'JSX.IntrinsicElements'.
src/presentation/pages/tecnico/DashboardTecnicoPage.tsx(58,15): error TS2339: Property 'p' does not exist on type 'JSX.IntrinsicElements'.
src/presentation/pages/tecnico/DashboardTecnicoPage.tsx(58,69): error TS2339: Property 'p' does not exist on type 'JSX.IntrinsicElements'.
src/presentation/pages/tecnico/DashboardTecnicoPage.tsx(59,15): error TS2339: Property 'p' does not exist on type 'JSX.IntrinsicElements'.
src/presentation/pages/tecnico/DashboardTecnicoPage.tsx(59,64): error TS2339: Property 'p' does not exist on type 'JSX.IntrinsicElements'.
src/presentation/pages/tecnico/DashboardTecnicoPage.tsx(60,13): error TS2339: Property 'div' does not exist on type 'JSX.IntrinsicElements'.
src/presentation/pages/tecnico/DashboardTecnicoPage.tsx(62,11): error TS2339: Property 'div' does not exist on type 'JSX.IntrinsicElements'.
src/presentation/pages/tecnico/DashboardTecnicoPage.tsx(63,9): error TS2339: Property 'div' does not exist on type 'JSX.IntrinsicElements'.
src/presentation/pages/tecnico/DashboardTecnicoPage.tsx(65,9): error TS2339: Property 'div' does not exist on type 'JSX.IntrinsicElements'.
src/presentation/pages/tecnico/DashboardTecnicoPage.tsx(66,11): error TS2339: Property 'div' does not exist on type 'JSX.IntrinsicElements'.
src/presentation/pages/tecnico/DashboardTecnicoPage.tsx(67,13): error TS2339: Property 'div' does not exist on type 'JSX.IntrinsicElements'.
src/presentation/pages/tecnico/DashboardTecnicoPage.tsx(68,15): error TS2339: Property 'p' does not exist on type 'JSX.IntrinsicElements'.
src/presentation/pages/tecnico/DashboardTecnicoPage.tsx(68,63): error TS2339: Property 'p' does not exist on type 'JSX.IntrinsicElements'.
src/presentation/pages/tecnico/DashboardTecnicoPage.tsx(69,15): error TS2339: Property 'p' does not exist on type 'JSX.IntrinsicElements'.
src/presentation/pages/tecnico/DashboardTecnicoPage.tsx(69,64): error TS2339: Property 'p' does not exist on type 'JSX.IntrinsicElements'.
src/presentation/pages/tecnico/DashboardTecnicoPage.tsx(70,13): error TS2339: Property 'div' does not exist on type 'JSX.IntrinsicElements'.
src/presentation/pages/tecnico/DashboardTecnicoPage.tsx(72,11): error TS2339: Property 'div' does not exist on type 'JSX.IntrinsicElements'.
src/presentation/pages/tecnico/DashboardTecnicoPage.tsx(73,9): error TS2339: Property 'div' does not exist on type 'JSX.IntrinsicElements'.
src/presentation/pages/tecnico/DashboardTecnicoPage.tsx(74,7): error TS2339: Property 'div' does not exist on type 'JSX.IntrinsicElements'.
src/presentation/pages/tecnico/DashboardTecnicoPage.tsx(77,7): error TS2339: Property 'div' does not exist on type 'JSX.IntrinsicElements'.
src/presentation/pages/tecnico/DashboardTecnicoPage.tsx(78,9): error TS2339: Property 'h2' does not exist on type 'JSX.IntrinsicElements'.
src/presentation/pages/tecnico/DashboardTecnicoPage.tsx(78,82): error TS2339: Property 'h2' does not exist on type 'JSX.IntrinsicElements'.
src/presentation/pages/tecnico/DashboardTecnicoPage.tsx(79,9): error TS2339: Property 'div' does not exist on type 'JSX.IntrinsicElements'.
src/presentation/pages/tecnico/DashboardTecnicoPage.tsx(80,11): error TS2339: Property 'button' does not exist on type 'JSX.IntrinsicElements'.
src/presentation/pages/tecnico/DashboardTecnicoPage.tsx(85,13): error TS2339: Property 'h3' does not exist on type 'JSX.IntrinsicElements'.
src/presentation/pages/tecnico/DashboardTecnicoPage.tsx(85,89): error TS2339: Property 'h3' does not exist on type 'JSX.IntrinsicElements'.
src/presentation/pages/tecnico/DashboardTecnicoPage.tsx(86,13): error TS2339: Property 'p' does not exist on type 'JSX.IntrinsicElements'.
src/presentation/pages/tecnico/DashboardTecnicoPage.tsx(86,89): error TS2339: Property 'p' does not exist on type 'JSX.IntrinsicElements'.
src/presentation/pages/tecnico/DashboardTecnicoPage.tsx(87,11): error TS2339: Property 'button' does not exist on type 'JSX.IntrinsicElements'.
src/presentation/pages/tecnico/DashboardTecnicoPage.tsx(89,11): error TS2339: Property 'button' does not exist on type 'JSX.IntrinsicElements'.
src/presentation/pages/tecnico/DashboardTecnicoPage.tsx(94,13): error TS2339: Property 'h3' does not exist on type 'JSX.IntrinsicElements'.
src/presentation/pages/tecnico/DashboardTecnicoPage.tsx(94,75): error TS2339: Property 'h3' does not exist on type 'JSX.IntrinsicElements'.
src/presentation/pages/tecnico/DashboardTecnicoPage.tsx(95,13): error TS2339: Property 'p' does not exist on type 'JSX.IntrinsicElements'.
src/presentation/pages/tecnico/DashboardTecnicoPage.tsx(95,82): error TS2339: Property 'p' does not exist on type 'JSX.IntrinsicElements'.
src/presentation/pages/tecnico/DashboardTecnicoPage.tsx(96,11): error TS2339: Property 'button' does not exist on type 'JSX.IntrinsicElements'.
src/presentation/pages/tecnico/DashboardTecnicoPage.tsx(97,9): error TS2339: Property 'div' does not exist on type 'JSX.IntrinsicElements'.
src/presentation/pages/tecnico/DashboardTecnicoPage.tsx(98,7): error TS2339: Property 'div' does not exist on type 'JSX.IntrinsicElements'.
src/presentation/pages/tecnico/DashboardTecnicoPage.tsx(99,5): error TS2339: Property 'div' does not exist on type 'JSX.IntrinsicElements'.
src/presentation/pages/tecnico/MisServiciosPage.tsx(2,29): error TS2792: Cannot find module 'react-router-dom'. Did you mean to set the 'moduleResolution' option to 'nodenext', or to add aliases to the 'paths' option?
src/presentation/pages/tecnico/MisServiciosPage.tsx(3,37): error TS1484: 'Servicio' is a type and must be imported using a type-only import when 'verbatimModuleSyntax' is enabled.
src/presentation/pages/tecnico/MisServiciosPage.tsx(4,61): error TS2792: Cannot find module 'react-icons/fa'. Did you mean to set the 'moduleResolution' option to 'nodenext', or to add aliases to the 'paths' option?
src/presentation/pages/tecnico/MisServiciosPage.tsx(73,7): error TS2339: Property 'div' does not exist on type 'JSX.IntrinsicElements'.
src/presentation/pages/tecnico/MisServiciosPage.tsx(74,9): error TS2339: Property 'div' does not exist on type 'JSX.IntrinsicElements'.
src/presentation/pages/tecnico/MisServiciosPage.tsx(74,89): error TS2339: Property 'div' does not exist on type 'JSX.IntrinsicElements'.
src/presentation/pages/tecnico/MisServiciosPage.tsx(75,7): error TS2339: Property 'div' does not exist on type 'JSX.IntrinsicElements'.
src/presentation/pages/tecnico/MisServiciosPage.tsx(80,5): error TS2339: Property 'div' does not exist on type 'JSX.IntrinsicElements'.
src/presentation/pages/tecnico/MisServiciosPage.tsx(81,7): error TS2339: Property 'div' does not exist on type 'JSX.IntrinsicElements'.
src/presentation/pages/tecnico/MisServiciosPage.tsx(82,9): error TS2339: Property 'h1' does not exist on type 'JSX.IntrinsicElements'.
src/presentation/pages/tecnico/MisServiciosPage.tsx(82,76): error TS2339: Property 'h1' does not exist on type 'JSX.IntrinsicElements'.
src/presentation/pages/tecnico/MisServiciosPage.tsx(85,9): error TS2339: Property 'div' does not exist on type 'JSX.IntrinsicElements'.
src/presentation/pages/tecnico/MisServiciosPage.tsx(86,11): error TS2339: Property 'button' does not exist on type 'JSX.IntrinsicElements'.
src/presentation/pages/tecnico/MisServiciosPage.tsx(95,11): error TS2339: Property 'button' does not exist on type 'JSX.IntrinsicElements'.
src/presentation/pages/tecnico/MisServiciosPage.tsx(96,11): error TS2339: Property 'button' does not exist on type 'JSX.IntrinsicElements'.
src/presentation/pages/tecnico/MisServiciosPage.tsx(105,11): error TS2339: Property 'button' does not exist on type 'JSX.IntrinsicElements'.
src/presentation/pages/tecnico/MisServiciosPage.tsx(106,11): error TS2339: Property 'button' does not exist on type 'JSX.IntrinsicElements'.
src/presentation/pages/tecnico/MisServiciosPage.tsx(115,11): error TS2339: Property 'button' does not exist on type 'JSX.IntrinsicElements'.
src/presentation/pages/tecnico/MisServiciosPage.tsx(116,11): error TS2339: Property 'button' does not exist on type 'JSX.IntrinsicElements'.
src/presentation/pages/tecnico/MisServiciosPage.tsx(125,11): error TS2339: Property 'button' does not exist on type 'JSX.IntrinsicElements'.
src/presentation/pages/tecnico/MisServiciosPage.tsx(126,9): error TS2339: Property 'div' does not exist on type 'JSX.IntrinsicElements'.
src/presentation/pages/tecnico/MisServiciosPage.tsx(127,7): error TS2339: Property 'div' does not exist on type 'JSX.IntrinsicElements'.
src/presentation/pages/tecnico/MisServiciosPage.tsx(130,9): error TS2339: Property 'div' does not exist on type 'JSX.IntrinsicElements'.
src/presentation/pages/tecnico/MisServiciosPage.tsx(132,11): error TS2339: Property 'p' does not exist on type 'JSX.IntrinsicElements'.
src/presentation/pages/tecnico/MisServiciosPage.tsx(132,140): error TS2339: Property 'p' does not exist on type 'JSX.IntrinsicElements'.
src/presentation/pages/tecnico/MisServiciosPage.tsx(133,9): error TS2339: Property 'div' does not exist on type 'JSX.IntrinsicElements'.
src/presentation/pages/tecnico/MisServiciosPage.tsx(135,9): error TS2339: Property 'div' does not exist on type 'JSX.IntrinsicElements'.
src/presentation/pages/tecnico/MisServiciosPage.tsx(137,13): error TS2339: Property 'div' does not exist on type 'JSX.IntrinsicElements'.
src/presentation/pages/tecnico/MisServiciosPage.tsx(141,15): error TS2339: Property 'div' does not exist on type 'JSX.IntrinsicElements'.
src/presentation/pages/tecnico/MisServiciosPage.tsx(142,17): error TS2339: Property 'div' does not exist on type 'JSX.IntrinsicElements'.
src/presentation/pages/tecnico/MisServiciosPage.tsx(143,19): error TS2339: Property 'h3' does not exist on type 'JSX.IntrinsicElements'.
src/presentation/pages/tecnico/MisServiciosPage.tsx(145,19): error TS2339: Property 'h3' does not exist on type 'JSX.IntrinsicElements'.
src/presentation/pages/tecnico/MisServiciosPage.tsx(146,19): error TS2339: Property 'p' does not exist on type 'JSX.IntrinsicElements'.
src/presentation/pages/tecnico/MisServiciosPage.tsx(148,19): error TS2339: Property 'p' does not exist on type 'JSX.IntrinsicElements'.
src/presentation/pages/tecnico/MisServiciosPage.tsx(149,17): error TS2339: Property 'div' does not exist on type 'JSX.IntrinsicElements'.
src/presentation/pages/tecnico/MisServiciosPage.tsx(150,17): error TS2339: Property 'div' does not exist on type 'JSX.IntrinsicElements'.
src/presentation/pages/tecnico/MisServiciosPage.tsx(152,19): error TS2339: Property 'span' does not exist on type 'JSX.IntrinsicElements'.
src/presentation/pages/tecnico/MisServiciosPage.tsx(152,82): error TS2339: Property 'span' does not exist on type 'JSX.IntrinsicElements'.
src/presentation/pages/tecnico/MisServiciosPage.tsx(153,17): error TS2339: Property 'div' does not exist on type 'JSX.IntrinsicElements'.
src/presentation/pages/tecnico/MisServiciosPage.tsx(154,15): error TS2339: Property 'div' does not exist on type 'JSX.IntrinsicElements'.
src/presentation/pages/tecnico/MisServiciosPage.tsx(156,15): error TS2339: Property 'div' does not exist on type 'JSX.IntrinsicElements'.
src/presentation/pages/tecnico/MisServiciosPage.tsx(157,17): error TS2339: Property 'button' does not exist on type 'JSX.IntrinsicElements'.
src/presentation/pages/tecnico/MisServiciosPage.tsx(163,17): error TS2339: Property 'button' does not exist on type 'JSX.IntrinsicElements'.
src/presentation/pages/tecnico/MisServiciosPage.tsx(164,15): error TS2339: Property 'div' does not exist on type 'JSX.IntrinsicElements'.
src/presentation/pages/tecnico/MisServiciosPage.tsx(165,13): error TS2339: Property 'div' does not exist on type 'JSX.IntrinsicElements'.
src/presentation/pages/tecnico/MisServiciosPage.tsx(167,9): error TS2339: Property 'div' does not exist on type 'JSX.IntrinsicElements'.
src/presentation/pages/tecnico/MisServiciosPage.tsx(169,5): error TS2339: Property 'div' does not exist on type 'JSX.IntrinsicElements'.
src/presentation/pages/tecnico/PerfilTecnicoPage.tsx(3,1): error TS6133: 'getPerfilRequest' is declared but its value is never read.
src/presentation/pages/tecnico/PerfilTecnicoPage.tsx(4,78): error TS2792: Cannot find module 'react-icons/fa'. Did you mean to set the 'moduleResolution' option to 'nodenext', or to add aliases to the 'paths' option?
src/presentation/pages/tecnico/PerfilTecnicoPage.tsx(48,12): error TS2339: Property 'div' does not exist on type 'JSX.IntrinsicElements'.
src/presentation/pages/tecnico/PerfilTecnicoPage.tsx(48,28): error TS2339: Property 'div' does not exist on type 'JSX.IntrinsicElements'.
src/presentation/pages/tecnico/PerfilTecnicoPage.tsx(52,5): error TS2339: Property 'div' does not exist on type 'JSX.IntrinsicElements'.
src/presentation/pages/tecnico/PerfilTecnicoPage.tsx(53,7): error TS2339: Property 'div' does not exist on type 'JSX.IntrinsicElements'.
src/presentation/pages/tecnico/PerfilTecnicoPage.tsx(54,9): error TS2339: Property 'div' does not exist on type 'JSX.IntrinsicElements'.
src/presentation/pages/tecnico/PerfilTecnicoPage.tsx(55,11): error TS2339: Property 'h1' does not exist on type 'JSX.IntrinsicElements'.
src/presentation/pages/tecnico/PerfilTecnicoPage.tsx(55,69): error TS2339: Property 'h1' does not exist on type 'JSX.IntrinsicElements'.
src/presentation/pages/tecnico/PerfilTecnicoPage.tsx(57,13): error TS2339: Property 'button' does not exist on type 'JSX.IntrinsicElements'.
src/presentation/pages/tecnico/PerfilTecnicoPage.tsx(63,13): error TS2339: Property 'button' does not exist on type 'JSX.IntrinsicElements'.
src/presentation/pages/tecnico/PerfilTecnicoPage.tsx(65,13): error TS2339: Property 'div' does not exist on type 'JSX.IntrinsicElements'.
src/presentation/pages/tecnico/PerfilTecnicoPage.tsx(66,15): error TS2339: Property 'button' does not exist on type 'JSX.IntrinsicElements'.
src/presentation/pages/tecnico/PerfilTecnicoPage.tsx(81,15): error TS2339: Property 'button' does not exist on type 'JSX.IntrinsicElements'.
src/presentation/pages/tecnico/PerfilTecnicoPage.tsx(82,13): error TS2339: Property 'div' does not exist on type 'JSX.IntrinsicElements'.
src/presentation/pages/tecnico/PerfilTecnicoPage.tsx(84,9): error TS2339: Property 'div' does not exist on type 'JSX.IntrinsicElements'.
src/presentation/pages/tecnico/PerfilTecnicoPage.tsx(86,9): error TS2339: Property 'form' does not exist on type 'JSX.IntrinsicElements'.
src/presentation/pages/tecnico/PerfilTecnicoPage.tsx(87,11): error TS2339: Property 'div' does not exist on type 'JSX.IntrinsicElements'.
src/presentation/pages/tecnico/PerfilTecnicoPage.tsx(88,13): error TS2339: Property 'label' does not exist on type 'JSX.IntrinsicElements'.
src/presentation/pages/tecnico/PerfilTecnicoPage.tsx(91,13): error TS2339: Property 'label' does not exist on type 'JSX.IntrinsicElements'.
src/presentation/pages/tecnico/PerfilTecnicoPage.tsx(92,13): error TS2339: Property 'input' does not exist on type 'JSX.IntrinsicElements'.
src/presentation/pages/tecnico/PerfilTecnicoPage.tsx(95,26): error TS7006: Parameter 'e' implicitly has an 'any' type.
src/presentation/pages/tecnico/PerfilTecnicoPage.tsx(99,11): error TS2339: Property 'div' does not exist on type 'JSX.IntrinsicElements'.
src/presentation/pages/tecnico/PerfilTecnicoPage.tsx(101,11): error TS2339: Property 'div' does not exist on type 'JSX.IntrinsicElements'.
src/presentation/pages/tecnico/PerfilTecnicoPage.tsx(102,13): error TS2339: Property 'label' does not exist on type 'JSX.IntrinsicElements'.
src/presentation/pages/tecnico/PerfilTecnicoPage.tsx(105,13): error TS2339: Property 'label' does not exist on type 'JSX.IntrinsicElements'.
src/presentation/pages/tecnico/PerfilTecnicoPage.tsx(106,13): error TS2339: Property 'input' does not exist on type 'JSX.IntrinsicElements'.
src/presentation/pages/tecnico/PerfilTecnicoPage.tsx(109,26): error TS7006: Parameter 'e' implicitly has an 'any' type.
src/presentation/pages/tecnico/PerfilTecnicoPage.tsx(113,11): error TS2339: Property 'div' does not exist on type 'JSX.IntrinsicElements'.
src/presentation/pages/tecnico/PerfilTecnicoPage.tsx(115,11): error TS2339: Property 'div' does not exist on type 'JSX.IntrinsicElements'.
src/presentation/pages/tecnico/PerfilTecnicoPage.tsx(116,13): error TS2339: Property 'label' does not exist on type 'JSX.IntrinsicElements'.
src/presentation/pages/tecnico/PerfilTecnicoPage.tsx(119,13): error TS2339: Property 'label' does not exist on type 'JSX.IntrinsicElements'.
src/presentation/pages/tecnico/PerfilTecnicoPage.tsx(120,13): error TS2339: Property 'input' does not exist on type 'JSX.IntrinsicElements'.
src/presentation/pages/tecnico/PerfilTecnicoPage.tsx(126,13): error TS2339: Property 'p' does not exist on type 'JSX.IntrinsicElements'.
src/presentation/pages/tecnico/PerfilTecnicoPage.tsx(126,83): error TS2339: Property 'p' does not exist on type 'JSX.IntrinsicElements'.
src/presentation/pages/tecnico/PerfilTecnicoPage.tsx(127,11): error TS2339: Property 'div' does not exist on type 'JSX.IntrinsicElements'.
src/presentation/pages/tecnico/PerfilTecnicoPage.tsx(129,11): error TS2339: Property 'div' does not exist on type 'JSX.IntrinsicElements'.
src/presentation/pages/tecnico/PerfilTecnicoPage.tsx(130,13): error TS2339: Property 'label' does not exist on type 'JSX.IntrinsicElements'.
src/presentation/pages/tecnico/PerfilTecnicoPage.tsx(133,13): error TS2339: Property 'label' does not exist on type 'JSX.IntrinsicElements'.
src/presentation/pages/tecnico/PerfilTecnicoPage.tsx(134,13): error TS2339: Property 'input' does not exist on type 'JSX.IntrinsicElements'.
src/presentation/pages/tecnico/PerfilTecnicoPage.tsx(137,26): error TS7006: Parameter 'e' implicitly has an 'any' type.
src/presentation/pages/tecnico/PerfilTecnicoPage.tsx(141,11): error TS2339: Property 'div' does not exist on type 'JSX.IntrinsicElements'.
src/presentation/pages/tecnico/PerfilTecnicoPage.tsx(143,11): error TS2339: Property 'div' does not exist on type 'JSX.IntrinsicElements'.
src/presentation/pages/tecnico/PerfilTecnicoPage.tsx(144,13): error TS2339: Property 'label' does not exist on type 'JSX.IntrinsicElements'.
src/presentation/pages/tecnico/PerfilTecnicoPage.tsx(145,15): error TS2339: Property 'input' does not exist on type 'JSX.IntrinsicElements'.
src/presentation/pages/tecnico/PerfilTecnicoPage.tsx(148,28): error TS7006: Parameter 'e' implicitly has an 'any' type.
src/presentation/pages/tecnico/PerfilTecnicoPage.tsx(152,15): error TS2339: Property 'span' does not exist on type 'JSX.IntrinsicElements'.
src/presentation/pages/tecnico/PerfilTecnicoPage.tsx(152,102): error TS2339: Property 'span' does not exist on type 'JSX.IntrinsicElements'.
src/presentation/pages/tecnico/PerfilTecnicoPage.tsx(153,13): error TS2339: Property 'label' does not exist on type 'JSX.IntrinsicElements'.
src/presentation/pages/tecnico/PerfilTecnicoPage.tsx(154,11): error TS2339: Property 'div' does not exist on type 'JSX.IntrinsicElements'.
src/presentation/pages/tecnico/PerfilTecnicoPage.tsx(157,13): error TS2339: Property 'button' does not exist on type 'JSX.IntrinsicElements'.
src/presentation/pages/tecnico/PerfilTecnicoPage.tsx(164,13): error TS2339: Property 'button' does not exist on type 'JSX.IntrinsicElements'.
src/presentation/pages/tecnico/PerfilTecnicoPage.tsx(166,9): error TS2339: Property 'form' does not exist on type 'JSX.IntrinsicElements'.
src/presentation/pages/tecnico/PerfilTecnicoPage.tsx(167,7): error TS2339: Property 'div' does not exist on type 'JSX.IntrinsicElements'.
src/presentation/pages/tecnico/PerfilTecnicoPage.tsx(170,7): error TS2339: Property 'div' does not exist on type 'JSX.IntrinsicElements'.
src/presentation/pages/tecnico/PerfilTecnicoPage.tsx(171,9): error TS2339: Property 'h2' does not exist on type 'JSX.IntrinsicElements'.
src/presentation/pages/tecnico/PerfilTecnicoPage.tsx(174,9): error TS2339: Property 'h2' does not exist on type 'JSX.IntrinsicElements'.
src/presentation/pages/tecnico/PerfilTecnicoPage.tsx(175,9): error TS2339: Property 'p' does not exist on type 'JSX.IntrinsicElements'.
src/presentation/pages/tecnico/PerfilTecnicoPage.tsx(175,53): error TS2339: Property 'p' does not exist on type 'JSX.IntrinsicElements'.
src/presentation/pages/tecnico/PerfilTecnicoPage.tsx(176,9): error TS2339: Property 'p' does not exist on type 'JSX.IntrinsicElements'.
src/presentation/pages/tecnico/PerfilTecnicoPage.tsx(176,78): error TS2339: Property 'p' does not exist on type 'JSX.IntrinsicElements'.
src/presentation/pages/tecnico/PerfilTecnicoPage.tsx(177,7): error TS2339: Property 'div' does not exist on type 'JSX.IntrinsicElements'.
src/presentation/pages/tecnico/PerfilTecnicoPage.tsx(178,5): error TS2339: Property 'div' does not exist on type 'JSX.IntrinsicElements'.
src/presentation/pages/tecnico/SolicitudesDisponiblesPage.tsx(2,29): error TS2792: Cannot find module 'react-router-dom'. Did you mean to set the 'moduleResolution' option to 'nodenext', or to add aliases to the 'paths' option?
src/presentation/pages/tecnico/SolicitudesDisponiblesPage.tsx(6,53): error TS2792: Cannot find module 'react-icons/fa'. Did you mean to set the 'moduleResolution' option to 'nodenext', or to add aliases to the 'paths' option?
src/presentation/pages/tecnico/SolicitudesDisponiblesPage.tsx(43,7): error TS2339: Property 'div' does not exist on type 'JSX.IntrinsicElements'.
src/presentation/pages/tecnico/SolicitudesDisponiblesPage.tsx(44,9): error TS2339: Property 'div' does not exist on type 'JSX.IntrinsicElements'.
src/presentation/pages/tecnico/SolicitudesDisponiblesPage.tsx(44,75): error TS2339: Property 'div' does not exist on type 'JSX.IntrinsicElements'.
src/presentation/pages/tecnico/SolicitudesDisponiblesPage.tsx(45,7): error TS2339: Property 'div' does not exist on type 'JSX.IntrinsicElements'.
src/presentation/pages/tecnico/SolicitudesDisponiblesPage.tsx(50,5): error TS2339: Property 'div' does not exist on type 'JSX.IntrinsicElements'.
src/presentation/pages/tecnico/SolicitudesDisponiblesPage.tsx(51,7): error TS2339: Property 'div' does not exist on type 'JSX.IntrinsicElements'.
src/presentation/pages/tecnico/SolicitudesDisponiblesPage.tsx(52,9): error TS2339: Property 'h1' does not exist on type 'JSX.IntrinsicElements'.
src/presentation/pages/tecnico/SolicitudesDisponiblesPage.tsx(52,81): error TS2339: Property 'h1' does not exist on type 'JSX.IntrinsicElements'.
src/presentation/pages/tecnico/SolicitudesDisponiblesPage.tsx(53,9): error TS2339: Property 'button' does not exist on type 'JSX.IntrinsicElements'.
src/presentation/pages/tecnico/SolicitudesDisponiblesPage.tsx(58,9): error TS2339: Property 'button' does not exist on type 'JSX.IntrinsicElements'.
src/presentation/pages/tecnico/SolicitudesDisponiblesPage.tsx(59,7): error TS2339: Property 'div' does not exist on type 'JSX.IntrinsicElements'.
src/presentation/pages/tecnico/SolicitudesDisponiblesPage.tsx(62,9): error TS2339: Property 'div' does not exist on type 'JSX.IntrinsicElements'.
src/presentation/pages/tecnico/SolicitudesDisponiblesPage.tsx(63,11): error TS2339: Property 'p' does not exist on type 'JSX.IntrinsicElements'.
src/presentation/pages/tecnico/SolicitudesDisponiblesPage.tsx(63,86): error TS2339: Property 'p' does not exist on type 'JSX.IntrinsicElements'.
src/presentation/pages/tecnico/SolicitudesDisponiblesPage.tsx(64,9): error TS2339: Property 'div' does not exist on type 'JSX.IntrinsicElements'.
src/presentation/pages/tecnico/SolicitudesDisponiblesPage.tsx(66,9): error TS2339: Property 'div' does not exist on type 'JSX.IntrinsicElements'.
src/presentation/pages/tecnico/SolicitudesDisponiblesPage.tsx(68,13): error TS2339: Property 'div' does not exist on type 'JSX.IntrinsicElements'.
src/presentation/pages/tecnico/SolicitudesDisponiblesPage.tsx(72,15): error TS2339: Property 'div' does not exist on type 'JSX.IntrinsicElements'.
src/presentation/pages/tecnico/SolicitudesDisponiblesPage.tsx(73,17): error TS2339: Property 'span' does not exist on type 'JSX.IntrinsicElements'.
src/presentation/pages/tecnico/SolicitudesDisponiblesPage.tsx(75,17): error TS2339: Property 'span' does not exist on type 'JSX.IntrinsicElements'.
src/presentation/pages/tecnico/SolicitudesDisponiblesPage.tsx(76,15): error TS2339: Property 'div' does not exist on type 'JSX.IntrinsicElements'.
src/presentation/pages/tecnico/SolicitudesDisponiblesPage.tsx(78,15): error TS2339: Property 'h3' does not exist on type 'JSX.IntrinsicElements'.
src/presentation/pages/tecnico/SolicitudesDisponiblesPage.tsx(80,15): error TS2339: Property 'h3' does not exist on type 'JSX.IntrinsicElements'.
src/presentation/pages/tecnico/SolicitudesDisponiblesPage.tsx(82,15): error TS2339: Property 'div' does not exist on type 'JSX.IntrinsicElements'.
src/presentation/pages/tecnico/SolicitudesDisponiblesPage.tsx(84,19): error TS2339: Property 'div' does not exist on type 'JSX.IntrinsicElements'.
src/presentation/pages/tecnico/SolicitudesDisponiblesPage.tsx(86,21): error TS2339: Property 'span' does not exist on type 'JSX.IntrinsicElements'.
src/presentation/pages/tecnico/SolicitudesDisponiblesPage.tsx(86,75): error TS2339: Property 'span' does not exist on type 'JSX.IntrinsicElements'.
src/presentation/pages/tecnico/SolicitudesDisponiblesPage.tsx(87,19): error TS2339: Property 'div' does not exist on type 'JSX.IntrinsicElements'.
src/presentation/pages/tecnico/SolicitudesDisponiblesPage.tsx(90,19): error TS2339: Property 'div' does not exist on type 'JSX.IntrinsicElements'.
src/presentation/pages/tecnico/SolicitudesDisponiblesPage.tsx(92,21): error TS2339: Property 'span' does not exist on type 'JSX.IntrinsicElements'.
src/presentation/pages/tecnico/SolicitudesDisponiblesPage.tsx(94,21): error TS2339: Property 'span' does not exist on type 'JSX.IntrinsicElements'.
src/presentation/pages/tecnico/SolicitudesDisponiblesPage.tsx(95,19): error TS2339: Property 'div' does not exist on type 'JSX.IntrinsicElements'.
src/presentation/pages/tecnico/SolicitudesDisponiblesPage.tsx(97,17): error TS2339: Property 'div' does not exist on type 'JSX.IntrinsicElements'.
src/presentation/pages/tecnico/SolicitudesDisponiblesPage.tsx(99,17): error TS2339: Property 'div' does not exist on type 'JSX.IntrinsicElements'.
src/presentation/pages/tecnico/SolicitudesDisponiblesPage.tsx(100,15): error TS2339: Property 'div' does not exist on type 'JSX.IntrinsicElements'.
src/presentation/pages/tecnico/SolicitudesDisponiblesPage.tsx(102,15): error TS2339: Property 'button' does not exist on type 'JSX.IntrinsicElements'.
src/presentation/pages/tecnico/SolicitudesDisponiblesPage.tsx(108,15): error TS2339: Property 'button' does not exist on type 'JSX.IntrinsicElements'.
src/presentation/pages/tecnico/SolicitudesDisponiblesPage.tsx(109,13): error TS2339: Property 'div' does not exist on type 'JSX.IntrinsicElements'.
src/presentation/pages/tecnico/SolicitudesDisponiblesPage.tsx(111,9): error TS2339: Property 'div' does not exist on type 'JSX.IntrinsicElements'.
src/presentation/pages/tecnico/SolicitudesDisponiblesPage.tsx(113,5): error TS2339: Property 'div' does not exist on type 'JSX.IntrinsicElements'.
src/presentation/router/AppRouter.tsx(1,46): error TS2792: Cannot find module 'react-router-dom'. Did you mean to set the 'moduleResolution' option to 'nodenext', or to add aliases to the 'paths' option?
src/presentation/router/AppRouter.tsx(11,1): error TS6133: 'ProtectedRoute' is declared but its value is never read.
src/presentation/router/AppRouter.tsx(51,16): error TS2786: 'AdminLayout' cannot be used as a JSX component.
  Its return type 'ReactNode | Promise<ReactNode>' is not a valid JSX element.
    Type 'undefined' is not assignable to type 'Element | null'.
src/presentation/router/AppRouter.tsx(72,16): error TS2786: 'ClienteLayout' cannot be used as a JSX component.
  Its return type 'ReactNode | Promise<ReactNode>' is not a valid JSX element.
    Type 'undefined' is not assignable to type 'Element | null'.
src/presentation/router/AppRouter.tsx(93,16): error TS2786: 'TecnicoLayout' cannot be used as a JSX component.
  Its return type 'ReactNode | Promise<ReactNode>' is not a valid JSX element.
    Type 'undefined' is not assignable to type 'Element | null'.
src/presentation/router/AppRouter.tsx(106,46): error TS2339: Property 'h1' does not exist on type 'JSX.IntrinsicElements'.
src/presentation/router/AppRouter.tsx(106,63): error TS2339: Property 'h1' does not exist on type 'JSX.IntrinsicElements'.
src/presentation/router/ProtectedRoute.tsx(1,26): error TS2792: Cannot find module 'react-router-dom'. Did you mean to set the 'moduleResolution' option to 'nodenext', or to add aliases to the 'paths' option?
src/presentation/router/ProtectedRoute.tsx(4,66): error TS2503: Cannot find namespace 'JSX'.
src/presentation/router/ProtectedRoute.tsx(9,7): error TS2339: Property 'div' does not exist on type 'JSX.IntrinsicElements'.
src/presentation/router/ProtectedRoute.tsx(10,9): error TS2339: Property 'div' does not exist on type 'JSX.IntrinsicElements'.
src/presentation/router/ProtectedRoute.tsx(11,11): error TS2339: Property 'div' does not exist on type 'JSX.IntrinsicElements'.
src/presentation/router/ProtectedRoute.tsx(11,106): error TS2339: Property 'div' does not exist on type 'JSX.IntrinsicElements'.
src/presentation/router/ProtectedRoute.tsx(12,11): error TS2339: Property 'p' does not exist on type 'JSX.IntrinsicElements'.
src/presentation/router/ProtectedRoute.tsx(12,51): error TS2339: Property 'p' does not exist on type 'JSX.IntrinsicElements'.
src/presentation/router/ProtectedRoute.tsx(13,9): error TS2339: Property 'div' does not exist on type 'JSX.IntrinsicElements'.
src/presentation/router/ProtectedRoute.tsx(14,7): error TS2339: Property 'div' does not exist on type 'JSX.IntrinsicElements'.
src/presentation/router/ProtectedRouteByRole.tsx(1,26): error TS2792: Cannot find module 'react-router-dom'. Did you mean to set the 'moduleResolution' option to 'nodenext', or to add aliases to the 'paths' option?
src/presentation/router/ProtectedRouteByRole.tsx(15,7): error TS2339: Property 'div' does not exist on type 'JSX.IntrinsicElements'.
src/presentation/router/ProtectedRouteByRole.tsx(16,9): error TS2339: Property 'div' does not exist on type 'JSX.IntrinsicElements'.
src/presentation/router/ProtectedRouteByRole.tsx(17,11): error TS2339: Property 'div' does not exist on type 'JSX.IntrinsicElements'.
src/presentation/router/ProtectedRouteByRole.tsx(17,106): error TS2339: Property 'div' does not exist on type 'JSX.IntrinsicElements'.
src/presentation/router/ProtectedRouteByRole.tsx(18,11): error TS2339: Property 'p' does not exist on type 'JSX.IntrinsicElements'.
src/presentation/router/ProtectedRouteByRole.tsx(18,51): error TS2339: Property 'p' does not exist on type 'JSX.IntrinsicElements'.
src/presentation/router/ProtectedRouteByRole.tsx(19,9): error TS2339: Property 'div' does not exist on type 'JSX.IntrinsicElements'.
src/presentation/router/ProtectedRouteByRole.tsx(20,7): error TS2339: Property 'div' does not exist on type 'JSX.IntrinsicElements'.
src/presentation/viewmodels/useAuthVM.ts(2,25): error TS2792: Cannot find module 'react-hook-form'. Did you mean to set the 'moduleResolution' option to 'nodenext', or to add aliases to the 'paths' option?
src/presentation/viewmodels/useAuthVM.ts(3,19): error TS2792: Cannot find module 'zod'. Did you mean to set the 'moduleResolution' option to 'nodenext', or to add aliases to the 'paths' option?
src/presentation/viewmodels/useAuthVM.ts(4,29): error TS2792: Cannot find module '@hookform/resolvers/zod'. Did you mean to set the 'moduleResolution' option to 'nodenext', or to add aliases to the 'paths' option?
src/presentation/viewmodels/useAuthVM.ts(6,29): error TS2792: Cannot find module 'react-router-dom'. Did you mean to set the 'moduleResolution' option to 'nodenext', or to add aliases to the 'paths' option?
src/utils/socket.ts(1,28): error TS2792: Cannot find module 'socket.io-client'. Did you mean to set the 'moduleResolution' option to 'nodenext', or to add aliases to the 'paths' option?
src/utils/socket.ts(37,23): error TS7006: Parameter 'error' implicitly has an 'any' type.
